[  0.9s] signals 20/83 tickers (24%)
[  1.5s] signals 40/83 tickers (48%)
[  2.1s] signals 60/83 tickers (72%)
[  2.8s] signals 80/83 tickers (96%)
[  2.9s] signals 83/83 tickers (100%)
[  3.0s] IS: 30,315 unique candidate ticker-days with signals; unconditional up rate 52.7%

=== STEP 1 · IS · direction to expiry: hit rate of the call vs the unconditional rate of that direction (pts) ===
  signal  up n  up hit%  up lift  down n  down hit%  down lift  all lift  coverage%  lift by year (vs that year's base) years +
    rsi2  3663     50.3     -2.4    4263       45.8       -1.5      -1.9       26.1  [-2.3, -1.5, -5.3, -2.4, 0.5, 1.5]     2/6
 streak3  3301     51.6     -1.2    3940       46.3       -1.0      -1.1       23.9  [-1.6, -1.9, -2.5, -2.2, 1.0, 2.3]     2/6
     clv  6218     52.2     -0.5    7311       48.8        1.6       0.6       44.6   [-1.1, 2.5, 1.4, -0.8, -0.7, 1.2]     3/6
   trend  5523     52.4     -0.4    3862       44.6       -2.7      -1.3       31.0 [-0.9, -2.6, -0.6, 0.6, -2.9, -5.4]     1/6
breakout  2087     54.5      1.8    1607       49.6        2.3       2.0       12.2   [-6.1, 0.2, 6.9, 7.0, -0.7, -4.4]     3/6
    macd  7914     55.0      2.3    8253       49.1        1.8       2.0       53.3     [0.2, 0.0, 7.2, 2.9, 0.3, -0.3]     4/6
  rs_spy  9211     53.9      1.2   10027       49.2        2.0       1.6       63.5     [3.0, 3.3, 2.5, 2.4, 0.7, -0.0]     5/6
     gap  2214     55.0      2.3    2283       48.5        1.2       1.7       14.8    [2.5, -0.4, -0.8, 5.6, 0.8, 4.2]     4/6
[  3.2s] selecting the canon book (full-session P_real, k=4, thr 0.005, fill 1.08)
[  5.0s] canon book 4,552 trades, win 43.8%, P&L/contract $6.73

=== STEP 2 · IS · canon book split by whether the signal agrees with the side sold (qty1, per contract) ===
book: n=4552  win=43.8%  pos=53.2%  $/tr=6.73  P&L=$30,655
  signal  AGREE n  AGREE win  AGREE pos  AGREE pnl_tr  AGREE yld  DISAGREE n  DISAGREE win  DISAGREE pos  DISAGREE pnl_tr  DISAGREE yld  no call n  no call win  no call pos  no call pnl_tr  no call yld           agree-disagree $/tr by year  drop DISAGREE: book P&L
    rsi2      443       42.9       50.3          1.38       1.90         721          44.0          53.8             6.83          9.78       3388         43.8         53.4            7.41        10.47   [-4.6, -22.6, -13.7, 5.0, 5.4, 2.5]                    25732
 streak3      430       43.7       51.9          4.38       6.05         635          44.1          54.0             7.10         10.31       3487         43.7         53.2            6.96         9.80  [-7.8, -24.8, -7.2, 16.7, -1.8, 7.6]                    26144
     clv      935       45.6       55.0          8.01      11.17        1116          42.8          51.1             4.68          6.81       2501         43.5         53.4            7.17        10.03   [14.8, -10.1, 16.6, -4.4, 4.0, 5.6]                    25431
   trend     1193       44.8       53.9          7.36       9.99         363          43.8          56.5            12.94         17.86       2996         43.4         52.5            5.73         8.24  [-7.6, -23.8, -6.9, 9.3, 1.5, -11.6]                    25958
breakout      387       44.7       53.7          7.16      10.29         150          37.3          48.0            -5.06         -7.17       4015         43.9         53.3            7.13        10.05 [-65.0, 39.5, 21.0, 11.4, 16.1, -6.2]                    31414
    macd     1126       42.7       53.2          7.12      10.54        1252          43.4          51.7             3.67          5.01       2174         44.5         54.0            8.30        11.66     [-3.9, 3.0, 15.3, -4.0, 2.9, 1.4]                    26056
  rs_spy     1568       44.5       54.6          7.37      10.60        1212          41.7          52.0             4.53          6.09       1772         44.5         52.7            7.68        11.04    [-5.0, 2.9, -0.7, -3.0, 15.5, 2.3]                    25162
     gap      270       48.5       55.2          5.56       8.46         329          42.6          54.4             5.11          7.52       3953         43.5         52.9            6.95         9.73      [7.6, 3.3, 1.2, 8.8, -5.1, -6.9]                    28974
[  5.3s] done
