bars 21/83 (25%)
bars 42/83 (51%)
bars 63/83 (76%)
bars 83/83 (100%)
  own-gap fit 2021: mean +0.0866 sd 0.5059 beta +0.1128  (1,782 stock-days)
  own-gap fit 2022: mean +0.0359 sd 0.4374 beta +0.0220  (6,727 stock-days)
  own-gap fit 2023: mean +0.0123 sd 0.4334 beta +0.0141  (13,307 stock-days)
  own-gap fit 2024: mean +0.0090 sd 0.4367 beta +0.0203  (18,199 stock-days)
  own-gap fit 2025: mean +0.0093 sd 0.4437 beta +0.0124  (23,461 stock-days)
  own-gap fit 2026: mean +0.0080 sd 0.4466 beta +0.0260  (29,383 stock-days)

own gap vs own move to expiry (sigma units):
 year    n  pooled_rank_ic  within_day_rank_ic  t_pooled  move_bottom_gap_q  move_top_gap_q
 2020 1782           0.124               0.001      5.21             -0.119           0.238
 2021 4945           0.036               0.018      2.55              0.097           0.133
 2022 6580           0.014               0.007      1.11             -0.158          -0.127
 2023 4892           0.057              -0.002      4.00              0.004           0.104
 2024 5262           0.009               0.004      0.67              0.137           0.088
 2025 5922           0.042               0.006      3.23             -0.211           0.024
 2026 4040          -0.024              -0.014     -1.53             -0.029          -0.052
evaluated canon
evaluated market gap
evaluated own gap

--- pnl ---
config      canon  market gap  own gap
period                                
2020         4645        4645     4645
2021         6009        5923     8687
2022         2785        4339     2905
2023         1067        2374     1584
2024         9559       10199     8933
2025         6589        7196     5702
2021-25     26010       30032    27811
IS 2020-25  30655       34677    32456
2026         4372        5241     4591

--- sh ---
config      canon  market gap  own gap
period                                
2020         2.26        2.26     2.26
2021         1.34        1.67     2.11
2022         1.11        1.51     1.09
2023         0.50        1.06     0.65
2024         2.30        2.52     2.32
2025         1.55        1.73     1.42
2021-25      1.24        1.54     1.46
IS 2020-25   1.37        1.55     1.51
2026         2.62        3.17     2.97

--- dd ---
config      canon  market gap  own gap
period                                
2020       -12.88      -12.88   -12.88
2021       -16.73       -9.56   -10.74
2022       -20.43      -24.29   -28.04
2023       -21.30      -17.08   -21.85
2024       -11.53      -11.00   -10.60
2025       -14.38      -11.55   -12.53
2021-25    -20.31      -16.62   -15.85
IS 2020-25 -16.11      -13.32   -12.88
2026        -4.24       -3.04    -3.99

--- win ---
config      canon  market gap  own gap
period                                
2020         45.1        45.1     45.1
2021         44.7        44.9     46.4
2022         43.2        44.7     43.8
2023         40.5        42.1     41.0
2024         44.5        45.5     44.2
2025         44.5        44.0     43.7
2021-25      43.7        44.4     44.0
IS 2020-25   43.8        44.4     44.1
2026         41.9        43.6     42.5

--- n ---
config      canon  market gap  own gap
period                                
2020          355         355      355
2021          880         868      887
2022          872         900      880
2023          656         662      654
2024          923         930      920
2025          866         871      865
2021-25      4197        4231     4206
IS 2020-25   4552        4586     4561
2026          594         594      593
