[   1.3s] candidates scored: 41,871
[   2.4s] features 21/83 tickers (25%)
[   3.4s] features 42/83 tickers (51%)
[   4.4s] features 63/83 tickers (76%)
[   5.4s] features 83/83 tickers (100%)
[   5.8s] features merged; coverage 92.4% of candidates
: n=4554  qty1 $40,842 (+308.4%, Sh(wk) +1.38, DD -16.1%)  qty2 $71,684 (+616.8%, Sh(wk) +1.34, DD -20.7%)
: n=594  qty1 $14,372 (+43.7%, Sh(wk) +2.62, DD -4.2%)  qty2 $18,744 (+87.4%, Sh(wk) +2.60, DD -7.1%)
[   9.2s] reproduction: IS 4554 trades $30,842 (published 4,552 / $30,655); OOT 594 $4,372 (594 / $4,372)

BASELINE canon book by period:
           n      pnl   win   yld    sh     dd
DISC  4554.0  30842.0  43.8  9.56  1.38 -16.08
OOT    594.0   4372.0  41.9  9.94  2.62  -4.24
[  11.3s] entry dates with no Yahoo bar (no peer value): ['2026-01-01', '2026-01-05', '2026-01-06', '2026-01-07', '2026-01-08', '2026-01-12', '2026-01-13', '2026-01-14', '2026-01-15', '2026-01-19', '2026-01-20', '2026-01-21', '2026-01-22', '2026-01-26', '2026-01-27', '2026-01-28', '2026-01-29', '2026-02-02', '2026-02-03', '2026-02-04', '2026-02-05', '2026-02-09', '2026-02-10', '2026-02-11', '2026-02-12', '2026-02-16', '2026-02-17', '2026-02-18', '2026-02-19', '2026-02-23', '2026-02-24', '2026-02-25', '2026-02-26', '2026-03-02', '2026-03-03', '2026-03-04', '2026-03-05', '2026-03-09', '2026-03-10', '2026-03-11', '2026-03-12', '2026-03-16', '2026-03-17', '2026-03-18', '2026-03-19', '2026-03-23', '2026-03-24', '2026-03-25', '2026-03-26', '2026-04-06', '2026-04-07', '2026-04-08', '2026-04-09', '2026-04-13', '2026-04-14', '2026-04-15', '2026-04-16', '2026-04-20', '2026-04-21', '2026-04-22', '2026-04-23', '2026-04-27', '2026-04-28', '2026-04-29', '2026-04-30', '2026-05-04', '2026-05-05', '2026-05-06', '2026-05-07', '2026-05-11', '2026-05-12', '2026-05-13', '2026-05-14']
[  12.8s] peer groups 300/1098 dates (27%)
[  14.1s] peer groups 600/1098 dates (55%)
[  15.5s] peer groups 900/1098 dates (82%)
[  16.3s] peer groups 1098/1098 dates (100%)
[  16.5s] peer coverage 92.4% of candidates
[  16.6s] fast book reproduces canon IS: 4554 trades $30,842
[  17.0s] scored 508 rules on IS
[  18.0s] extra features 28/83 tickers (34%)
[  19.0s] extra features 56/83 tickers (67%)
[  20.0s] extra features 83/83 tickers (100%)
[  20.3s] 70 features; eligible per day: median 7, days with > 5 eligible 63%, surplus candidates 3,538 (the only room any filter has to swap trades)
[  22.2s] vectorised P_real vs canon p_real: max abs diff 0.00e+00
[  22.3s] vectorised P_real reproduces canon exactly
[  22.5s] daily sigma available for 99.7% of candidates
[  22.7s] 41 market features; candidates matched to a market date: 92.4% (2026 gap excluded anyway)
[  23.4s] gap from fresh bars vs existing features, 2025-03..12: n=17302, median abs diff 0.0000, corr 1.0000
[  23.4s] 2026 candidates with a market gap value: 97.6%
[  23.4s] canon 2026 reproduced: 594 trades $4,372 (published 594 / $4,372)
[  23.4s] mkt_gap: frozen beta +0.0537 sigma per z (IS n=29,383)
: n=595  qty1 $15,293 (+52.9%, Sh(wk) +3.17, DD -3.6%)  qty2 $20,586 (+105.9%, Sh(wk) +3.10, DD -6.9%)
: n=594  qty1 $14,372 (+43.7%, Sh(wk) +2.62, DD -4.2%)  qty2 $18,744 (+87.4%, Sh(wk) +2.60, DD -7.1%)
: n=594  qty1 $14,077 (+40.8%, Sh(wk) +1.89, DD -7.7%)  qty2 $18,154 (+81.5%, Sh(wk) +1.90, DD -14.7%)
: n=594  qty1 $14,372 (+43.7%, Sh(wk) +2.62, DD -4.2%)  qty2 $18,744 (+87.4%, Sh(wk) +2.60, DD -7.1%)
[  25.4s] mkt_spy_gapz: frozen beta +0.0375 sigma per z (IS n=29,383)
: n=596  qty1 $13,200 (+32.0%, Sh(wk) +1.70, DD -8.6%)  qty2 $16,400 (+64.0%, Sh(wk) +1.75, DD -14.7%)
: n=594  qty1 $14,372 (+43.7%, Sh(wk) +2.62, DD -4.2%)  qty2 $18,744 (+87.4%, Sh(wk) +2.60, DD -7.1%)
: n=596  qty1 $15,013 (+50.1%, Sh(wk) +2.60, DD -5.1%)  qty2 $20,026 (+100.3%, Sh(wk) +2.60, DD -8.1%)
: n=594  qty1 $14,372 (+43.7%, Sh(wk) +2.62, DD -4.2%)  qty2 $18,744 (+87.4%, Sh(wk) +2.60, DD -7.1%)
: n=594  qty1 $14,372 (+43.7%, Sh(wk) +2.62, DD -4.2%)  qty2 $18,744 (+87.4%, Sh(wk) +2.60, DD -7.1%)

=== 2026 (Jan 1 - Aug 20 entries), frozen IS fit. canon: n 594 P&L $4,372 win 41.9 yield 9.94 Sh 2.62 DD -4.24, bull_put share 79.5% ===
    forecast  gamma   n  pnl  win   yld   sh    dd  dPnL   dSh  new_trades  bull_put_share
     mkt_gap    1.0 595 5293 43.7 11.86 3.17 -3.62   921  0.55         108            77.5
     mkt_gap    3.0 594 4077 44.6  9.04 1.89 -7.67  -295 -0.73         201            67.0
mkt_spy_gapz    1.0 596 3200 40.8  7.13 1.70 -8.61 -1172 -0.92         102            77.0
mkt_spy_gapz    3.0 596 5013 43.6 11.19 2.60 -5.06   641 -0.02         192            69.1
[  28.0s] done
mkt_gap by year (per date):  {2019: {'mean': nan, 'std': nan, 'count': 0}, 2020: {'mean': 0.025, 'std': 0.407, 'count': 234}, 2021: {'mean': 0.032, 'std': 0.216, 'count': 252}, 2022: {'mean': -0.018, 'std': 0.266, 'count': 251}, 2023: {'mean': 0.003, 'std': 0.196, 'count': 250}, 2024: {'mean': 0.026, 'std': 0.197, 'count': 252}, 2025: {'mean': 0.008, 'std': 0.191, 'count': 250}, 2026: {'mean': 0.016, 'std': 0.162, 'count': 177}}
2026 mkt_gap by month: {1: {'mean': -0.003, 'std': 0.145, 'count': 20}, 2: {'mean': -0.01, 'std': 0.108, 'count': 19}, 3: {'mean': -0.037, 'std': 0.274, 'count': 22}, 4: {'mean': 0.041, 'std': 0.182, 'count': 21}, 5: {'mean': 0.027, 'std': 0.104, 'count': 20}, 6: {'mean': 0.049, 'std': 0.121, 'count': 21}, 7: {'mean': 0.051, 'std': 0.148, 'count': 22}, 8: {'mean': 0.021, 'std': 0.133, 'count': 21}, 9: {'mean': 0.0, 'std': 0.169, 'count': 11}}
IS 2022-25 eligible per day 7.11  candidates within 20% of THR: 7.4 %  SDD median 0.0164  DSESS mean 2.74
2026 eligible per day 9.77  candidates within 20% of THR: 7.6 %  SDD median 0.0178  DSESS mean 2.66
