[   2.2s] candidates scored: 41,871
[   3.9s] features 21/83 tickers (25%)
[   5.6s] features 42/83 tickers (51%)
[   7.3s] features 63/83 tickers (76%)
[   8.8s] features 83/83 tickers (100%)
[   9.4s] features merged; coverage 92.4% of candidates
: n=4554  qty1 $40,842 (+308.4%, Sh(wk) +1.38, DD -16.1%)  qty2 $71,684 (+616.8%, Sh(wk) +1.34, DD -20.7%)
: n=594  qty1 $14,372 (+43.7%, Sh(wk) +2.62, DD -4.2%)  qty2 $18,744 (+87.4%, Sh(wk) +2.60, DD -7.1%)
[  14.7s] reproduction: IS 4554 trades $30,842 (published 4,552 / $30,655); OOT 594 $4,372 (594 / $4,372)

BASELINE canon book by period:
           n      pnl   win   yld    sh     dd
DISC  4554.0  30842.0  43.8  9.56  1.38 -16.08
OOT    594.0   4372.0  41.9  9.94  2.62  -4.24
[  17.8s] entry dates with no Yahoo bar (no peer value): ['2026-01-01', '2026-01-05', '2026-01-06', '2026-01-07', '2026-01-08', '2026-01-12', '2026-01-13', '2026-01-14', '2026-01-15', '2026-01-19', '2026-01-20', '2026-01-21', '2026-01-22', '2026-01-26', '2026-01-27', '2026-01-28', '2026-01-29', '2026-02-02', '2026-02-03', '2026-02-04', '2026-02-05', '2026-02-09', '2026-02-10', '2026-02-11', '2026-02-12', '2026-02-16', '2026-02-17', '2026-02-18', '2026-02-19', '2026-02-23', '2026-02-24', '2026-02-25', '2026-02-26', '2026-03-02', '2026-03-03', '2026-03-04', '2026-03-05', '2026-03-09', '2026-03-10', '2026-03-11', '2026-03-12', '2026-03-16', '2026-03-17', '2026-03-18', '2026-03-19', '2026-03-23', '2026-03-24', '2026-03-25', '2026-03-26', '2026-04-06', '2026-04-07', '2026-04-08', '2026-04-09', '2026-04-13', '2026-04-14', '2026-04-15', '2026-04-16', '2026-04-20', '2026-04-21', '2026-04-22', '2026-04-23', '2026-04-27', '2026-04-28', '2026-04-29', '2026-04-30', '2026-05-04', '2026-05-05', '2026-05-06', '2026-05-07', '2026-05-11', '2026-05-12', '2026-05-13', '2026-05-14']
[  19.8s] peer groups 300/1098 dates (27%)
[  21.8s] peer groups 600/1098 dates (55%)
[  23.8s] peer groups 900/1098 dates (82%)
[  25.2s] peer groups 1098/1098 dates (100%)
[  25.4s] peer coverage 92.4% of candidates
[  25.5s] fast book reproduces canon IS: 4554 trades $30,842
[  26.2s] scored 508 rules on IS
[  27.8s] extra features 28/83 tickers (34%)
[  29.3s] extra features 56/83 tickers (67%)
[  30.8s] extra features 83/83 tickers (100%)
[  31.2s] 70 features; eligible per day: median 7, days with > 5 eligible 63%, surplus candidates 3,538 (the only room any filter has to swap trades)
[  34.1s] vectorised P_real vs canon p_real: max abs diff 0.00e+00
[  34.3s] vectorised P_real reproduces canon exactly
[  34.6s] 41 market features; candidates matched to a market date: 92.4% (2026 gap excluded anyway)
[  83.9s] rolling 6m: scored 174 variants
[ 134.0s] rolling 12m: scored 174 variants

=== rolling-slope TA forecast -> P_real, test 2022-25 (canon 3318 trades $20,135); 348 variants ===
     model  months  gamma  dPnL    t  yrs_up    n  n_base  side_switch                        yrs
     hhll5      12    3.0  8336 1.42       3 3700    3318         1512  [5073, 3064, -1296, 1495]
    macd_h      12    3.0 11037 1.32       2 3738    3318         1975  [6576, 6768, -692, -1615]
     xs20z       6    1.0  5003 1.28       3 3457    3318          864     [2429, 1750, -50, 874]
     xs20z      12    1.0  3548 1.13       3 3399    3318          547     [3111, 897, 253, -713]
    macd_h       6    1.0  6900 1.11       3 3631    3318         1305  [6456, 2228, 1855, -3639]
mkt_macd_h       6    1.0  6551 0.97       3 3557    3318         1225   [6967, 2188, 548, -3152]
     ret5z      12    3.0  6593 0.95       2 3723    3318         1824 [3235, 7388, -1885, -2145]
   stoch14      12    3.0  6135 0.87       3 3750    3318         1910    [-499, 4884, 1222, 528]
   mkt_gap      12    1.0  3315 0.84       4 3376    3318          636      [560, 226, 242, 2287]
      wick      12    3.0  3674 0.82       3 3447    3318         1257   [1032, -193, 1020, 1815]
     ret5z      12    1.0  3415 0.78       3 3564    3318          979     [505, 3019, 260, -369]
    macd_h      12    1.0  4565 0.77       3 3628    3318         1184  [3119, 3997, 1114, -3665]
  mkt_on1z       6    1.0  2778 0.73       2 3370    3318          686   [3431, -829, -999, 1175]
      xq5z      12    1.0  2144 0.70       2 3392    3318          697   [1705, -405, 1472, -628]
mkt_macd_h       6    3.0  5866 0.69       2 3679    3318         1816 [7699, 2262, -1441, -2654]
 spy_ret5z       6    1.0  3938 0.69       3 3467    3318         1035     [-705, 2864, 1685, 94]
      on5z       6    3.0  4359 0.67       3 3636    3318         1880  [4448, 2270, 2862, -5221]
mkt_engulf       6    1.0  2217 0.67       2 3390    3318          682   [4641, -717, 124, -1831]
     hhll5       6    1.0  2993 0.66       3 3495    3318          985   [-1506, 153, 2251, 2095]
   mkt_gap       6    1.0  3036 0.64       2 3392    3318          803  [-394, 2115, -1519, 2834]
mkt_engulf      12    1.0  1920 0.62       1 3391    3318          644  [5446, -458, -621, -2447]
    ret10z       6    1.0  3125 0.56       2 3584    3318         1272  [1524, 4758, -139, -3018]
      xs5z       6    1.0  1718 0.55       2 3441    3318          774   [1792, -44, 1928, -1958]
      on5z       6    1.0  2473 0.54       3 3515    3318         1065  [3289, 1278, 1774, -3868]
      on5z      12    3.0  3204 0.51       3 3667    3318         1776  [2104, 2984, 1448, -3332]
    mkt_di       6    1.0  3594 0.51       3 3488    3318         1370  [1655, 1849, 1867, -1777]
      pctb      12    3.0  3859 0.51       2 3754    3318         2023  [1398, 4575, -1752, -362]
mkt_macd_h      12    3.0  4311 0.50       2 3673    3318         1712 [4424, 2272, -1195, -1190]
    ret20z       6    3.0  3623 0.50       3 3715    3318         2142  [1378, 2561, -3426, 3110]
 mkt_hhll5       6    1.0  2783 0.50       2 3472    3318         1058   [2212, 1459, -669, -219]

share of variants with dPnL > 0: 0.264  with all 4 years up: 3
[ 134.0s] done
