[   1.3s] candidates scored: 41,871
[   2.3s] features 21/83 tickers (25%)
[   3.3s] features 42/83 tickers (51%)
[   4.3s] features 63/83 tickers (76%)
[   5.4s] features 83/83 tickers (100%)
[   5.9s] features merged; coverage 92.4% of candidates
: n=4554  qty1 $40,842 (+308.4%, Sh(wk) +1.38, DD -16.1%)  qty2 $71,684 (+616.8%, Sh(wk) +1.34, DD -20.7%)
: n=594  qty1 $14,372 (+43.7%, Sh(wk) +2.62, DD -4.2%)  qty2 $18,744 (+87.4%, Sh(wk) +2.60, DD -7.1%)
[  10.2s] reproduction: IS 4554 trades $30,842 (published 4,552 / $30,655); OOT 594 $4,372 (594 / $4,372)

BASELINE canon book by period:
           n      pnl   win   yld    sh     dd
DISC  4554.0  30842.0  43.8  9.56  1.38 -16.08
OOT    594.0   4372.0  41.9  9.94  2.62  -4.24
[  12.9s] entry dates with no Yahoo bar (no peer value): ['2026-01-01', '2026-01-05', '2026-01-06', '2026-01-07', '2026-01-08', '2026-01-12', '2026-01-13', '2026-01-14', '2026-01-15', '2026-01-19', '2026-01-20', '2026-01-21', '2026-01-22', '2026-01-26', '2026-01-27', '2026-01-28', '2026-01-29', '2026-02-02', '2026-02-03', '2026-02-04', '2026-02-05', '2026-02-09', '2026-02-10', '2026-02-11', '2026-02-12', '2026-02-16', '2026-02-17', '2026-02-18', '2026-02-19', '2026-02-23', '2026-02-24', '2026-02-25', '2026-02-26', '2026-03-02', '2026-03-03', '2026-03-04', '2026-03-05', '2026-03-09', '2026-03-10', '2026-03-11', '2026-03-12', '2026-03-16', '2026-03-17', '2026-03-18', '2026-03-19', '2026-03-23', '2026-03-24', '2026-03-25', '2026-03-26', '2026-04-06', '2026-04-07', '2026-04-08', '2026-04-09', '2026-04-13', '2026-04-14', '2026-04-15', '2026-04-16', '2026-04-20', '2026-04-21', '2026-04-22', '2026-04-23', '2026-04-27', '2026-04-28', '2026-04-29', '2026-04-30', '2026-05-04', '2026-05-05', '2026-05-06', '2026-05-07', '2026-05-11', '2026-05-12', '2026-05-13', '2026-05-14']
[  14.7s] peer groups 300/1098 dates (27%)
[  16.5s] peer groups 600/1098 dates (55%)
[  18.4s] peer groups 900/1098 dates (82%)
[  19.6s] peer groups 1098/1098 dates (100%)
[  19.8s] peer coverage 92.4% of candidates
[  19.9s] fast book reproduces canon IS: 4554 trades $30,842
[  20.5s] scored 508 rules on IS
[  21.8s] extra features 28/83 tickers (34%)
[  23.1s] extra features 56/83 tickers (67%)
[  24.4s] extra features 83/83 tickers (100%)
[  24.8s] 70 features; eligible per day: median 7, days with > 5 eligible 63%, surplus candidates 3,538 (the only room any filter has to swap trades)
[  27.4s] vectorised P_real vs canon p_real: max abs diff 0.00e+00
[  27.5s] vectorised P_real reproduces canon exactly
[  27.7s] daily sigma available for 99.7% of candidates
[  28.0s] 41 market features; candidates matched to a market date: 92.4% (2026 gap excluded anyway)
[  60.8s] scored 126 market-forecast variants on 2022-25
[ 629.9s] null 20/100 (20%)
[1150.1s] null 40/100 (40%)
[1642.5s] null 60/100 (60%)
[2136.2s] null 80/100 (80%)
[2641.0s] null 100/100 (100%)

=== market TA forecast -> P_real, test 2022-25 (canon 3318 trades $20,135); 126 variants; null (date shift) max t median 1.22, 95th 2.11 ===
         model  gamma  dPnL     t  yrs_up    n  n_base  side_switch                        yrs  p_fwer
       mkt_gap    1.0  4108  1.75       4 3364    3318          444     [1554, 1307, 640, 607]    0.12
       mkt_gap    3.0  5749  1.38       4 3398    3318          887    [1924, 2135, 512, 1178]    0.33
       mkt_gap   10.0  6095  0.94       3 3560    3318         1684    [3125, 3021, -636, 585]    0.80
    mkt_hammer    3.0  2806  0.76       3 3433    3318          687   [2375, 1075, -1298, 654]    0.93
    mkt_hammer    1.0  1968  0.75       1 3340    3318          349   [2814, -280, -428, -138]    0.94
      mkt_wick    1.0  2314  0.73       2 3375    3318          488     [2180, 586, -78, -374]    0.95
     mkt_ret2z    3.0  2923  0.64       3 3431    3318          881      [84, 2193, 808, -162]    0.95
  mkt_spy_gapz    3.0  2028  0.60       4 3363    3318          535        [458, 85, 1456, 29]    0.96
  mkt_spy_gapz    1.0   831  0.53       3 3324    3318          212      [160, -305, 562, 414]    0.97
      mkt_xq5z    1.0  2349  0.47       2 3435    3318          841    [3035, 148, -351, -483]    0.99
    mkt_skew60    3.0  2365  0.39       2 3440    3318         1062 [3293, 1966, -1008, -1886]    0.99
    mkt_hammer   10.0  1787  0.35       2 3562    3318         1213   [4181, 281, -510, -2165]    0.99
      mkt_on1z    3.0  1720  0.34       3 3453    3318         1004   [1179, 1336, -1066, 271]    1.00
      mkt_xs5z    1.0   963  0.17       1 3441    3318          985 [3644, -1125, -1205, -351]    1.00
mkt_macd_slope   10.0  1072  0.16       2 3533    3318         1216   [365, 2414, -1117, -590]    1.00
      mkt_xq5z    3.0  1079  0.15       1 3597    3318         1458  [3397, -475, -433, -1410]    1.00
      mkt_wick   10.0   341  0.06       2 3640    3318         1626   [1606, 788, -513, -1540]    1.00
       mkt_clv    3.0   313  0.06       2 3519    3318         1282 [1516, 3539, -1017, -3725]    1.00
    mkt_skew60    1.0   143  0.04       3 3357    3318          450    [1713, 433, 187, -2190]    1.00
 mkt_spy_ret1z    3.0   179  0.04       1 3496    3318         1251 [5309, -301, -1972, -2857]    1.00
      mkt_xq5z   10.0   258  0.03       2 3706    3318         2054  [4624, 705, -2611, -2460]    1.00
    mkt_streak    1.0    55  0.02       3 3343    3318          439    [1117, 346, 551, -1959]    1.00
      mkt_wick    3.0    29  0.01       3 3493    3318          936     [694, 935, 367, -1967]    1.00
    mkt_skew60   10.0   -47 -0.01       2 3682    3318         1952 [1824, 2889, -1760, -3000]    1.00
  mkt_spy_gapz   10.0   -74 -0.01       1 3458    3318         1153   [-41, -1924, -601, 2492]    1.00
[2641.0s] done
