[   1.3s] candidates scored: 41,871
[   5.8s] features merged; coverage 92.4% of candidates
[   8.9s] reproduction: IS 4554 trades $30,842 (published 4,552 / $30,655); OOT 594 $4,372 (594 / $4,372)

BASELINE canon book by period:
           n      pnl   win   yld    sh     dd
DISC  4554.0  30842.0  43.8  9.56  1.38 -16.08
OOT    594.0   4372.0  41.9  9.94  2.62  -4.24

=== SCREEN (is: 8,092 eligible candidates): 146 rules tested, 4 pass t <= -2 AND vetoed worse in >= 5 of 6 years ===
     feat       grp     lab op      thr  n_veto  veto_pnl  rest_pnl   diff     t                                     yrs
atr_ratio bear_call top 10% >= 1.269467     181     -9.26      3.12 -12.38 -2.59 [-2.5, -13.8, -17.1, -19.2, 4.8, -14.0]
  bbw_pct bear_call top 20% >= 0.866667     362     -5.82      3.81  -9.62 -2.58 [-44.8, -19.6, -4.1, -13.3, 0.1, -21.7]
    clv_s       all top 20% >= 0.333277    1619      2.05      7.51  -5.46 -2.47    [-11.6, -5.9, -9.9, 1.3, -1.3, -7.0]
   pctb_s       all top 20% >= 0.360394    1619      2.86      7.30  -4.44 -2.03    [-24.2, 3.6, -5.2, -5.7, -6.5, -2.9]
[  14.0s] replayed rule 1/4 (25%): atr_ratio bear_call >= 1.27  PASS=True
[  16.9s] replayed rule 2/4 (50%): bbw_pct bear_call >= 0.867  PASS=True
[  19.8s] replayed rule 3/4 (75%): clv_s all >= 0.333  PASS=False
[  22.8s] replayed rule 4/4 (100%): pctb_s all >= 0.36  PASS=True

=== REPLAY with refill: change vs baseline (qty1 P&L $, weekly Sharpe, maxDD pts, win pts) ===
                       rule  DISC dP&L  DISC dSh  DISC dDD  DISC dWin  OOT dP&L  OOT dSh  OOT dDD  OOT dWin  disc ok  PASS
atr_ratio bear_call >= 1.27       1094      0.02       0.9        0.2       436     0.24      0.0       1.0     True  True
 bbw_pct bear_call >= 0.867       2496      0.05      -0.6        0.5       519     0.27      0.0       0.7     True  True
         clv_s all >= 0.333       -629      0.04       0.2        0.3       -97    -0.09      0.0      -0.6    False False
         pctb_s all >= 0.36       1435      0.10      -0.7        0.3      -923    -0.60      0.0      -1.4     True  True

=== COMBINED veto of all 3 passing rules ===
     baseline                                   combined                                   
            n      pnl   win   yld    sh     dd        n      pnl   win    yld    sh     dd
DISC   4554.0  30842.0  43.8  9.56  1.38 -16.08   4092.0  34925.0  44.8  11.66  1.54 -18.42
OOT     594.0   4372.0  41.9  9.94  2.62  -4.24    571.0   4014.0  41.2   9.52  2.31  -4.24
[  25.6s] done
