[   1.3s] candidates scored: 41,871
[   2.4s] features 21/83 tickers (25%)
[   3.4s] features 42/83 tickers (51%)
[   4.5s] features 63/83 tickers (76%)
[   5.5s] features 83/83 tickers (100%)
[   5.9s] features merged; coverage 92.4% of candidates
: n=4554  qty1 $40,842 (+308.4%, Sh(wk) +1.38, DD -16.1%)  qty2 $71,684 (+616.8%, Sh(wk) +1.34, DD -20.7%)
: n=594  qty1 $14,372 (+43.7%, Sh(wk) +2.62, DD -4.2%)  qty2 $18,744 (+87.4%, Sh(wk) +2.60, DD -7.1%)
[   9.3s] reproduction: IS 4554 trades $30,842 (published 4,552 / $30,655); OOT 594 $4,372 (594 / $4,372)

BASELINE canon book by period:
           n      pnl   win   yld    sh     dd
DISC  4554.0  30842.0  43.8  9.56  1.38 -16.08
OOT    594.0   4372.0  41.9  9.94  2.62  -4.24
[  11.5s] entry dates with no Yahoo bar (no peer value): ['2026-01-01', '2026-01-05', '2026-01-06', '2026-01-07', '2026-01-08', '2026-01-12', '2026-01-13', '2026-01-14', '2026-01-15', '2026-01-19', '2026-01-20', '2026-01-21', '2026-01-22', '2026-01-26', '2026-01-27', '2026-01-28', '2026-01-29', '2026-02-02', '2026-02-03', '2026-02-04', '2026-02-05', '2026-02-09', '2026-02-10', '2026-02-11', '2026-02-12', '2026-02-16', '2026-02-17', '2026-02-18', '2026-02-19', '2026-02-23', '2026-02-24', '2026-02-25', '2026-02-26', '2026-03-02', '2026-03-03', '2026-03-04', '2026-03-05', '2026-03-09', '2026-03-10', '2026-03-11', '2026-03-12', '2026-03-16', '2026-03-17', '2026-03-18', '2026-03-19', '2026-03-23', '2026-03-24', '2026-03-25', '2026-03-26', '2026-04-06', '2026-04-07', '2026-04-08', '2026-04-09', '2026-04-13', '2026-04-14', '2026-04-15', '2026-04-16', '2026-04-20', '2026-04-21', '2026-04-22', '2026-04-23', '2026-04-27', '2026-04-28', '2026-04-29', '2026-04-30', '2026-05-04', '2026-05-05', '2026-05-06', '2026-05-07', '2026-05-11', '2026-05-12', '2026-05-13', '2026-05-14']
[  12.9s] peer groups 300/1098 dates (27%)
[  14.2s] peer groups 600/1098 dates (55%)
[  15.5s] peer groups 900/1098 dates (82%)
[  16.5s] peer groups 1098/1098 dates (100%)
[  16.6s] peer coverage 92.4% of candidates
[  16.7s] fast book reproduces canon IS: 4554 trades $30,842
[  17.1s] scored 508 rules on IS
[  18.2s] extra features 28/83 tickers (34%)
[  19.2s] extra features 56/83 tickers (67%)
[  20.2s] extra features 83/83 tickers (100%)
[  20.4s] 70 features; eligible per day: median 7, days with > 5 eligible 63%, surplus candidates 3,538 (the only room any filter has to swap trades)
[  21.0s] B: scored 284 tilts
[  21.4s] C: out-of-sample rank IC of pnl model vs realized per-contract P&L, 2022-25 eligible pool: +0.011
[  21.4s] C: out-of-sample rank IC of move model vs realized per-contract P&L, 2022-25 eligible pool: +0.003
[  32.7s] null 10/200 (5%)
[  44.3s] null 20/200 (10%)
[  55.9s] null 30/200 (15%)
[  67.6s] null 40/200 (20%)
[  79.4s] null 50/200 (25%)
[  91.3s] null 60/200 (30%)
[ 103.1s] null 70/200 (35%)
[ 116.3s] null 80/200 (40%)
[ 128.7s] null 90/200 (45%)
[ 140.7s] null 100/200 (50%)
[ 152.6s] null 110/200 (55%)
[ 164.7s] null 120/200 (60%)
[ 176.4s] null 130/200 (65%)
[ 188.4s] null 140/200 (70%)
[ 200.2s] null 150/200 (75%)
[ 212.2s] null 160/200 (80%)
[ 224.1s] null 170/200 (85%)
[ 235.9s] null 180/200 (90%)
[ 247.7s] null 190/200 (95%)
[ 259.6s] null 200/200 (100%)

=== B. single-feature tilt, IS 2020-25: 284 tilts. Null max t: median 1.87, 95th 2.55 ===
        feat  beta  dPnL    t  yrs_up  swapped                                 yrs  p_fwer
   side_only   0.5  6031 2.42       4      319  [832, -578, 1054, -22, 2742, 2003]   0.090
    adx14_xs   0.5  6273 2.08       4      519   [695, -659, 1441, -4, 2560, 2239]   0.305
     rv20_xs   0.2  3583 1.77       4      290  [514, -270, -258, 400, 1732, 1466]   0.595
atr_ratio_xs   0.5  4664 1.71       4      429 [1563, -506, 177, -461, 2603, 1288]   0.660
   rv5_20_xs   0.5  4559 1.64       4      514    [885, -332, 3, -362, 2910, 1456]   0.725
   stoch14_s   0.5  5230 1.63       5      677   [-498, 2223, 476, 957, 1522, 550]   0.745
      on1z_s   0.5  4021 1.54       4      578  [731, -315, 1769, 578, -566, 1823]   0.835
peer_ret5z_s   0.2  3044 1.52       5      281     [-390, 1514, 16, 937, 489, 479]   0.845
peer_ret1z_s   0.2  2888 1.39       5      272  [769, 288, -1841, 1020, 803, 1849]   0.930
     hhll5_s  -0.2  2996 1.33       3      361     [867, -31, -8, -797, 952, 2013]   0.950
      xs5z_s   0.2  2518 1.31       6      329        [2, 461, 893, 480, 165, 516]   0.960
     rv20_xs   0.5  3426 1.20       5      529  [875, -1963, 867, 395, 1397, 1855]   0.985
    rsi14c_s   0.5  3842 1.14       5      693    [-172, 1682, 703, 819, 114, 696]   0.995
 spy_ret1z_s   0.2  1619 1.12       5      148    [315, 618, -1390, 805, 765, 506]   0.995
 spy_ret5z_s  -0.5  2409 1.11       5      306        [966, -95, 837, 1, 257, 443]   0.995
    adx14_xs   0.2  2165 1.08       3      276 [617, -732, -650, -391, 1732, 1590]   0.995
atr_ratio_xs   0.2  1929 1.02       4      257     [801, -143, 25, -182, 541, 887]   1.000
 spy_rsi2c_s  -0.5  2214 1.02       4      319   [392, -519, 2528, 137, -460, 137]   1.000
      xi5z_s  -0.5  2863 1.01       4      645  [197, -1444, -269, 515, 3380, 484]   1.000
adverse20_xs  -0.5  2901 1.00       5      532   [680, -1991, 598, 505, 754, 2355]   1.000

control, side preference only (no indicator):
     feat  beta  dPnL     t  yrs_up  swapped                                  yrs  p_fwer
side_only  -0.5 -4103 -1.19       2      463 [-684, -115, 622, 407, -1980, -2354]    1.00
side_only  -0.2 -2671 -1.31       3      233   [31, 360, -278, 137, -1197, -1723]    1.00
side_only   0.2  1820  0.98       4      199    [650, -376, -611, 234, 1252, 672]    1.00
side_only   0.5  6031  2.42       4      319   [832, -578, 1054, -22, 2742, 2003]    0.09

=== C. walk-forward ridge, all 70 features, test years 2022-25 only. Null max t: median 0.65, 95th 1.53 ===
            variant  dPnL_2022_25     t  yrs_up  swapped                         yrs  p_fwer
  pnl tilt beta 0.5          1738  0.62       2      510     [1860, -475, -559, 912]   0.510
  pnl tilt beta 1.0           660  0.20       2      681     [1456, 285, -621, -460]   0.810
 move tilt beta 0.5           571  0.20       2      458  [1511, -1078, 1461, -1322]   0.810
move tilt beta 0.25           350  0.16       2      281     [1295, -947, 756, -755]   0.825
 pnl tilt beta 0.25            31  0.01       2      322       [1075, -559, 3, -488]   0.890
move veto worst 10%          -236 -0.11       3      232      [174, 131, 564, -1104]   0.925
 move tilt beta 1.0         -1337 -0.39       1      652  [1969, -1287, -314, -1706]   0.975
 pnl veto worst 20%         -3663 -1.28       0      495   [-958, -630, -1778, -297]   1.000
 pnl veto worst 10%         -2173 -1.30       0      236    [-278, -580, -955, -360]   1.000
move veto worst 20%         -5374 -1.61       1      486 [-3112, -1298, 1076, -2040]   1.000
[ 259.6s] done
