[   4.1s] candidates scored: 41,871
[   7.3s] features 21/83 tickers (25%)
[  10.4s] features 42/83 tickers (51%)
[  14.1s] features 63/83 tickers (76%)
[  19.3s] features 83/83 tickers (100%)
[  20.9s] features merged; coverage 92.4% of candidates
: n=4554  qty1 $40,842 (+308.4%, Sh(wk) +1.38, DD -16.1%)  qty2 $71,684 (+616.8%, Sh(wk) +1.34, DD -20.7%)
: n=594  qty1 $14,372 (+43.7%, Sh(wk) +2.62, DD -4.2%)  qty2 $18,744 (+87.4%, Sh(wk) +2.60, DD -7.1%)
[  34.8s] reproduction: IS 4554 trades $30,842 (published 4,552 / $30,655); OOT 594 $4,372 (594 / $4,372)

BASELINE canon book by period:
           n      pnl   win   yld    sh     dd
DISC  4554.0  30842.0  43.8  9.56  1.38 -16.08
OOT    594.0   4372.0  41.9  9.94  2.62  -4.24
[  41.1s] entry dates with no Yahoo bar (no peer value): ['2026-01-01', '2026-01-05', '2026-01-06', '2026-01-07', '2026-01-08', '2026-01-12', '2026-01-13', '2026-01-14', '2026-01-15', '2026-01-19', '2026-01-20', '2026-01-21', '2026-01-22', '2026-01-26', '2026-01-27', '2026-01-28', '2026-01-29', '2026-02-02', '2026-02-03', '2026-02-04', '2026-02-05', '2026-02-09', '2026-02-10', '2026-02-11', '2026-02-12', '2026-02-16', '2026-02-17', '2026-02-18', '2026-02-19', '2026-02-23', '2026-02-24', '2026-02-25', '2026-02-26', '2026-03-02', '2026-03-03', '2026-03-04', '2026-03-05', '2026-03-09', '2026-03-10', '2026-03-11', '2026-03-12', '2026-03-16', '2026-03-17', '2026-03-18', '2026-03-19', '2026-03-23', '2026-03-24', '2026-03-25', '2026-03-26', '2026-04-06', '2026-04-07', '2026-04-08', '2026-04-09', '2026-04-13', '2026-04-14', '2026-04-15', '2026-04-16', '2026-04-20', '2026-04-21', '2026-04-22', '2026-04-23', '2026-04-27', '2026-04-28', '2026-04-29', '2026-04-30', '2026-05-04', '2026-05-05', '2026-05-06', '2026-05-07', '2026-05-11', '2026-05-12', '2026-05-13', '2026-05-14']
[  44.5s] peer groups 300/1098 dates (27%)
[  48.2s] peer groups 600/1098 dates (55%)
[  51.4s] peer groups 900/1098 dates (82%)
[  53.6s] peer groups 1098/1098 dates (100%)
[  54.1s] peer coverage 92.4% of candidates
[  54.3s] fast book reproduces canon IS: 4554 trades $30,842
[  55.6s] scored 508 rules on IS
[  71.9s] null permutations 20/200 (10%)
[  90.9s] null permutations 40/200 (20%)
[ 106.4s] null permutations 60/200 (30%)
[ 122.2s] null permutations 80/200 (40%)
[ 135.7s] null permutations 100/200 (50%)
[ 146.8s] null permutations 120/200 (60%)
[ 158.0s] null permutations 140/200 (70%)
[ 166.6s] null permutations 160/200 (80%)
[ 174.2s] null permutations 180/200 (90%)
[ 181.5s] null permutations 200/200 (100%)

=== NULL: max t over 508 rules, 200 within-date shuffles: median 2.42, 95th pct 3.12, max 3.71 ===

=== TOP 25 IS rules by t (book with refill, weekly paired t vs canon) ===
                      rule  n_veto     dPnL     t  p_fwer  yrs_up  plateau                                yrs
 peer_corr bear_call hi 5%      91 1017.645 2.307   0.605       3        4          [26, 0, 568, 448, 0, -24]
   bbw_pct bear_call hi 5%     109 1594.525 2.242   0.690       4        6      [0, -118, 873, 180, 273, 386]
peer_corr bear_call hi 10%     181 1911.225 2.136   0.810       3        4          [4, 0, 1403, 529, 0, -24]
  bbw_pct bear_call hi 20%     362 2496.075 1.942   0.940       6        6      [174, 13, 950, 667, 408, 283]
                sr20 lo 5%     405 2566.505 1.754   0.975       6        6    [158, 461, 1045, 155, 334, 413]
            ret1z_s lo 10%     810 3512.275 1.663   0.990       5        3    [257, 704, -13, 408, 512, 1645]
  bbw_pct bear_call hi 15%     281 1865.890 1.654   0.990       5        6     [174, -61, 859, 300, 336, 257]
           stoch14_s lo 5%     405 2155.085 1.621   0.990       5        5   [122, 680, 1315, 158, 411, -531]
     rv20 bear_call hi 25%     451 2528.175 1.589   0.990       5        5   [162, -443, 644, 711, 272, 1183]
  bbw_pct bear_call hi 25%     460 2346.950 1.574   0.990       4        6     [71, -72, 1310, -28, 858, 208]
  bbw_pct bear_call hi 10%     189 1457.445 1.524   0.995       4        6      [0, -118, 641, 153, 454, 327]
atr_ratio bear_call hi 10%     181 1093.915 1.493   0.995       5        6     [-158, 18, 425, 474, 171, 165]
peer_corr bear_call hi 15%     271 1500.760 1.417   1.000       3        4       [-157, 0, 1037, 506, 0, 114]
   bbw_pct bear_call lo 5%      94  727.660 1.328   1.000       3        4       [-51, 0, 234, 441, 189, -85]
 atr_ratio bear_call hi 5%      91  857.630 1.315   1.000       4        6      [-93, -2, 114, 385, 191, 263]
  bbw_pct bear_call hi 30%     543 2096.115 1.282   1.000       5        6     [53, -309, 1345, 98, 716, 193]
              clv_s hi 10%     810 2766.990 1.264   1.000       5        2   [345, -334, 644, 166, 263, 1684]
         nr7 bear_call = 0    1527 4410.820 1.247   1.000       4        1 [751, -679, 327, -123, 2841, 1294]
     rv20 bear_call hi 30%     541 1888.275 1.187   1.000       5        5    [61, -443, 244, 505, 404, 1118]
     rv20 bear_call hi 20%     361 1602.990 1.166   1.000       5        5     [18, -191, 216, 330, 252, 978]
                sr10 lo 5%     405 1749.690 1.151   1.000       4        6   [-250, 626, 600, 467, -147, 454]
atr_ratio bear_call lo 25%     451 1659.040 1.116   1.000       3        6  [-31, -282, 1133, -130, 839, 130]
    adx14 bear_call lo 15%     271 1271.205 1.113   1.000       3        5   [65, -140, 879, -126, 789, -196]
    adx14 bear_call lo 10%     181  988.320 1.071   1.000       4        5    [127, 152, 266, -159, 621, -19]
       peer_ret1z_s lo 15%    1214 3148.430 1.062   1.000       6        5     [512, 71, 100, 278, 848, 1339]

=== PASS (t >= null 95th 3.12, >= 5/6 years, plateau >= 4/6): 0 rules ===
Nothing beats the shuffled-feature null. No TA veto in this family is distinguishable from chance on 2020-25.
[ 181.6s] done
