





term table: 191,266 chains, n>=4 on 100.0%, DTE dist {'min': 1.0, '25%': 2.0, '50%': 3.0, '75%': 7.0, 'max': 8.0}
back-expiry coverage with n>=3 and <=21 days: 18.0%; median back DTE 6.0; front/back ratio quantiles [1.088, 1.225, 1.449]
VRP coverage 100.0%; median realized exceedance 0.287 vs implied 0.317; premium present on 58.3%
IV-rank coverage 100.0%; IV above typical on 48.2%

term_ratio (all): IS n=5500 x [1.0495, 1.1751, 1.2333, 1.311, 1.5455] loss [0.43, 0.473, 0.486, 0.471, 0.5] EV [0.0058, 0.0054, 0.005, 0.0043, 0.0045]
                  OOT n=2307 x [1.0481, 1.1643, 1.2105, 1.284, 1.4792] loss [0.439, 0.445, 0.43, 0.458, 0.435] EV [0.0053, 0.0046, 0.0038, 0.0046, 0.006]

p_exceed (all): IS n=38049 x [0.1037, 0.223, 0.2986, 0.3706, 0.475] loss [0.452, 0.42, 0.423, 0.427, 0.432] EV [0.0057, 0.0056, 0.0056, 0.0056, 0.0056]
                OOT n=5430 x [0.1051, 0.1894, 0.2364, 0.2845, 0.3671] loss [0.445, 0.45, 0.416, 0.418, 0.451] EV [0.0069, 0.0062, 0.0057, 0.0043, 0.0046]

=== 50-60 delta, DKL = D_term (median nonzero 0.0018)  (k<0 discount, k>0 reward) ===
 IS : n=5500 x [0.0004, 0.001, 0.0018, 0.0037, 0.0159] loss [0.485, 0.471, 0.494, 0.469, 0.442] EV [0.0058, 0.0055, 0.0048, 0.0045, 0.0045]
 OOT: n=2307 x [0.0004, 0.0011, 0.002, 0.0042, 0.0185] loss [0.483, 0.49, 0.447, 0.412, 0.374] EV [0.0048, 0.0041, 0.0035, 0.0036, 0.0083]
  k  is_n  is_fin  is_sh  is_dd  oot_n  oot_fin  oot_sh  oot_dd
-64  4079   35758   1.24  -19.1    505    13604    1.89    -7.9
-16  4141   36109   1.25  -18.4    541    14065    1.94    -9.7
 -8  4161   35649   1.24  -18.3    548    13875    1.85    -9.8
 -4  4168   35771   1.24  -18.0    553    14077    1.97    -8.8
  0  4184   35917   1.25  -18.0    560    14068    1.97    -8.1
  4  4190   35990   1.25  -18.0    561    14217    2.06    -8.1
  8  4200   35925   1.24  -18.0    564    14139    2.01    -8.5
 16  4222   35374   1.22  -18.3    572    14190    1.97   -10.6
 64  4317   35989   1.23  -18.4    584    14436    2.12    -9.1

=== 50-60 delta, DKL = D_term_rich (median nonzero 0.0036)  (k<0 discount, k>0 reward) ===
 IS : n=1551 x [0.0003, 0.0015, 0.0034, 0.0068, 0.0268] loss [0.405, 0.423, 0.397, 0.384, 0.4] EV [0.0052, 0.0058, 0.0048, 0.0051, 0.0061]
 OOT: n=915 x [0.0007, 0.002, 0.0041, 0.008, 0.0291] loss [0.399, 0.377, 0.29, 0.333, 0.333] EV [0.0054, 0.0055, 0.0052, 0.0082, 0.0127]
  k  is_n  is_fin  is_sh  is_dd  oot_n  oot_fin  oot_sh  oot_dd
-64  4110   35651   1.24  -18.7    518    13529    1.83    -9.9
-16  4147   36088   1.25  -18.1    546    14368    2.05    -8.7
 -8  4164   35796   1.24  -18.1    551    14176    1.99    -8.8
 -4  4171   35851   1.24  -18.0    555    14081    1.97    -8.8
  0  4184   35917   1.25  -18.0    560    14068    1.97    -8.1
  4  4185   35948   1.25  -18.0    561    14028    1.99    -8.1
  8  4192   35821   1.24  -18.0    564    13962    1.86   -10.1
 16  4206   35355   1.22  -18.0    571    13896    1.79   -11.2
 64  4268   35992   1.24  -17.9    581    13669    1.67   -10.8

=== 50-60 delta, DKL = D_term_cheap (median nonzero 0.0015)  (k<0 discount, k>0 reward) ===
 IS : n=3949 x [0.0004, 0.0009, 0.0016, 0.0028, 0.0109] loss [0.499, 0.486, 0.529, 0.48, 0.505] EV [0.0058, 0.0057, 0.0046, 0.0043, 0.0037]
 OOT: n=1392 x [0.0003, 0.0008, 0.0014, 0.0026, 0.0096] loss [0.52, 0.5, 0.504, 0.511, 0.484] EV [0.0048, 0.0038, 0.0028, 0.0024, 0.0022]
  k  is_n  is_fin  is_sh  is_dd  oot_n  oot_fin  oot_sh  oot_dd
-64  4153   36008   1.24  -18.5    553    14455    2.07   -10.5
-16  4178   35938   1.24  -18.3    556    13977    1.90   -10.0
 -8  4181   35770   1.24  -18.2    558    13850    1.84   -10.1
 -4  4181   35837   1.24  -18.0    558    13875    1.91    -8.1
  0  4184   35917   1.25  -18.0    560    14068    1.97    -8.1
  4  4189   35959   1.24  -18.0    560    14068    1.97    -8.1
  8  4192   36021   1.25  -18.0    560    13915    1.93    -8.1
 16  4200   35935   1.25  -18.3    561    14047    1.99    -8.1
 64  4237   35960   1.23  -17.7    566    14865    2.43    -8.3

=== 50-60 delta, DKL = D_vrp (median nonzero 0.0200)  (k<0 discount, k>0 reward) ===
 IS : n=38049 x [0.0009, 0.0069, 0.0209, 0.0506, 0.1556] loss [0.424, 0.423, 0.428, 0.425, 0.455] EV [0.0057, 0.0054, 0.0057, 0.0056, 0.0057]
 OOT: n=5430 x [0.0009, 0.0066, 0.0196, 0.044, 0.1392] loss [0.437, 0.431, 0.42, 0.446, 0.447] EV [0.0047, 0.0046, 0.0055, 0.0062, 0.0067]
  k  is_n  is_fin  is_sh  is_dd  oot_n  oot_fin  oot_sh  oot_dd
-64  1926   20711   0.78  -39.8    269    12650    1.82    -5.8
-16  2977   28524   1.06  -26.3    436    12839    1.63   -10.1
 -8  3454   34186   1.24  -19.4    497    14684    2.46    -7.9
 -4  3805   38236   1.33  -19.2    528    14442    2.19    -9.2
  0  4184   35917   1.25  -18.0    560    14068    1.97    -8.1
  4  4414   36084   1.23  -20.1    576    13884    1.97    -6.7
  8  4581   38861   1.32  -16.6    587    13444    1.78    -7.8
 16  4762   40695   1.34  -20.1    594    11328    0.75   -12.5
 64  5096   36197   1.14  -28.9    599     9884   -0.05   -16.1

=== 50-60 delta, DKL = D_vrp_pos (median nonzero 0.0257)  (k<0 discount, k>0 reward) ===
 IS : n=20961 x [0.0012, 0.0088, 0.0275, 0.0708, 0.1979] loss [0.434, 0.411, 0.424, 0.437, 0.461] EV [0.0058, 0.0052, 0.0057, 0.0057, 0.0057]
 OOT: n=4399 x [0.0019, 0.0106, 0.0265, 0.0535, 0.1546] loss [0.427, 0.423, 0.42, 0.448, 0.45] EV [0.0046, 0.0049, 0.0057, 0.0069, 0.0067]
  k  is_n  is_fin  is_sh  is_dd  oot_n  oot_fin  oot_sh  oot_dd
-64  2886   30322   1.16  -27.9    296    12464    1.58    -6.7
-16  3389   30705   1.09  -24.1    441    13414    2.02    -8.4
 -8  3681   34576   1.21  -20.6    499    14883    2.56    -8.9
 -4  3931   37204   1.29  -19.4    530    14789    2.40    -9.2
  0  4184   35917   1.25  -18.0    560    14068    1.97    -8.1
  4  4317   34998   1.21  -19.0    574    13642    1.90    -6.9
  8  4418   35430   1.24  -17.0    586    13312    1.75    -7.8
 16  4531   35007   1.24  -17.1    592    11500    0.90   -12.5
 64  4747   39238   1.45  -19.9    595     9238   -0.38   -19.7

=== 50-60 delta, DKL = D_vrp_neg (median nonzero 0.0142)  (k<0 discount, k>0 reward) ===
 IS : n=17088 x [0.0007, 0.0052, 0.0158, 0.0355, 0.0904] loss [0.414, 0.427, 0.431, 0.431, 0.434] EV [0.0053, 0.0055, 0.0059, 0.0053, 0.0059]
 OOT: n=1031 x [0.0001, 0.0011, 0.0037, 0.0099, 0.0395] loss [0.43, 0.456, 0.451, 0.422, 0.476] EV [0.0042, 0.0056, 0.0052, 0.005, 0.003]
  k  is_n  is_fin  is_sh  is_dd  oot_n  oot_fin  oot_sh  oot_dd
-64  3430   26919   0.94  -25.7    554    13962    2.15    -8.0
-16  3826   33582   1.21  -19.1    557    14114    2.10    -7.0
 -8  3976   35891   1.29  -16.9    559    14228    2.10    -7.1
 -4  4065   36821   1.29  -17.5    559    14118    2.01    -8.1
  0  4184   35917   1.25  -18.0    560    14068    1.97    -8.1
  4  4292   37994   1.31  -18.7    562    14259    2.05    -8.9
  8  4375   39138   1.32  -16.9    562    14736    2.38    -6.8
 16  4484   41253   1.36  -17.7    564    14969    2.47    -7.6
 64  4767   36371   1.16  -24.5    572    15047    2.64    -5.4

=== 50-60 delta, DKL = D_ivr (median nonzero 0.0030)  (k<0 discount, k>0 reward) ===
 IS : n=38049 x [0.0001, 0.001, 0.0032, 0.0084, 0.0403] loss [0.436, 0.433, 0.43, 0.429, 0.426] EV [0.0059, 0.0058, 0.0054, 0.0051, 0.0059]
 OOT: n=5430 x [0.0001, 0.0007, 0.0024, 0.0065, 0.0327] loss [0.455, 0.427, 0.426, 0.427, 0.445] EV [0.0052, 0.0048, 0.0052, 0.006, 0.0066]
  k  is_n  is_fin  is_sh  is_dd  oot_n  oot_fin  oot_sh  oot_dd
-64  3202   33190   1.24  -22.3    459    13035    1.62   -11.8
-16  3830   36908   1.28  -19.1    529    14549    2.14   -10.4
 -8  3987   36419   1.27  -17.3    544    14635    2.13   -11.1
 -4  4100   37022   1.28  -16.4    553    14663    2.21    -8.0
  0  4184   35917   1.25  -18.0    560    14068    1.97    -8.1
  4  4241   34570   1.20  -18.6    564    13910    2.13    -5.9
  8  4289   35143   1.22  -18.8    569    14205    2.30    -5.9
 16  4384   33498   1.14  -17.7    575    13816    2.13    -5.7
 64  4713   34044   1.17  -19.4    595    12851    1.80    -7.8

=== 50-60 delta, DKL = D_ivr_hi (median nonzero 0.0028)  (k<0 discount, k>0 reward) ===
 IS : n=18247 x [0.0001, 0.001, 0.003, 0.0079, 0.0419] loss [0.43, 0.439, 0.434, 0.421, 0.393] EV [0.006, 0.0062, 0.006, 0.0067, 0.0103]
 OOT: n=2692 x [0.0001, 0.0007, 0.0024, 0.0065, 0.0333] loss [0.447, 0.387, 0.383, 0.364, 0.375] EV [0.0055, 0.0056, 0.0066, 0.0087, 0.011]
  k  is_n  is_fin  is_sh  is_dd  oot_n  oot_fin  oot_sh  oot_dd
-64  3476   34670   1.24  -22.6    484    12786    1.41   -11.5
-16  3882   36795   1.26  -18.8    534    14113    1.97    -9.1
 -8  4008   36502   1.25  -16.9    547    14284    2.00    -9.1
 -4  4111   37390   1.28  -16.3    556    14431    2.06    -9.2
  0  4184   35917   1.25  -18.0    560    14068    1.97    -8.1
  4  4224   35282   1.24  -18.4    564    13549    1.88    -8.1
  8  4265   35963   1.25  -18.7    567    13890    2.00   -10.8
 16  4325   35494   1.20  -18.2    573    13613    1.96   -10.7
 64  4558   33536   1.13  -21.2    590    12817    1.49   -10.1

=== 50-60 delta, DKL = D_ivr_lo (median nonzero 0.0033)  (k<0 discount, k>0 reward) ===
 IS : n=19796 x [0.0002, 0.0012, 0.0035, 0.0089, 0.0389] loss [0.439, 0.426, 0.433, 0.435, 0.455] EV [0.0059, 0.0053, 0.0047, 0.0038, 0.0018]
 OOT: n=2736 x [0.0001, 0.0008, 0.0024, 0.0065, 0.0321] loss [0.465, 0.466, 0.47, 0.488, 0.514] EV [0.0048, 0.0041, 0.0037, 0.0035, 0.0021]
  k  is_n  is_fin  is_sh  is_dd  oot_n  oot_fin  oot_sh  oot_dd
-64  4032   35314   1.23  -20.2    546    14995    2.78    -5.7
-16  4144   35783   1.27  -18.6    556    14702    2.41    -7.8
 -8  4167   35718   1.26  -18.5    557    14541    2.22    -7.8
 -4  4175   35718   1.25  -18.3    557    13979    1.94    -9.7
  0  4184   35917   1.25  -18.0    560    14068    1.97    -8.1
  4  4202   35363   1.23  -18.4    560    14549    2.28    -5.9
  8  4213   35787   1.23  -18.4    562    14589    2.29    -6.7
 16  4256   34210   1.17  -17.5    564    14296    2.12    -7.3
 64  4427   37310   1.30  -16.9    576    13243    2.03    -9.8
