





drift coverage 100.0%; median realized P(up) 0.532; history favours the sold side on 63.1% (bull_put 86.9%, bear_call 34.4%)

=== 50-60 delta, DKL = D_drift (median nonzero 0.0039) ===
 IS : n=38049 x [0.0002, 0.0013, 0.004, 0.0096, 0.0266] loss [0.438, 0.432, 0.422, 0.416, 0.445] EV [0.0029, 0.0031, 0.0039, 0.0054, 0.0127]
 OOT: n=5430 x [0.0002, 0.0014, 0.0045, 0.0104, 0.0253] loss [0.424, 0.434, 0.439, 0.416, 0.467] EV [0.0031, 0.0038, 0.0048, 0.0054, 0.0106]
  k  is_n  is_fin  is_sh  is_dd  oot_n  oot_fin  oot_sh  oot_dd
-64  2117   19661   1.01  -10.5    361    12342    1.74    -8.7
-16  3916   38091   1.39  -14.0    533    13530    2.18    -8.4
 -4  4127   36850   1.26  -17.0    554    14099    2.12    -9.3
  0  4184   35917   1.25  -18.0    560    14068    1.97    -8.1
  4  4231   36008   1.24  -18.6    566    14396    2.09    -8.0
 16  4349   38047   1.26  -17.2    571    14009    1.90    -8.2
 64  4632   43299   1.35  -19.0    588    13772    1.88   -12.5

=== 50-60 delta, DKL = D_drift_for (median nonzero 0.0046) ===
 IS : n=24221 x [0.0002, 0.0017, 0.0046, 0.0101, 0.0266] loss [0.421, 0.411, 0.404, 0.387, 0.403] EV [0.0031, 0.0042, 0.0057, 0.0086, 0.0205]
 OOT: n=3229 x [0.0002, 0.0017, 0.0051, 0.0111, 0.0253] loss [0.44, 0.432, 0.436, 0.413, 0.458] EV [0.0033, 0.0059, 0.0076, 0.0092, 0.0183]
  k  is_n  is_fin  is_sh  is_dd  oot_n  oot_fin  oot_sh  oot_dd
-64  2147   19945   1.03  -10.3    369    12333    1.66    -8.9
-16  3921   38288   1.40  -13.9    534    13440    2.07    -9.4
 -4  4128   36909   1.27  -17.0    554    14099    2.12    -9.3
  0  4184   35917   1.25  -18.0    560    14068    1.97    -8.1
  4  4229   36253   1.24  -18.6    566    14220    2.00    -8.0
 16  4345   38435   1.27  -17.4    571    13745    1.80    -8.3
 64  4623   42505   1.33  -20.0    586    13446    1.76   -14.2

=== 50-60 delta, DKL = D_drift_against (median nonzero 0.0030) ===
 IS : n=13828 x [0.0001, 0.0009, 0.003, 0.0085, 0.0266] loss [0.449, 0.469, 0.462, 0.481, 0.516] EV [0.0028, 0.002, 0.0008, -0.0002, -0.0018]
 OOT: n=2201 x [0.0001, 0.0011, 0.0036, 0.0094, 0.0252] loss [0.42, 0.464, 0.414, 0.4, 0.486] EV [0.0029, 0.0018, 0.0007, -0.0005, -0.0017]
  k  is_n  is_fin  is_sh  is_dd  oot_n  oot_fin  oot_sh  oot_dd
-64  4166   36233   1.25  -19.1    558    13854    1.88    -8.7
-16  4181   35653   1.23  -18.4    560    14149    2.01    -8.1
 -4  4183   35692   1.24  -18.0    560    14135    2.01    -8.1
  0  4184   35917   1.25  -18.0    560    14068    1.97    -8.1
  4  4186   35757   1.24  -18.0    560    14219    2.05    -8.1
 16  4190   35936   1.25  -17.9    561    14057    1.91   -10.1
 64  4208   36800   1.28  -17.3    563    14172    1.92   -10.0

D_vrp_neg       k=   8: IS 1.32/-16.9% vs matched k=0 1.23/-20.0% | OOT 2.38/-6.8% vs 1.95/-9.1% | Sharpe delta by year 2020..2026: [0.05, 0.25, -0.23, 0.32, 0.35, -0.19, 0.4]
D_vrp_neg       k=  16: IS 1.36/-17.7% vs matched k=0 1.24/-17.8% | OOT 2.47/-7.6% vs 1.92/-9.1% | Sharpe delta by year 2020..2026: [-0.16, 0.47, -0.26, 0.22, 0.45, -0.06, 0.49]
D_ivr_lo        k= -16: IS 1.27/-18.6% vs matched k=0 1.25/-18.4% | OOT 2.41/-7.8% vs 1.96/-8.1% | Sharpe delta by year 2020..2026: [0.12, -0.03, 0.07, -0.06, 0.04, -0.07, 0.43]
D_ivr_lo        k= -64: IS 1.23/-20.2% vs matched k=0 1.35/-15.9% | OOT 2.78/-5.7% vs 1.95/-8.1% | Sharpe delta by year 2020..2026: [-0.14, -0.21, 0.01, -0.11, 0.1, 0.2, 0.81]
