





one-sided at strike: realized breach med 0.548 vs market 0.557; wilder on 45.3%
two-sided at strike distance: realized med 0.875 vs market 0.886; wilder on 36.6%

=== 50-60 delta, D_strike_wild (median nonzero 0.0044) ===
 IS : n=16897 x [0.0002, 0.0013, 0.0044, 0.0115, 0.0372] loss [0.447, 0.457, 0.459, 0.48, 0.513] EV [0.0033, 0.0024, 0.0019, 0.0008, -0.0006]
 OOT: n=2797 x [0.0002, 0.0019, 0.0059, 0.0135, 0.0351] loss [0.452, 0.436, 0.41, 0.445, 0.473] EV [0.0044, 0.0026, 0.0015, 0.0008, -0.0008]
   k   IS n   IS Sh  ctrl   IS DD  ctrl  | OOT Sh  ctrl   OOT DD  ctrl
  -16   4162   1.24   1.25   -18.8  -17.7 |  2.09   2.00     -8.0   -8.1
   -8   4172   1.24   1.26   -18.5  -17.7 |  2.02   1.97     -8.0   -8.1
    0   4184   1.25   1.25   -18.0  -18.0 |  1.97   1.97     -8.1   -8.1
    4   4189   1.25   1.25   -17.9  -18.0 |  2.05   2.01     -8.1   -8.1
    8   4195   1.26   1.25   -17.9  -18.2 |  2.00   2.01     -8.1   -8.1
   12   4201   1.26   1.25   -17.9  -18.4 |  2.00   2.01     -8.1   -8.1
   16   4206   1.27   1.26   -17.2  -18.4 |  1.77   2.01    -10.6   -8.1
   24   4215   1.26   1.24   -17.7  -18.3 |  1.73   2.03    -11.6   -8.1

=== 50-60 delta, D_strike_calm (median nonzero 0.0044) ===
 IS : n=21152 x [0.0002, 0.0016, 0.0045, 0.0103, 0.0279] loss [0.413, 0.41, 0.391, 0.388, 0.39] EV [0.0039, 0.0046, 0.0061, 0.0085, 0.021]
 OOT: n=2633 x [0.0002, 0.0013, 0.004, 0.0091, 0.0222] loss [0.427, 0.433, 0.414, 0.43, 0.438] EV [0.0051, 0.0051, 0.0081, 0.0111, 0.0185]
   k   IS n   IS Sh  ctrl   IS DD  ctrl  | OOT Sh  ctrl   OOT DD  ctrl
  -16   3939   1.28   1.36   -16.2  -15.3 |  2.08   1.73     -6.8   -8.2
   -8   4072   1.26   1.30   -16.7  -16.5 |  1.75   1.99     -7.7   -8.1
    0   4184   1.25   1.25   -18.0  -18.0 |  1.97   1.97     -8.1   -8.1
    4   4229   1.28   1.23   -18.5  -18.5 |  2.01   2.07     -8.0   -8.1
    8   4278   1.25   1.24   -19.8  -19.0 |  1.88   2.15     -8.1   -8.0
   12   4311   1.30   1.25   -18.8  -19.3 |  1.97   2.05     -7.3   -8.0
   16   4342   1.34   1.25   -18.3  -19.2 |  1.88   1.98     -7.3   -8.7
   24   4407   1.32   1.25   -16.8  -18.6 |  1.59   1.97     -7.7   -9.1

=== 50-60 delta, D_dist_wild (median nonzero 0.0022) ===
 IS : n=14709 x [0.0001, 0.0008, 0.0024, 0.0057, 0.0165] loss [0.41, 0.427, 0.431, 0.418, 0.442] EV [0.0052, 0.0054, 0.0058, 0.0061, 0.0064]
 OOT: n=1196 x [0.0, 0.0003, 0.001, 0.0025, 0.008] loss [0.454, 0.372, 0.456, 0.435, 0.469] EV [0.0044, 0.0051, 0.0059, 0.0053, 0.0043]
   k   IS n   IS Sh  ctrl   IS DD  ctrl  | OOT Sh  ctrl   OOT DD  ctrl
  -16   4123   1.25   1.28   -17.7  -17.3 |  2.04   1.99     -8.1   -8.1
   -8   4151   1.27   1.24   -17.7  -18.4 |  2.04   1.96     -8.1   -8.1
    0   4184   1.25   1.25   -18.0  -18.0 |  1.97   1.97     -8.1   -8.1
    4   4204   1.24   1.26   -18.0  -18.4 |  1.96   2.01     -8.1   -8.1
    8   4223   1.26   1.24   -18.0  -18.3 |  1.98   2.06     -8.0   -8.1
   12   4238   1.30   1.24   -18.0  -18.4 |  2.05   2.07     -7.4   -8.1
   16   4250   1.31   1.23   -18.5  -18.9 |  2.10   2.05     -7.4   -8.0
   24   4276   1.31   1.24   -18.2  -19.0 |  1.81   2.15     -9.6   -8.0

=== 50-60 delta, D_dist_calm (median nonzero 0.0060) ===
 IS : n=23340 x [0.0003, 0.0019, 0.0061, 0.0171, 0.0972] loss [0.423, 0.418, 0.422, 0.44, 0.468] EV [0.0052, 0.0056, 0.0056, 0.0054, 0.0056]
 OOT: n=4234 x [0.0005, 0.0027, 0.0072, 0.0168, 0.0791] loss [0.431, 0.417, 0.416, 0.436, 0.479] EV [0.0054, 0.0051, 0.0062, 0.0061, 0.0058]
   k   IS n   IS Sh  ctrl   IS DD  ctrl  | OOT Sh  ctrl   OOT DD  ctrl
  -16   3922   1.24   1.38   -21.2  -14.9 |  2.34   1.73     -7.5   -8.2
   -8   4048   1.31   1.34   -18.1  -16.2 |  2.41   1.95     -8.2   -8.1
    0   4184   1.25   1.25   -18.0  -18.0 |  1.97   1.97     -8.1   -8.1
    4   4236   1.24   1.24   -17.0  -18.4 |  2.42   2.07     -5.8   -8.1
    8   4284   1.26   1.24   -16.5  -19.0 |  2.14   2.07     -6.5   -8.0
   12   4323   1.24   1.24   -17.7  -19.2 |  2.10   2.05     -8.1   -8.0
   16   4359   1.28   1.25   -15.7  -19.9 |  1.97   1.95     -8.5   -9.1
   24   4418   1.30   1.25   -16.2  -18.7 |  2.26   1.97     -7.7   -9.1

=== 50-60 delta, D_vrp_neg (median nonzero 0.0142) ===
 IS : n=17088 x [0.0007, 0.0052, 0.0158, 0.0355, 0.0904] loss [0.414, 0.427, 0.431, 0.431, 0.434] EV [0.0053, 0.0055, 0.0059, 0.0053, 0.0059]
 OOT: n=1031 x [0.0001, 0.0011, 0.0037, 0.0099, 0.0395] loss [0.43, 0.456, 0.451, 0.422, 0.476] EV [0.0042, 0.0056, 0.0052, 0.005, 0.003]
   k   IS n   IS Sh  ctrl   IS DD  ctrl  | OOT Sh  ctrl   OOT DD  ctrl
  -16   3826   1.21   1.39   -19.1  -14.9 |  2.10   1.61     -7.0   -9.4
   -8   3976   1.29   1.36   -16.9  -16.1 |  2.10   1.96     -7.1   -8.1
    0   4184   1.25   1.25   -18.0  -18.0 |  1.97   1.97     -8.1   -8.1
    4   4292   1.31   1.25   -18.7  -19.0 |  2.05   2.07     -8.9   -8.0
    8   4375   1.32   1.23   -16.9  -20.0 |  2.38   1.95     -6.8   -9.1
   12   4434   1.36   1.26   -16.5  -18.4 |  2.49   2.00     -6.9   -9.1
   16   4484   1.36   1.25   -17.7  -17.8 |  2.47   1.92     -7.6   -9.1
   24   4560   1.25   1.26   -19.8  -17.7 |  2.41   1.89     -8.3   -9.1
