





3-state tails at 1 implied sigma: median adverse 0.136, favourable 0.148 vs law 0.159 each; total tails fatter on 41.7%

=== 50-60 delta, 3-state D3 (median nonzero 0.0262) ===
 IS : n=38049 x [0.0033, 0.0123, 0.0273, 0.0569, 0.1581] loss [0.419, 0.424, 0.426, 0.43, 0.455] EV [0.0038, 0.0053, 0.0063, 0.0066, 0.0061]
 OOT: n=5430 x [0.0035, 0.0117, 0.0244, 0.0478, 0.1402] loss [0.448, 0.408, 0.418, 0.453, 0.453] EV [0.0036, 0.0045, 0.006, 0.0068, 0.0068]
   k   IS n   IS Sh  ctrl   IS DD  ctrl  | OOT Sh  ctrl   OOT DD  ctrl
  -16   2726   1.12   1.31   -21.1  -12.4 |  1.73   1.62     -9.7   -7.4
   -8   3353   1.31   1.42   -17.7  -14.0 |  2.16   1.93     -9.4   -9.0
    0   4184   1.25   1.25   -18.0  -18.0 |  1.97   1.97     -8.1   -8.1
    4   4428   1.25   1.26   -19.3  -18.6 |  1.96   2.00     -6.7   -9.1
    8   4611   1.32   1.24   -17.7  -18.8 |  1.87   1.90     -8.3   -9.1
   12   4722   1.23   1.25   -18.9  -18.1 |  0.75   2.00     -9.0   -9.0
   16   4801   1.20   1.20   -21.4  -19.2 |  0.66   1.98    -10.7   -9.0
   24   4923   1.21   1.24   -20.8  -19.1 |  1.30   1.94    -10.0   -9.0

=== 50-60 delta, 3-state D3_bothwild (median nonzero 0.0224) ===
 IS : n=17109 x [0.0031, 0.0112, 0.0238, 0.0447, 0.1005] loss [0.413, 0.426, 0.434, 0.427, 0.438] EV [0.0034, 0.0048, 0.006, 0.0068, 0.0069]
 OOT: n=1031 x [0.0015, 0.0052, 0.0101, 0.0187, 0.0471] loss [0.454, 0.427, 0.427, 0.456, 0.471] EV [0.0048, 0.0032, 0.0048, 0.0048, 0.0054]
   k   IS n   IS Sh  ctrl   IS DD  ctrl  | OOT Sh  ctrl   OOT DD  ctrl
  -16   3708   1.19   1.41   -19.3  -14.9 |  1.94   1.59     -8.3   -9.4
   -8   3922   1.27   1.38   -16.8  -14.9 |  2.25   1.73     -6.9   -8.2
    0   4184   1.25   1.25   -18.0  -18.0 |  1.97   1.97     -8.1   -8.1
    4   4307   1.31   1.24   -18.2  -19.1 |  2.05   2.05     -8.9   -8.0
    8   4398   1.35   1.25   -16.8  -19.3 |  2.48   1.95     -6.8   -9.1
   12   4462   1.33   1.25   -17.6  -18.0 |  2.19   1.97     -9.1   -9.1
   16   4517   1.31   1.27   -18.6  -17.6 |  2.19   1.89     -9.3   -9.1
   24   4603   1.22   1.25   -21.9  -18.7 |  2.13   1.90    -10.5   -9.1

=== 50-60 delta, 3-state D3_advwild (median nonzero 0.0234) ===
 IS : n=14793 x [0.0029, 0.0114, 0.0252, 0.0482, 0.1055] loss [0.431, 0.449, 0.443, 0.422, 0.44] EV [0.0023, 0.0022, 0.003, 0.0039, 0.0059]
 OOT: n=1030 x [0.0014, 0.005, 0.0104, 0.0189, 0.0472] loss [0.466, 0.476, 0.403, 0.451, 0.5] EV [0.002, 0.001, 0.0017, 0.0006, 0.0017]
   k   IS n   IS Sh  ctrl   IS DD  ctrl  | OOT Sh  ctrl   OOT DD  ctrl
  -16   3823   1.17   1.39   -19.5  -14.8 |  1.94   1.59     -7.1   -9.4
   -8   3961   1.23   1.37   -17.1  -15.5 |  2.04   1.85     -7.1   -8.2
    0   4184   1.25   1.25   -18.0  -18.0 |  1.97   1.97     -8.1   -8.1
    4   4300   1.31   1.24   -18.2  -19.2 |  2.16   2.05     -8.9   -8.0
    8   4377   1.32   1.24   -17.3  -20.0 |  2.25   1.95     -7.5   -9.1
   12   4438   1.36   1.26   -17.2  -18.4 |  2.28   2.00     -7.1   -9.1
   16   4487   1.38   1.24   -17.5  -17.7 |  2.32   1.93     -8.6   -9.1
   24   4568   1.29   1.27   -20.9  -17.7 |  2.30   1.89     -7.5   -9.1

=== 50-60 delta, 3-state D3_favwild (median nonzero 0.0196) ===
 IS : n=18084 x [0.0027, 0.0099, 0.0213, 0.0416, 0.0979] loss [0.403, 0.414, 0.428, 0.417, 0.437] EV [0.0045, 0.0068, 0.008, 0.0081, 0.0074]
 OOT: n=1322 x [0.0015, 0.0053, 0.0102, 0.0177, 0.0434] loss [0.438, 0.394, 0.405, 0.42, 0.457] EV [0.0052, 0.0054, 0.0065, 0.0088, 0.01]
   k   IS n   IS Sh  ctrl   IS DD  ctrl  | OOT Sh  ctrl   OOT DD  ctrl
  -16   3675   1.23   1.38   -16.8  -14.9 |  1.38   1.76     -9.6   -9.4
   -8   3905   1.33   1.38   -16.7  -14.8 |  1.84   1.71     -8.4   -8.2
    0   4184   1.25   1.25   -18.0  -18.0 |  1.97   1.97     -8.1   -8.1
    4   4312   1.32   1.25   -18.5  -19.3 |  2.30   2.05     -7.0   -8.0
    8   4414   1.33   1.25   -18.0  -18.7 |  2.57   1.97     -7.0   -9.1
   12   4483   1.25   1.25   -19.7  -17.8 |  2.56   1.92     -7.4   -9.1
   16   4539   1.25   1.27   -20.0  -17.8 |  2.51   1.90     -7.5   -9.1
   24   4635   1.13   1.24   -23.3  -18.0 |  2.42   1.94     -8.5   -9.1

=== 50-60 delta, 3-state D3_calm (median nonzero 0.0305) ===
 IS : n=20940 x [0.0036, 0.0134, 0.0316, 0.0733, 0.197] loss [0.422, 0.422, 0.427, 0.437, 0.461] EV [0.0041, 0.0057, 0.0066, 0.006, 0.0058]
 OOT: n=4399 x [0.0046, 0.0149, 0.0304, 0.0565, 0.1551] loss [0.433, 0.402, 0.435, 0.441, 0.457] EV [0.0037, 0.005, 0.0059, 0.0077, 0.0065]
   k   IS n   IS Sh  ctrl   IS DD  ctrl  | OOT Sh  ctrl   OOT DD  ctrl
  -16   3304   1.14   1.42   -21.3  -14.0 |  2.20   1.89    -10.8   -9.0
   -8   3649   1.26   1.41   -19.6  -14.2 |  2.30   1.52     -9.8   -9.4
    0   4184   1.25   1.25   -18.0  -18.0 |  1.97   1.97     -8.1   -8.1
    4   4320   1.20   1.24   -19.0  -19.2 |  2.01   2.05     -6.7   -8.0
    8   4431   1.22   1.26   -17.4  -18.6 |  1.79   2.00     -8.3   -9.1
   12   4504   1.19   1.25   -18.3  -17.6 |  0.81   1.93     -9.0   -9.1
   16   4548   1.24   1.26   -17.7  -17.7 |  0.72   1.90    -10.9   -9.1
   24   4624   1.30   1.25   -17.9  -17.9 |  1.43   1.94     -9.3   -9.1
