





medians: {'D_U_real': 0.1411, 'D_real_U': 0.1194, 'D_U_bs': 0.1612, 'D_bs_U': 0.1264, 'D_H_real': 0.7172, 'D_real_H': 3.1417, 'D_H_bs': 0.7837, 'D_bs_H': 3.4569}

=== 50-60 delta, D_U_real (median 0.141; k scaled so k*median = -0.4..+0.4) ===
 IS : x [0.038, 0.089, 0.144, 0.222, 0.413] loss [0.385, 0.395, 0.425, 0.457, 0.492] EV [0.0055, 0.0058, 0.0057, 0.0055, 0.0056]
 OOT: x [0.032, 0.08, 0.135, 0.217, 0.413] loss [0.379, 0.407, 0.432, 0.459, 0.504] EV [0.0067, 0.0064, 0.0067, 0.004, 0.0039]
    k     IS n   IS Sh  ctrl   IS DD  ctrl  | OOT Sh  ctrl   OOT DD  ctrl
   -2.83   3257   1.28   1.46   -13.0  -13.6 |  2.40   1.86     -6.2   -9.0
   -1.42   3768   1.33   1.39   -14.8  -15.3 |  2.66   1.58     -6.0   -9.4
   -0.71   3986   1.30   1.36   -16.4  -16.6 |  2.01   1.96    -10.2   -8.1
     0.0   4184   1.25   1.25   -18.0  -18.0 |  1.97   1.97     -8.1   -8.1
    0.71   4345   1.27   1.25   -18.7  -19.9 |  1.77   1.95    -12.2   -9.1
    1.42   4482   1.23   1.25   -18.5  -17.8 |  1.83   1.92     -9.9   -9.1
    2.83   4688   1.15   1.26   -25.0  -18.2 |  1.53   1.94    -12.8   -9.0

=== 50-60 delta, D_real_U (median 0.119; k scaled so k*median = -0.4..+0.4) ===
 IS : x [0.037, 0.081, 0.121, 0.168, 0.255] loss [0.39, 0.395, 0.424, 0.456, 0.489] EV [0.0053, 0.0054, 0.0057, 0.0056, 0.0061]
 OOT: x [0.031, 0.073, 0.114, 0.165, 0.255] loss [0.379, 0.408, 0.437, 0.452, 0.504] EV [0.0066, 0.0058, 0.0069, 0.0044, 0.004]
    k     IS n   IS Sh  ctrl   IS DD  ctrl  | OOT Sh  ctrl   OOT DD  ctrl
   -3.35   3337   1.23   1.43   -13.3  -14.0 |  2.43   1.93     -5.7   -9.0
   -1.67   3816   1.34   1.40   -14.9  -14.8 |  2.51   1.59     -6.0   -9.4
   -0.84   4013   1.35   1.36   -16.0  -16.2 |  1.90   2.02    -10.6   -7.2
     0.0   4184   1.25   1.25   -18.0  -18.0 |  1.97   1.97     -8.1   -8.1
    0.84   4322   1.33   1.24   -17.8  -19.2 |  2.27   2.05     -8.0   -8.0
    1.67   4448   1.26   1.26   -18.8  -18.4 |  1.86   1.99     -9.8   -9.1
    3.35   4657   1.22   1.25   -20.8  -18.4 |  1.56   1.94    -10.3   -9.0

=== 50-60 delta, D_U_bs (median 0.161; k scaled so k*median = -0.4..+0.4) ===
 IS : x [0.045, 0.1, 0.159, 0.235, 0.404] loss [0.319, 0.41, 0.441, 0.477, 0.507] EV [0.0071, 0.0059, 0.0053, 0.0051, 0.0046]
 OOT: x [0.057, 0.123, 0.181, 0.262, 0.447] loss [0.329, 0.425, 0.429, 0.478, 0.519] EV [0.0089, 0.0058, 0.0056, 0.0042, 0.0032]
    k     IS n   IS Sh  ctrl   IS DD  ctrl  | OOT Sh  ctrl   OOT DD  ctrl
   -2.48   3426   1.41   1.42   -13.0  -14.0 |  1.71   1.85     -8.3   -8.9
   -1.24   3853   1.33   1.39   -14.3  -14.6 |  2.24   1.52     -9.5   -9.4
   -0.62   4036   1.34   1.35   -14.9  -15.9 |  2.48   1.95     -7.4   -8.1
     0.0   4184   1.25   1.25   -18.0  -18.0 |  1.97   1.97     -8.1   -8.1
    0.62   4323   1.30   1.24   -18.5  -19.2 |  1.71   2.05     -8.1   -8.0
    1.24   4439   1.28   1.26   -17.0  -18.4 |  1.39   2.00    -15.0   -9.1
    2.48   4606   1.24   1.25   -19.3  -18.7 |  1.31   1.90    -19.6   -9.1

=== 50-60 delta, D_bs_U (median 0.126; k scaled so k*median = -0.4..+0.4) ===
 IS : x [0.042, 0.085, 0.125, 0.169, 0.243] loss [0.32, 0.409, 0.44, 0.478, 0.506] EV [0.0071, 0.0061, 0.0052, 0.0051, 0.0045]
 OOT: x [0.052, 0.101, 0.139, 0.183, 0.259] loss [0.333, 0.421, 0.427, 0.48, 0.519] EV [0.0088, 0.0058, 0.0057, 0.0041, 0.0032]
    k     IS n   IS Sh  ctrl   IS DD  ctrl  | OOT Sh  ctrl   OOT DD  ctrl
   -3.16   3477   1.47   1.42   -12.1  -14.2 |  1.82   1.71     -8.0   -9.0
   -1.58   3862   1.37   1.39   -14.4  -14.6 |  2.02   1.52     -9.1   -9.4
   -0.79   4050   1.35   1.33   -15.5  -16.2 |  2.49   1.95     -6.6   -8.1
     0.0   4184   1.25   1.25   -18.0  -18.0 |  1.97   1.97     -8.1   -8.1
    0.79   4311   1.30   1.25   -18.2  -19.3 |  1.99   2.05     -9.2   -8.0
    1.58   4423   1.27   1.25   -17.7  -18.7 |  1.67   1.97    -10.2   -9.1
    3.16   4592   1.25   1.26   -17.7  -18.8 |  1.30   1.90    -12.2   -9.1

=== 50-60 delta, D_H_real (median 0.717; k scaled so k*median = -0.4..+0.4) ===
 IS : x [0.348, 0.564, 0.718, 0.885, 1.223] loss [0.319, 0.414, 0.444, 0.477, 0.5] EV [0.0096, 0.0062, 0.0048, 0.0039, 0.0035]
 OOT: x [0.353, 0.556, 0.716, 0.889, 1.233] loss [0.341, 0.42, 0.438, 0.478, 0.504] EV [0.0115, 0.0063, 0.0046, 0.003, 0.0023]
    k     IS n   IS Sh  ctrl   IS DD  ctrl  | OOT Sh  ctrl   OOT DD  ctrl
   -0.56   3522   1.40   1.43   -15.3  -13.9 |  1.79   1.69     -8.1   -9.0
   -0.28   3884   1.39   1.38   -15.1  -15.0 |  2.27   1.51     -7.3   -9.4
   -0.14   4047   1.36   1.34   -16.6  -16.2 |  2.22   1.95     -7.7   -8.1
     0.0   4184   1.25   1.25   -18.0  -18.0 |  1.97   1.97     -8.1   -8.1
    0.14   4302   1.28   1.25   -18.2  -19.1 |  1.92   2.05     -9.2   -8.0
    0.28   4432   1.27   1.26   -20.2  -18.4 |  1.82   2.00    -10.3   -9.1
    0.56   4611   1.17   1.24   -20.3  -18.8 |  1.54   1.90     -9.8   -9.1

=== 50-60 delta, D_real_H (median 3.142; k scaled so k*median = -0.4..+0.4) ===
 IS : x [1.795, 2.638, 3.134, 3.647, 4.466] loss [0.313, 0.41, 0.437, 0.48, 0.513] EV [0.0113, 0.0085, 0.0066, 0.0025, -0.0008]
 OOT: x [1.855, 2.684, 3.209, 3.719, 4.535] loss [0.33, 0.406, 0.475, 0.478, 0.492] EV [0.0127, 0.0083, 0.0059, 0.0018, -0.001]
    k     IS n   IS Sh  ctrl   IS DD  ctrl  | OOT Sh  ctrl   OOT DD  ctrl
   -0.13   3573   1.42   1.39   -14.1  -14.1 |  2.25   1.47     -5.9   -9.1
   -0.06   3924   1.41   1.38   -15.1  -14.9 |  2.14   1.73     -6.3   -8.2
   -0.03   4071   1.32   1.30   -16.8  -16.5 |  2.26   1.99     -7.8   -8.1
     0.0   4184   1.25   1.25   -18.0  -18.0 |  1.97   1.97     -8.1   -8.1
    0.03   4291   1.24   1.24   -18.9  -19.0 |  1.95   2.07     -8.0   -8.0
    0.06   4404   1.26   1.25   -19.7  -18.6 |  1.77   1.95     -8.9   -9.1
    0.13   4596   1.31   1.26   -18.7  -18.6 |  1.85   1.90     -9.4   -9.1

=== 50-60 delta, D_H_bs (median 0.784; k scaled so k*median = -0.4..+0.4) ===
 IS : x [0.439, 0.641, 0.777, 0.926, 1.212] loss [0.31, 0.411, 0.443, 0.483, 0.507] EV [0.0074, 0.0061, 0.0051, 0.005, 0.0045]
 OOT: x [0.488, 0.699, 0.823, 0.975, 1.285] loss [0.312, 0.43, 0.43, 0.486, 0.522] EV [0.009, 0.0059, 0.0056, 0.0039, 0.0032]
    k     IS n   IS Sh  ctrl   IS DD  ctrl  | OOT Sh  ctrl   OOT DD  ctrl
   -0.51   3459   1.47   1.42   -12.8  -14.0 |  1.78   1.75     -9.5   -8.9
   -0.26   3858   1.38   1.38   -14.3  -14.6 |  2.11   1.52     -7.3   -9.4
   -0.13   4038   1.35   1.35   -15.8  -15.9 |  2.25   1.95     -7.9   -8.1
     0.0   4184   1.25   1.25   -18.0  -18.0 |  1.97   1.97     -8.1   -8.1
    0.13   4315   1.27   1.24   -18.1  -19.3 |  1.86   2.05     -9.2   -8.0
    0.26   4429   1.32   1.26   -18.7  -18.6 |  1.80   2.00     -9.4   -9.1
    0.51   4595   1.25   1.26   -17.9  -18.6 |  1.59   1.90    -10.4   -9.1

=== 50-60 delta, D_bs_H (median 3.457; k scaled so k*median = -0.4..+0.4) ===
 IS : x [2.3, 3.047, 3.439, 3.773, 4.166] loss [0.309, 0.408, 0.449, 0.486, 0.502] EV [0.0074, 0.0063, 0.0053, 0.0041, 0.005]
 OOT: x [2.478, 3.204, 3.55, 3.856, 4.24] loss [0.312, 0.413, 0.445, 0.479, 0.531] EV [0.0092, 0.0062, 0.005, 0.0034, 0.004]
    k     IS n   IS Sh  ctrl   IS DD  ctrl  | OOT Sh  ctrl   OOT DD  ctrl
   -0.12   3445   1.46   1.41   -13.7  -14.1 |  1.78   1.78     -7.0   -8.9
   -0.06   3855   1.42   1.38   -14.4  -14.7 |  1.77   1.52     -9.1   -9.4
   -0.03   4036   1.35   1.35   -15.6  -15.9 |  2.21   1.95     -7.9   -8.1
     0.0   4184   1.25   1.25   -18.0  -18.0 |  1.97   1.97     -8.1   -8.1
    0.03   4318   1.22   1.24   -18.9  -19.3 |  2.07   2.05     -8.0   -8.0
    0.06   4437   1.24   1.26   -18.4  -18.4 |  1.95   2.00    -10.6   -9.1
    0.12   4619   1.27   1.24   -17.9  -18.5 |  1.89   1.90     -8.3   -9.1
