pairs IS 1,203,470 OOT 130,477  [9s]
band 0.05-0.15 done [15s]
band 0.10-0.20 done [20s]
band 0.15-0.25 done [25s]
band 0.20-0.30 done [32s]
band 0.25-0.35 done [37s]
band 0.30-0.40 done [42s]
band 0.35-0.45 done [47s]
band 0.40-0.60 done [53s]

===== fill 1.1x model, k=0 (thr 0.01, top-5/day) =====
     band  tgt  cands  cred_w  raw_win  is_n  is_fin  is_sh  is_dd  is_loss  oot_n  oot_fin  oot_sh  oot_dd
0.05-0.15 0.10  92778   0.043    0.930  3717   33027   3.01  -10.8      3.2    520    13394    5.07    -2.6
0.10-0.20 0.15 103114   0.074    0.880  3772   30613   2.25   -9.4      6.3    560    12306    1.82   -12.0
0.15-0.25 0.20 101655   0.114    0.826  3804   19417   0.81  -32.2     12.0    573    10977    0.67   -22.0
0.20-0.30 0.25  96443   0.157    0.768  3910   10929   0.22  -55.7     18.0    572    10445    0.32   -15.1
0.25-0.35 0.30  89452   0.204    0.713  3938   10469   0.16  -41.5     22.5    573    10356    0.18   -18.3
0.30-0.40 0.35  84127   0.254    0.659  4006    9548   0.11  -51.6     27.6    575     8206   -0.30   -29.3
0.35-0.45 0.40  80381   0.306    0.605  4103   11082   0.21  -41.1     32.9    571     9504   -0.28   -23.8
0.40-0.60 0.50 113481   0.406    0.499  4659   42232   1.49  -15.9     37.0    596    15225    2.40   -10.1

===== fill 1.1x model, k=8 (thr 0.01, top-5/day) =====
     band  tgt  cands  cred_w  raw_win  is_n  is_fin  is_sh  is_dd  is_loss  oot_n  oot_fin  oot_sh  oot_dd
0.05-0.15 0.10  92778   0.043    0.930  4095   37782   4.30   -7.9      2.4    534    14119    7.63    -1.7
0.10-0.20 0.15 103114   0.074    0.880  3943   32021   2.54   -8.7      5.8    563    12756    2.38    -9.0
0.15-0.25 0.20 101655   0.114    0.826  3857   21194   1.00  -24.4     11.5    573    10850    0.60   -21.2
0.20-0.30 0.25  96443   0.157    0.768  3936   10300   0.19  -56.9     18.0    573    10146    0.16   -16.3
0.25-0.35 0.30  89452   0.204    0.713  3949    9932   0.13  -43.8     22.4    574    11045    0.63   -15.7
0.30-0.40 0.35  84127   0.254    0.659  4011   10148   0.14  -50.1     27.4    576     7871   -0.59   -32.8
0.35-0.45 0.40  80381   0.306    0.605  4103   11019   0.20  -40.2     32.9    571     9282   -0.36   -26.9
0.40-0.60 0.50 113481   0.406    0.499  4660   42896   1.51  -15.8     36.9    596    15203    2.39   -10.1

===== fill 1.0x model, k=0 (thr 0.01, top-5/day) =====
     band  tgt  cands  cred_w  raw_win  is_n  is_fin  is_sh  is_dd  is_loss  oot_n  oot_fin  oot_sh  oot_dd
0.05-0.15 0.10  92778   0.043    0.930  3717   28907   2.47  -12.8      3.2    520    12756    4.20    -2.9
0.10-0.20 0.15 103114   0.074    0.880  3772   24570   1.63  -13.0      6.3    560    11282    1.03   -14.7
0.15-0.25 0.20 101655   0.114    0.826  3804   10928   0.19  -42.1     12.0    573     9487   -0.17   -27.0
0.20-0.30 0.25  96443   0.157    0.768  3910    -685   0.53 -128.1     18.0    572     8397   -0.78   -25.1
0.25-0.35 0.30  89452   0.204    0.713  3938   -3798   0.62 -139.6     22.5    573     7909   -0.85   -32.9
0.30-0.40 0.35  84127   0.254    0.659  4006   -8033   0.09 -170.6     27.6    575     5369   -1.31   -54.0
0.35-0.45 0.40  80381   0.306    0.605  4103  -10152   0.34 -190.3     32.9    571     6180   -1.65   -45.4
0.40-0.60 0.50 113481   0.406    0.499  4661   11526   0.24  -38.3     37.0    596    10997    0.57   -23.4

===== fill 1.0x model, k=8 (thr 0.01, top-5/day) =====
     band  tgt  cands  cred_w  raw_win  is_n  is_fin  is_sh  is_dd  is_loss  oot_n  oot_fin  oot_sh  oot_dd
0.05-0.15 0.10  92778   0.043    0.930  4095   33535   3.68   -9.2      2.4    534    13515    6.74    -1.9
0.10-0.20 0.15 103114   0.074    0.880  3943   26091   1.90  -10.6      5.8    563    11791    1.56   -11.3
0.15-0.25 0.20 101655   0.114    0.826  3857   12818   0.34  -32.7     11.5    573     9421   -0.22   -25.9
0.20-0.30 0.25  96443   0.157    0.768  3936   -1292   0.08 -129.3     18.0    573     8107   -0.91   -28.5
0.25-0.35 0.30  89452   0.204    0.713  3949   -4294  -0.44 -143.9     22.4    574     8602   -0.47   -29.6
0.30-0.40 0.35  84127   0.254    0.659  4011   -7422  -0.16 -165.5     27.4    576     5043   -1.50   -57.3
0.35-0.45 0.40  80381   0.306    0.605  4103  -10207   0.47 -190.8     32.9    571     5964   -1.68   -47.6
0.40-0.60 0.50 113481   0.406    0.499  4662   12176   0.27  -36.7     37.0    596    10987    0.56   -23.4
===== A. COMMISSION STRESS (per spread per contract, opening only; IBKR ~$0.65/leg) — fill 1.1, k=8, thr 0.01 =====
  tgt 0.10 fill 1.1 comm $0.00: IS n=4095 $  37,782 Sh  4.30 DD   -7.9% worst wk  -4.8% | OOT $ 14,119 Sh  7.63 DD   -1.7%
  tgt 0.10 fill 1.1 comm $1.30: IS n=4095 $  32,458 Sh  3.51 DD   -9.7% worst wk  -5.5% | OOT $ 13,425 Sh  6.57 DD   -2.0%
  tgt 0.10 fill 1.1 comm $2.60: IS n=4095 $  27,135 Sh  2.69 DD  -11.8% worst wk  -6.4% | OOT $ 12,731 Sh  5.38 DD   -2.3%
  tgt 0.10 fill 1.0 comm $0.00: IS n=4095 $  33,535 Sh  3.68 DD   -9.2% worst wk  -5.4% | OOT $ 13,515 Sh  6.74 DD   -1.9%
  tgt 0.10 fill 1.0 comm $1.30: IS n=4095 $  28,212 Sh  2.87 DD  -11.3% worst wk  -6.2% | OOT $ 12,821 Sh  5.57 DD   -2.2%
  tgt 0.10 fill 1.0 comm $2.60: IS n=4095 $  22,888 Sh  2.03 DD  -15.6% worst wk  -7.3% | OOT $ 12,127 Sh  4.28 DD   -2.5%
  tgt 0.15 fill 1.1 comm $0.00: IS n=3943 $  32,021 Sh  2.54 DD   -8.7% worst wk  -6.4% | OOT $ 12,756 Sh  2.38 DD   -9.0%
  tgt 0.15 fill 1.1 comm $1.30: IS n=3943 $  26,895 Sh  1.98 DD  -10.3% worst wk  -7.4% | OOT $ 12,024 Sh  1.76 DD  -10.7%
  tgt 0.15 fill 1.1 comm $2.60: IS n=3943 $  21,769 Sh  1.41 DD  -14.1% worst wk  -8.6% | OOT $ 11,292 Sh  1.13 DD  -12.7%
  tgt 0.15 fill 1.0 comm $0.00: IS n=3943 $  26,091 Sh  1.90 DD  -10.6% worst wk  -7.5% | OOT $ 11,791 Sh  1.56 DD  -11.3%
  tgt 0.15 fill 1.0 comm $1.30: IS n=3943 $  20,965 Sh  1.32 DD  -15.0% worst wk  -8.8% | OOT $ 11,059 Sh  0.93 DD  -13.3%
  tgt 0.15 fill 1.0 comm $2.60: IS n=3943 $  15,839 Sh  0.74 DD  -23.9% worst wk -10.6% | OOT $ 10,328 Sh  0.31 DD  -15.4%
  tgt 0.20 fill 1.1 comm $0.00: IS n=3857 $  21,194 Sh  1.00 DD  -24.4% worst wk  -7.1% | OOT $ 10,850 Sh  0.60 DD  -21.2%
  tgt 0.20 fill 1.1 comm $1.30: IS n=3857 $  16,180 Sh  0.60 DD  -29.5% worst wk  -8.6% | OOT $ 10,105 Sh  0.17 DD  -23.6%
  tgt 0.20 fill 1.1 comm $2.60: IS n=3857 $  11,166 Sh  0.21 DD  -37.3% worst wk -11.8% | OOT $  9,360 Sh -0.25 DD  -26.1%
  tgt 0.20 fill 1.0 comm $0.00: IS n=3857 $  12,818 Sh  0.34 DD  -32.7% worst wk -10.5% | OOT $  9,421 Sh -0.22 DD  -25.9%
  tgt 0.20 fill 1.0 comm $1.30: IS n=3857 $   7,803 Sh -0.04 DD  -52.9% worst wk -15.4% | OOT $  8,676 Sh -0.63 DD  -28.7%
  tgt 0.20 fill 1.0 comm $2.60: IS n=3857 $   2,789 Sh -0.25 DD  -87.7% worst wk -28.0% | OOT $  7,931 Sh -1.04 DD  -31.7%
  tgt 0.50 fill 1.1 comm $0.00: IS n=4660 $  42,896 Sh  1.51 DD  -15.8% worst wk -11.8% | OOT $ 15,203 Sh  2.39 DD  -10.1%
  tgt 0.50 fill 1.1 comm $1.30: IS n=4660 $  36,838 Sh  1.30 DD  -18.1% worst wk -12.1% | OOT $ 14,428 Sh  2.05 DD  -11.0%
  tgt 0.50 fill 1.1 comm $2.60: IS n=4660 $  30,780 Sh  1.07 DD  -20.7% worst wk -12.4% | OOT $ 13,654 Sh  1.71 DD  -12.3%
  tgt 0.50 fill 1.0 comm $0.00: IS n=4662 $  12,176 Sh  0.27 DD  -36.7% worst wk -13.8% | OOT $ 10,987 Sh  0.56 DD  -23.4%
  tgt 0.50 fill 1.0 comm $1.30: IS n=4662 $   6,115 Sh  0.02 DD  -64.0% worst wk -21.6% | OOT $ 10,212 Sh  0.23 DD  -26.9%
  tgt 0.50 fill 1.0 comm $2.60: IS n=4662 $      55 Sh -0.04 DD -107.4% worst wk -386.5% | OOT $  9,437 Sh -0.09 DD  -30.5%

===== C. 10-delta band, fill 1.1, k=8: year by year and worst weeks =====
  2020: n= 163 final $ 11,325 Sh  4.84 DD   -2.2% worst week  -2.2%   (comm $1.30)
  2021: n= 736 final $ 16,100 Sh 10.82 DD   -1.6% worst week  -1.6%   (comm $1.30)
  2022: n= 827 final $  9,795 Sh -0.05 DD  -16.1% worst week  -9.5%   (comm $1.30)
  2023: n= 720 final $ 13,905 Sh  4.35 DD   -5.2% worst week  -5.2%   (comm $1.30)
  2024: n= 933 final $ 16,861 Sh  6.06 DD   -4.8% worst week  -4.8%   (comm $1.30)
  2025: n= 716 final $ 14,443 Sh  4.89 DD   -3.9% worst week  -2.9%   (comm $1.30)
  2026: n= 534 final $ 13,425 Sh  6.57 DD   -2.0% worst week  -2.0%   (comm $1.30)
  five worst expiry weeks (IS): [('2022-11-11', -975), ('2022-10-28', -823), ('2024-08-02', -702), ('2022-05-27', -623), ('2023-07-21', -623)]
  10-delta book: median credit $9/contract, median max loss $95, share credit < $0.05/share 23.5%, median OTM 4.03%

===== B. FILLABILITY at 10-delta on REAL IBKR chains (15:31 snapshots): smile-fit model credit vs IBKR mid / natural =====
  chain rows 1,045 for 79 chains  [0s]
  fitted 77 chains  [0s]
  candidates with model credit 99.3%; med model 0.837 vs vendor mid 0.790; med fit_n 13 rmse 0.0025  [0s]
  chain rows 807 for 79 chains  [0s]
  fitted 75 chains  [0s]
  candidates with model credit 98.4%; med model 0.934 vs vendor mid 0.900; med fit_n 10 rmse 0.0047  [0s]
  chain rows 1,138 for 79 chains  [0s]
  fitted 78 chains  [0s]
  candidates with model credit 99.7%; med model 0.788 vs vendor mid 0.750; med fit_n 15 rmse 0.0017  [0s]
  chain rows 1,123 for 79 chains  [0s]
  fitted 78 chains  [0s]
  candidates with model credit 99.7%; med model 0.817 vs vendor mid 0.777; med fit_n 15 rmse 0.0015  [0s]
  chain rows 1,037 for 79 chains  [0s]
  fitted 77 chains  [0s]
  candidates with model credit 99.3%; med model 0.860 vs vendor mid 0.797; med fit_n 12 rmse 0.0025  [0s]
  chain rows 1,031 for 79 chains  [0s]
  fitted 76 chains  [0s]
  candidates with model credit 98.8%; med model 0.838 vs vendor mid 0.800; med fit_n 11 rmse 0.0044  [0s]
  chain rows 811 for 78 chains  [0s]
  fitted 72 chains  [0s]
  candidates with model credit 96.9%; med model 0.947 vs vendor mid 0.883; med fit_n 10 rmse 0.0035  [0s]
  chain rows 1,174 for 78 chains  [0s]
  fitted 76 chains  [0s]
  candidates with model credit 99.4%; med model 0.851 vs vendor mid 0.825; med fit_n 15 rmse 0.0011  [0s]
  chain rows 1,125 for 78 chains  [0s]
  fitted 75 chains  [0s]
  candidates with model credit 99.2%; med model 0.813 vs vendor mid 0.800; med fit_n 15 rmse 0.0008  [0s]
  chain rows 1,124 for 78 chains  [0s]
  fitted 77 chains  [0s]
  candidates with model credit 99.7%; med model 0.858 vs vendor mid 0.850; med fit_n 15 rmse 0.0012  [0s]
  chain rows 1,040 for 77 chains  [0s]
  fitted 77 chains  [0s]
  candidates with model credit 100.0%; med model 0.826 vs vendor mid 0.820; med fit_n 13 rmse 0.0010  [0s]
  chain rows 1,010 for 76 chains  [0s]
  fitted 72 chains  [0s]
  candidates with model credit 98.6%; med model 0.885 vs vendor mid 0.850; med fit_n 13 rmse 0.0025  [0s]
  chain rows 1,069 for 78 chains  [0s]
  fitted 76 chains  [0s]
  candidates with model credit 99.3%; med model 0.844 vs vendor mid 0.800; med fit_n 14 rmse 0.0031  [0s]
  chain rows 804 for 76 chains  [0s]
  fitted 72 chains  [0s]
  candidates with model credit 97.9%; med model 0.934 vs vendor mid 0.875; med fit_n 11 rmse 0.0039  [0s]
  chain rows 793 for 76 chains  [0s]
  fitted 67 chains  [0s]
  candidates with model credit 96.2%; med model 0.957 vs vendor mid 0.895; med fit_n 11 rmse 0.0043  [0s]
  chain rows 1,148 for 77 chains  [0s]
  fitted 76 chains  [0s]
  candidates with model credit 99.7%; med model 0.829 vs vendor mid 0.775; med fit_n 14 rmse 0.0007  [0s]
  chain rows 1,189 for 78 chains  [0s]
  fitted 77 chains  [0s]
  candidates with model credit 99.7%; med model 0.823 vs vendor mid 0.765; med fit_n 16 rmse 0.0008  [0s]
  chain rows 1,116 for 77 chains  [0s]
  fitted 76 chains  [0s]
  candidates with model credit 99.7%; med model 0.792 vs vendor mid 0.743; med fit_n 15 rmse 0.0013  [0s]
  chain rows 1,266 for 57 chains  [0s]
  fitted 57 chains  [0s]
  candidates with model credit 100.0%; med model 0.548 vs vendor mid 0.525; med fit_n 21 rmse 0.0011  [0s]
  chain rows 1,137 for 50 chains  [0s]
  fitted 50 chains  [0s]
  candidates with model credit 100.0%; med model 0.692 vs vendor mid 0.660; med fit_n 24 rmse 0.0012  [0s]
  chain rows 975 for 50 chains  [0s]
  fitted 48 chains  [0s]
  candidates with model credit 99.8%; med model 0.739 vs vendor mid 0.700; med fit_n 20 rmse 0.0032  [0s]
  chain rows 988 for 50 chains  [0s]
  fitted 50 chains  [0s]
  candidates with model credit 100.0%; med model 0.749 vs vendor mid 0.720; med fit_n 18 rmse 0.0027  [0s]
  chain rows 1,806 for 77 chains  [0s]
  fitted 77 chains  [0s]
  candidates with model credit 100.0%; med model 0.533 vs vendor mid 0.525; med fit_n 23 rmse 0.0019  [0s]
  chain rows 1,814 for 77 chains  [0s]
  fitted 77 chains  [0s]
  candidates with model credit 100.0%; med model 0.536 vs vendor mid 0.547; med fit_n 24 rmse 0.0023  [0s]
  chain rows 1,240 for 59 chains  [0s]
  fitted 57 chains  [0s]
  candidates with model credit 99.7%; med model 0.485 vs vendor mid 0.500; med fit_n 22 rmse 0.0026  [0s]
  chain rows 574 for 25 chains  [0s]
  fitted 25 chains  [0s]
  candidates with model credit 100.0%; med model 0.479 vs vendor mid 0.505; med fit_n 23 rmse 0.0033  [0s]
  chain rows 1,202 for 64 chains  [0s]
  fitted 64 chains  [0s]
  candidates with model credit 100.0%; med model 0.615 vs vendor mid 0.592; med fit_n 18 rmse 0.0038  [0s]
  chain rows 1,262 for 67 chains  [0s]
  fitted 67 chains  [0s]
  candidates with model credit 100.0%; med model 0.580 vs vendor mid 0.565; med fit_n 19 rmse 0.0038  [0s]
  chain rows 1,399 for 58 chains  [0s]
  fitted 58 chains  [0s]
  candidates with model credit 100.0%; med model 0.607 vs vendor mid 0.600; med fit_n 25 rmse 0.0006  [0s]
  chain rows 1,269 for 50 chains  [0s]
  fitted 50 chains  [0s]
  candidates with model credit 100.0%; med model 0.640 vs vendor mid 0.645; med fit_n 25 rmse 0.0007  [0s]
  chain rows 1,438 for 62 chains  [0s]
  fitted 62 chains  [0s]
  candidates with model credit 100.0%; med model 0.616 vs vendor mid 0.605; med fit_n 24 rmse 0.0010  [0s]
  chain rows 1,428 for 62 chains  [0s]
  fitted 62 chains  [0s]
  candidates with model credit 100.0%; med model 0.616 vs vendor mid 0.600; med fit_n 23 rmse 0.0010  [0s]
  chain rows 1,359 for 62 chains  [0s]
  fitted 62 chains  [0s]
  candidates with model credit 100.0%; med model 0.613 vs vendor mid 0.590; med fit_n 23 rmse 0.0009  [0s]
  chain rows 1,593 for 73 chains  [0s]
  fitted 72 chains  [0s]
  candidates with model credit 99.9%; med model 0.594 vs vendor mid 0.563; med fit_n 21 rmse 0.0013  [0s]
  chain rows 1,578 for 73 chains  [0s]
  fitted 73 chains  [0s]
  candidates with model credit 100.0%; med model 0.618 vs vendor mid 0.575; med fit_n 22 rmse 0.0019  [0s]
  chain rows 878 for 43 chains  [0s]
  fitted 43 chains  [0s]
  candidates with model credit 100.0%; med model 0.621 vs vendor mid 0.605; med fit_n 22 rmse 0.0027  [0s]
  chain rows 1,224 for 65 chains  [0s]
  fitted 65 chains  [0s]
  candidates with model credit 100.0%; med model 0.613 vs vendor mid 0.605; med fit_n 20 rmse 0.0026  [0s]
  chain rows 1,607 for 71 chains  [0s]
  fitted 71 chains  [0s]
  candidates with model credit 100.0%; med model 0.566 vs vendor mid 0.555; med fit_n 23 rmse 0.0007  [0s]
  chain rows 1,573 for 71 chains  [0s]
  fitted 71 chains  [0s]
  candidates with model credit 100.0%; med model 0.568 vs vendor mid 0.560; med fit_n 23 rmse 0.0007  [0s]
  chain rows 1,530 for 70 chains  [0s]
  fitted 70 chains  [0s]
  candidates with model credit 100.0%; med model 0.532 vs vendor mid 0.535; med fit_n 22 rmse 0.0012  [0s]
  chain rows 1,541 for 70 chains  [0s]
  fitted 70 chains  [0s]
  candidates with model credit 100.0%; med model 0.531 vs vendor mid 0.525; med fit_n 20 rmse 0.0013  [0s]
  chain rows 1,439 for 70 chains  [0s]
  fitted 69 chains  [0s]
  candidates with model credit 99.8%; med model 0.562 vs vendor mid 0.550; med fit_n 22 rmse 0.0020  [0s]
  chain rows 1,409 for 70 chains  [0s]
  fitted 69 chains  [0s]
  candidates with model credit 99.8%; med model 0.544 vs vendor mid 0.535; med fit_n 21 rmse 0.0018  [0s]
  chain rows 1,253 for 70 chains  [0s]
  fitted 68 chains  [0s]
  candidates with model credit 99.7%; med model 0.598 vs vendor mid 0.583; med fit_n 18 rmse 0.0031  [0s]
  chain rows 1,245 for 70 chains  [0s]
  fitted 67 chains  [0s]
  candidates with model credit 99.4%; med model 0.590 vs vendor mid 0.555; med fit_n 18 rmse 0.0031  [0s]
  chain rows 1,793 for 76 chains  [0s]
  fitted 76 chains  [0s]
  candidates with model credit 100.0%; med model 0.604 vs vendor mid 0.585; med fit_n 23 rmse 0.0005  [0s]
  chain rows 1,799 for 76 chains  [0s]
  fitted 76 chains  [0s]
  candidates with model credit 100.0%; med model 0.606 vs vendor mid 0.585; med fit_n 24 rmse 0.0007  [0s]
  chain rows 1,727 for 77 chains  [0s]
  fitted 77 chains  [0s]
  candidates with model credit 100.0%; med model 0.588 vs vendor mid 0.600; med fit_n 21 rmse 0.0007  [0s]
  chain rows 1,774 for 77 chains  [0s]
  fitted 77 chains  [0s]
  candidates with model credit 100.0%; med model 0.584 vs vendor mid 0.580; med fit_n 20 rmse 0.0007  [0s]
  chain rows 1,668 for 77 chains  [0s]
  fitted 77 chains  [0s]
  candidates with model credit 100.0%; med model 0.575 vs vendor mid 0.575; med fit_n 22 rmse 0.0011  [0s]
  chain rows 1,641 for 77 chains  [0s]
  fitted 77 chains  [0s]
  candidates with model credit 100.0%; med model 0.587 vs vendor mid 0.580; med fit_n 20 rmse 0.0013  [0s]
  chain rows 1,354 for 75 chains  [0s]
  fitted 74 chains  [0s]
  candidates with model credit 99.8%; med model 0.606 vs vendor mid 0.578; med fit_n 19 rmse 0.0030  [0s]
  chain rows 1,408 for 76 chains  [0s]
  fitted 75 chains  [0s]
  candidates with model credit 99.8%; med model 0.594 vs vendor mid 0.575; med fit_n 19 rmse 0.0030  [0s]
  10-delta spreads on IBKR chains: 8,284 from 53 snapshots
  model credit median $0.101; IBKR mid median $0.090; IBKR natural median $-0.020
  model / IBKR mid: [0.63, 0.85, 1.02, 1.37, 4.36]
  share where IBKR natural >= model credit (fillable at model without improvement): 1.2%
  share where IBKR natural >= 0.8 x model: 8.6%;  share short-leg bid <= $0.01: 1.0%;  share model credit < $0.05: 17.6%
  short-leg bid-ask width median $0.12 vs model credit $0.101
50-60 delta, fill 1.08, comm $1.30. corr(D_cert_iv, fitted short delta) = 0.882

EQUAL-COUNT CONTROL: reward D_cert_iv at thr 0.01 vs k=0 with threshold lowered to match n
  k=2: reward IS n=5157 $40,987 Sh 1.31 DD -19.0% | OOT n=600 $15,615 Sh 2.28 DD -8.9%
       k=0 thr 0.0019: IS n=5157 $37,907 Sh 1.21 DD -19.9% | OOT n=600 $14,494 Sh 1.94 DD -9.0%
  k=4: reward IS n=5224 $44,693 Sh 1.40 DD -19.2% | OOT n=600 $15,303 Sh 2.28 DD -10.0%
       k=0 thr 0.0004: IS n=5224 $38,822 Sh 1.24 DD -19.3% | OOT n=600 $14,494 Sh 1.94 DD -9.0%
  k=8: reward IS n=5237 $45,910 Sh 1.41 DD -20.6% | OOT n=600 $14,612 Sh 2.34 DD -11.8%
       k=0 thr 0.0000: IS n=5237 $38,779 Sh 1.24 DD -19.2% | OOT n=600 $14,494 Sh 1.94 DD -9.0%

DELTA-ONLY CONTROL: GROUND = EV * exp(k * (delta-0.5))
  k=0  : IS n=4184 $35,917 Sh 1.25 DD -18.0% | OOT n=560 $14,068 Sh 1.97 DD -8.1%
  k=5  : IS n=4513 $40,352 Sh 1.36 DD -17.2% | OOT n=582 $14,734 Sh 2.14 DD -8.4%
  k=10 : IS n=4755 $44,359 Sh 1.46 DD -17.0% | OOT n=599 $14,134 Sh 1.92 DD -9.2%
  k=20 : IS n=5024 $42,378 Sh 1.42 DD -17.2% | OOT n=600 $14,086 Sh 2.09 DD -7.8%
  k=40 : IS n=5189 $39,021 Sh 1.33 DD -17.2% | OOT n=600 $15,422 Sh 3.20 DD -4.7%

YEAR BY YEAR, reward D_cert_iv: Sharpe at k=0 / 4 / 8
  2020: k=0  2.22   k=4  2.25   k=8  2.03
  2021: k=0  1.13   k=4  1.35   k=8  1.63
  2022: k=0  1.46   k=4  1.27   k=8  0.97
  2023: k=0 -0.04   k=4  0.59   k=8  0.62
  2024: k=0  2.29   k=4  2.87   k=8  2.67
  2025: k=0  1.15   k=4  1.09   k=8  1.43
  2026: k=0  1.97   k=4  2.28   k=8  2.34

selected book k=0: med fitted delta 0.548, med credit/width 0.504, bull_put share 0.78, med IV 0.318, DTE mix {1: 0.17, 2: 0.25, 3: 0.3, 4: 0.28}

selected book k=8: med fitted delta 0.565, med credit/width 0.512, bull_put share 0.79, med IV 0.313, DTE mix {1: 0.25, 2: 0.26, 3: 0.26, 4: 0.23}
