



  tgt 0.10 fill 1.1 comm $0.00: IS n=4095 $  37,782 Sh  4.30 DD   -7.9% worst wk  -4.8% | OOT $ 14,119 Sh  7.63 DD   -1.7%
  tgt 0.10 fill 1.1 comm $1.30: IS n=4095 $  32,458 Sh  3.51 DD   -9.7% worst wk  -5.5% | OOT $ 13,425 Sh  6.57 DD   -2.0%
  tgt 0.10 fill 1.1 comm $2.60: IS n=4095 $  27,135 Sh  2.69 DD  -11.8% worst wk  -6.4% | OOT $ 12,731 Sh  5.38 DD   -2.3%
  tgt 0.10 fill 1.0 comm $0.00: IS n=4095 $  33,535 Sh  3.68 DD   -9.2% worst wk  -5.4% | OOT $ 13,515 Sh  6.74 DD   -1.9%
  tgt 0.10 fill 1.0 comm $1.30: IS n=4095 $  28,212 Sh  2.87 DD  -11.3% worst wk  -6.2% | OOT $ 12,821 Sh  5.57 DD   -2.2%
  tgt 0.10 fill 1.0 comm $2.60: IS n=4095 $  22,888 Sh  2.03 DD  -15.6% worst wk  -7.3% | OOT $ 12,127 Sh  4.28 DD   -2.5%
  tgt 0.15 fill 1.1 comm $0.00: IS n=3943 $  32,021 Sh  2.54 DD   -8.7% worst wk  -6.4% | OOT $ 12,756 Sh  2.38 DD   -9.0%
  tgt 0.15 fill 1.1 comm $1.30: IS n=3943 $  26,895 Sh  1.98 DD  -10.3% worst wk  -7.4% | OOT $ 12,024 Sh  1.76 DD  -10.7%
  tgt 0.15 fill 1.1 comm $2.60: IS n=3943 $  21,769 Sh  1.41 DD  -14.1% worst wk  -8.6% | OOT $ 11,292 Sh  1.13 DD  -12.7%
  tgt 0.15 fill 1.0 comm $0.00: IS n=3943 $  26,091 Sh  1.90 DD  -10.6% worst wk  -7.5% | OOT $ 11,791 Sh  1.56 DD  -11.3%
  tgt 0.15 fill 1.0 comm $1.30: IS n=3943 $  20,965 Sh  1.32 DD  -15.0% worst wk  -8.8% | OOT $ 11,059 Sh  0.93 DD  -13.3%
  tgt 0.15 fill 1.0 comm $2.60: IS n=3943 $  15,839 Sh  0.74 DD  -23.9% worst wk -10.6% | OOT $ 10,328 Sh  0.31 DD  -15.4%
  tgt 0.20 fill 1.1 comm $0.00: IS n=3857 $  21,194 Sh  1.00 DD  -24.4% worst wk  -7.1% | OOT $ 10,850 Sh  0.60 DD  -21.2%
  tgt 0.20 fill 1.1 comm $1.30: IS n=3857 $  16,180 Sh  0.60 DD  -29.5% worst wk  -8.6% | OOT $ 10,105 Sh  0.17 DD  -23.6%
  tgt 0.20 fill 1.1 comm $2.60: IS n=3857 $  11,166 Sh  0.21 DD  -37.3% worst wk -11.8% | OOT $  9,360 Sh -0.25 DD  -26.1%
  tgt 0.20 fill 1.0 comm $0.00: IS n=3857 $  12,818 Sh  0.34 DD  -32.7% worst wk -10.5% | OOT $  9,421 Sh -0.22 DD  -25.9%
  tgt 0.20 fill 1.0 comm $1.30: IS n=3857 $   7,803 Sh -0.04 DD  -52.9% worst wk -15.4% | OOT $  8,676 Sh -0.63 DD  -28.7%
  tgt 0.20 fill 1.0 comm $2.60: IS n=3857 $   2,789 Sh -0.25 DD  -87.7% worst wk -28.0% | OOT $  7,931 Sh -1.04 DD  -31.7%
  tgt 0.50 fill 1.1 comm $0.00: IS n=4660 $  42,896 Sh  1.51 DD  -15.8% worst wk -11.8% | OOT $ 15,203 Sh  2.39 DD  -10.1%
  tgt 0.50 fill 1.1 comm $1.30: IS n=4660 $  36,838 Sh  1.30 DD  -18.1% worst wk -12.1% | OOT $ 14,428 Sh  2.05 DD  -11.0%
  tgt 0.50 fill 1.1 comm $2.60: IS n=4660 $  30,780 Sh  1.07 DD  -20.7% worst wk -12.4% | OOT $ 13,654 Sh  1.71 DD  -12.3%
  tgt 0.50 fill 1.0 comm $0.00: IS n=4662 $  12,176 Sh  0.27 DD  -36.7% worst wk -13.8% | OOT $ 10,987 Sh  0.56 DD  -23.4%
  tgt 0.50 fill 1.0 comm $1.30: IS n=4662 $   6,115 Sh  0.02 DD  -64.0% worst wk -21.6% | OOT $ 10,212 Sh  0.23 DD  -26.9%
  tgt 0.50 fill 1.0 comm $2.60: IS n=4662 $      55 Sh -0.04 DD -107.4% worst wk -386.5% | OOT $  9,437 Sh -0.09 DD  -30.5%

  2020: n= 163 final $ 11,325 Sh  4.84 DD   -2.2% worst week  -2.2%   (comm $1.30)
  2021: n= 736 final $ 16,100 Sh 10.82 DD   -1.6% worst week  -1.6%   (comm $1.30)
  2022: n= 827 final $  9,795 Sh -0.05 DD  -16.1% worst week  -9.5%   (comm $1.30)
  2023: n= 720 final $ 13,905 Sh  4.35 DD   -5.2% worst week  -5.2%   (comm $1.30)
  2024: n= 933 final $ 16,861 Sh  6.06 DD   -4.8% worst week  -4.8%   (comm $1.30)
  2025: n= 716 final $ 14,443 Sh  4.89 DD   -3.9% worst week  -2.9%   (comm $1.30)
  2026: n= 534 final $ 13,425 Sh  6.57 DD   -2.0% worst week  -2.0%   (comm $1.30)
  five worst expiry weeks (IS): [('2022-11-11', -975), ('2022-10-28', -823), ('2024-08-02', -702), ('2022-05-27', -623), ('2023-07-21', -623)]
  10-delta book: median credit $9/contract, median max loss $95, share credit < $0.05/share 23.5%, median OTM 4.03%

  10-delta spreads on IBKR chains: 8,284 from 53 snapshots
  model credit median $0.101; IBKR mid median $0.090; IBKR natural median $-0.020
  model / IBKR mid: [0.63, 0.85, 1.02, 1.37, 4.36]
  share where IBKR natural >= model credit (fillable at model without improvement): 1.2%
  share where IBKR natural >= 0.8 x model: 8.6%;  share short-leg bid <= $0.01: 1.0%;  share model credit < $0.05: 17.6%
  short-leg bid-ask width median $0.12 vs model credit $0.101
ATM band candidates 43,479; valid G 100.0%; yesterday coverage 66%; back-expiry coverage 18%
market riskier than realized on 63.0%; median D_r_iv 0.0143, D_jump 0.0005, D_term 0.0018

=== 50-60 delta, DKL = D_r_iv  (k<0 = discount exp(-|k|D), k>0 = reward) ===
 IS : n=38049 loss [0.439, 0.423, 0.428, 0.428, 0.437] EV [0.0022, 0.003, 0.0044, 0.0069, 0.0116]
 OOT: n=5430 loss [0.436, 0.421, 0.428, 0.447, 0.448] EV [0.0027, 0.0032, 0.0046, 0.0073, 0.0098]
  k  is_n  is_fin  is_sh  is_dd  worst  oot_n  oot_fin  oot_sh  oot_dd
-16  3255   34225   1.31  -16.3  -10.9    458    14161    2.35   -10.0
 -8  3750   37358   1.32  -17.6  -12.9    514    13609    1.87   -11.6
 -4  3987   37971   1.29  -16.5  -13.3    542    13716    1.80   -10.1
 -2  4089   38326   1.32  -17.1  -13.4    550    13863    1.83    -8.9
  0  4184   35917   1.25  -18.0  -13.0    560    14068    1.97    -8.1
  2  4260   37074   1.28  -18.5  -13.2    567    13826    1.93    -7.8
  4  4309   36939   1.27  -18.6  -12.2    573    14085    2.11    -8.3
  8  4436   37599   1.26  -19.2  -12.0    582    14186    2.28    -8.1
 16  4592   37419   1.27  -18.1  -11.8    591    12777    1.51    -9.3

=== 50-60 delta, DKL = D_r_iv_S  (k<0 = discount exp(-|k|D), k>0 = reward) ===
 IS : n=24169 loss [0.42, 0.398, 0.397, 0.399, 0.393] EV [0.003, 0.0045, 0.0069, 0.0107, 0.0185]
 OOT: n=3236 loss [0.437, 0.419, 0.422, 0.434, 0.42] EV [0.0039, 0.0053, 0.0077, 0.0124, 0.0167]
  k  is_n  is_fin  is_sh  is_dd  worst  oot_n  oot_fin  oot_sh  oot_dd
-16  3301   34149   1.30  -16.4  -10.9    469    14006    2.20   -11.0
 -8  3777   37207   1.32  -17.5  -12.9    517    13526    1.79   -12.6
 -4  4003   37789   1.29  -16.3  -13.3    543    13726    1.83   -10.1
 -2  4089   38001   1.31  -17.0  -13.4    550    13947    1.88    -7.6
  0  4184   35917   1.25  -18.0  -13.0    560    14068    1.97    -8.1
  2  4253   37120   1.28  -18.5  -13.2    567    13917    1.92    -7.3
  4  4299   37095   1.27  -18.6  -12.1    573    14147    2.08    -8.5
  8  4419   37529   1.25  -20.2  -12.0    581    14271    2.25    -8.3
 16  4571   37403   1.25  -18.9  -11.7    589    12741    1.51    -9.5

=== 50-60 delta, DKL = D_r_iv_H  (k<0 = discount exp(-|k|D), k>0 = reward) ===
 IS : n=13880 loss [0.46, 0.474, 0.488, 0.482, 0.508] EV [0.0012, 0.0003, -0.0001, -0.0006, 0.0002]
 OOT: n=2194 loss [0.449, 0.428, 0.425, 0.456, 0.494] EV [0.0012, 0.0004, -0.0001, -0.0002, -0.0006]
  k  is_n  is_fin  is_sh  is_dd  worst  oot_n  oot_fin  oot_sh  oot_dd
-16  4159   37082   1.28  -17.7  -12.9    556    14357    2.10    -8.0
 -8  4168   36827   1.27  -18.1  -12.9    559    14291    2.07    -8.0
 -4  4173   36149   1.25  -18.3  -12.9    559    14291    2.07    -8.0
 -2  4184   36226   1.26  -18.0  -12.9    560    14288    2.07    -8.1
  0  4184   35917   1.25  -18.0  -13.0    560    14068    1.97    -8.1
  2  4191   35874   1.25  -17.9  -13.0    560    14044    2.01    -8.1
  4  4196   36074   1.26  -17.9  -13.0    560    14044    2.01    -8.1
  8  4208   36205   1.26  -17.3  -13.0    562    13695    1.79   -10.2
 16  4228   36469   1.28  -17.4  -13.0    565    13552    1.70   -10.3

=== 50-60 delta, DKL = D_iv_r  (k<0 = discount exp(-|k|D), k>0 = reward) ===
 IS : n=38049 loss [0.439, 0.426, 0.429, 0.425, 0.435] EV [0.0022, 0.003, 0.0043, 0.0067, 0.0119]
 OOT: n=5430 loss [0.439, 0.424, 0.427, 0.447, 0.444] EV [0.0027, 0.0031, 0.0044, 0.0069, 0.0105]
  k  is_n  is_fin  is_sh  is_dd  worst  oot_n  oot_fin  oot_sh  oot_dd
-16  3244   32799   1.27  -18.1  -10.9    461    13632    2.08   -10.1
 -8  3747   36142   1.28  -17.8  -12.9    515    13600    1.82   -11.6
 -4  3991   38546   1.31  -16.7  -13.5    541    13698    1.75   -10.2
 -2  4093   38405   1.32  -16.7  -13.4    550    13708    1.74    -9.1
  0  4184   35917   1.25  -18.0  -13.0    560    14068    1.97    -8.1
  2  4258   37400   1.29  -18.5  -13.2    568    14338    2.16    -6.1
  4  4311   37396   1.29  -17.4  -12.2    573    13923    2.03    -8.3
  8  4433   36999   1.24  -19.1  -12.0    578    15020    2.63    -6.5
 16  4590   37936   1.27  -17.8  -11.7    592    13462    1.89    -7.3

=== 50-60 delta, DKL = D_cert_iv  (k<0 = discount exp(-|k|D), k>0 = reward) ===
 IS : n=38049 loss [0.401, 0.432, 0.433, 0.454, 0.435] EV [0.0058, 0.0058, 0.0055, 0.0052, 0.0057]
 OOT: n=5430 loss [0.371, 0.414, 0.451, 0.476, 0.468] EV [0.0057, 0.0053, 0.0055, 0.0056, 0.0057]
Traceback (most recent call last):
  File "/Users/mercurio/Downloads/gepo-backtest/research/dkl_2026_09_13/atm_dkl.py", line 65, in <module>
    a = book_comm(sel(ISc, k, dc), pd.Timestamp('2025-12-31'), 1.30); o = book_comm(sel(OOc, k, dc), pd.Timestamp('2026-08-31'), 1.30)
  File "/Users/mercurio/Downloads/gepo-backtest/research/dkl_2026_09_13/band_checks.py", line 21, in book_comm
    cal = pd.bdate_range(s.entry_date.min(), end); eq = 10000.0 + s.groupby('expiry_date')['pnl'].sum().reindex(cal, fill_value=0).cumsum()
  File "/Users/mercurio/Library/Python/3.9/lib/python/site-packages/pandas/core/indexes/datetimes.py", line 1112, in bdate_range
    return date_range(
  File "/Users/mercurio/Library/Python/3.9/lib/python/site-packages/pandas/core/indexes/datetimes.py", line 1008, in date_range
    dtarr = DatetimeArray._generate_range(
  File "/Users/mercurio/Library/Python/3.9/lib/python/site-packages/pandas/core/arrays/datetimes.py", line 432, in _generate_range
    raise ValueError("Neither `start` nor `end` can be NaT")
ValueError: Neither `start` nor `end` can be NaT






ATM band candidates 43,479; valid G 100.0%; yesterday coverage 66%; back-expiry coverage 18%
market riskier than realized on 63.0%; median D_r_iv 0.0143, D_jump 0.0005, D_term 0.0018

=== 50-60 delta, DKL = D_cert_iv  (k<0 = discount exp(-|k|D), k>0 = reward) ===
 IS : n=38049 loss [0.401, 0.432, 0.433, 0.454, 0.435] EV [0.0058, 0.0058, 0.0055, 0.0052, 0.0057]
 OOT: n=5430 loss [0.371, 0.414, 0.451, 0.476, 0.468] EV [0.0057, 0.0053, 0.0055, 0.0056, 0.0057]
  k  is_n  is_fin  is_sh  is_dd  worst  oot_n  oot_fin  oot_sh  oot_dd
-16     0   10000   0.00    0.0    0.0      0    10000    0.00     0.0
 -8     0   10000   0.00    0.0    0.0      0    10000    0.00     0.0
 -4     9   10131   0.43   -0.4   -0.3      2     9987   -1.61    -0.1
 -2   504   11560   0.35  -21.0   -6.9     55    10478    1.08    -3.4
  0  4184   35917   1.25  -18.0  -13.0    560    14068    1.97    -8.1
  2  5157   40987   1.31  -19.0  -13.4    600    15615    2.28    -8.9
  4  5224   44693   1.40  -19.2  -11.6    600    15303    2.28   -10.0
  8  5237   45910   1.41  -20.6  -11.9    600    14612    2.34   -11.8
 16  5237   43218   1.29  -21.9  -11.8    600    14022    2.21   -15.4

=== 50-60 delta, DKL = D_jump  (k<0 = discount exp(-|k|D), k>0 = reward) ===
 IS : n=24822 loss [0.449, 0.437, 0.418, 0.407, 0.383] EV [0.0044, 0.0044, 0.0047, 0.0048, 0.0073]
 OOT: n=3700 loss [0.436, 0.441, 0.442, 0.422, 0.386] EV [0.0046, 0.0047, 0.0037, 0.0046, 0.0084]
  k  is_n  is_fin  is_sh  is_dd  worst  oot_n  oot_fin  oot_sh  oot_dd
-16  4102   37769   1.33  -18.0  -12.9    551    13927    1.87    -8.9
 -8  4142   37689   1.31  -17.1  -12.9    558    14274    2.05    -8.1
 -4  4160   36334   1.26  -17.6  -13.0    558    14247    2.04    -8.1
 -2  4171   36336   1.26  -17.6  -13.0    558    14180    2.02    -8.1
  0  4184   35917   1.25  -18.0  -13.0    560    14068    1.97    -8.1
  2  4192   35760   1.24  -18.3  -13.0    560    14286    2.06    -8.1
  4  4200   36013   1.24  -18.4  -13.0    560    14286    2.06    -8.1
  8  4218   35925   1.23  -18.3  -13.0    563    14229    2.04    -8.1
 16  4251   37449   1.30  -17.3  -13.0    565    13947    1.92    -8.5

=== 50-60 delta, DKL = D_jump_up  (k<0 = discount exp(-|k|D), k>0 = reward) ===
 IS : n=11338 loss [0.452, 0.44, 0.414, 0.405, 0.363] EV [0.0041, 0.0044, 0.0052, 0.0059, 0.009]
 OOT: n=1601 loss [0.411, 0.434, 0.428, 0.359, 0.347] EV [0.0044, 0.004, 0.0042, 0.0046, 0.0089]
  k  is_n  is_fin  is_sh  is_dd  worst  oot_n  oot_fin  oot_sh  oot_dd
-16  4136   36581   1.28  -18.8  -13.0    555    14116    2.03    -8.1
 -8  4163   36673   1.27  -17.9  -13.0    558    14203    2.06    -8.1
 -4  4172   35899   1.24  -17.9  -13.0    558    14331    2.10    -8.1
 -2  4177   36086   1.25  -17.7  -13.0    558    14180    2.02    -8.1
  0  4184   35917   1.25  -18.0  -13.0    560    14068    1.97    -8.1
  2  4189   35976   1.25  -18.3  -13.0    560    14023    1.96    -8.1
  4  4193   36058   1.25  -18.3  -13.0    560    14023    1.96    -8.1
  8  4204   36141   1.25  -18.3  -13.0    563    14121    1.99    -8.1
 16  4220   36086   1.26  -18.1  -13.0    563    14106    1.98    -8.1

=== 50-60 delta, DKL = D_jump_dn  (k<0 = discount exp(-|k|D), k>0 = reward) ===
 IS : n=13484 loss [0.446, 0.435, 0.421, 0.411, 0.399] EV [0.0046, 0.0043, 0.0044, 0.0041, 0.0057]
 OOT: n=2099 loss [0.455, 0.443, 0.456, 0.474, 0.412] EV [0.0047, 0.0052, 0.0034, 0.0043, 0.0084]
  k  is_n  is_fin  is_sh  is_dd  worst  oot_n  oot_fin  oot_sh  oot_dd
-16  4154   36790   1.28  -17.3  -13.0    556    13963    1.88    -8.8
 -8  4164   36863   1.28  -17.3  -13.0    560    14135    1.99    -8.1
 -4  4172   36333   1.26  -17.8  -13.0    560    14135    1.99    -8.1
 -2  4178   36167   1.26  -17.9  -13.0    560    14068    1.97    -8.1
  0  4184   35917   1.25  -18.0  -13.0    560    14068    1.97    -8.1
  2  4187   35770   1.24  -18.0  -13.0    560    14332    2.08    -8.1
  4  4191   36022   1.24  -18.1  -13.0    560    14177    2.03    -8.1
  8  4198   35832   1.24  -18.0  -13.0    560    14177    2.03    -8.1
 16  4215   37604   1.31  -17.2  -13.0    562    14086    2.00    -8.5

=== 50-60 delta, DKL = D_term  (k<0 = discount exp(-|k|D), k>0 = reward) ===
 IS : n=5500 loss [0.485, 0.471, 0.494, 0.469, 0.442] EV [0.0058, 0.0055, 0.0048, 0.0045, 0.0045]
 OOT: n=2307 loss [0.483, 0.49, 0.447, 0.412, 0.374] EV [0.0048, 0.0041, 0.0035, 0.0036, 0.0083]
  k  is_n  is_fin  is_sh  is_dd  worst  oot_n  oot_fin  oot_sh  oot_dd
-16  4141   36109   1.25  -18.4  -13.0    541    14065    1.94    -9.7
 -8  4161   35649   1.24  -18.3  -13.0    548    13875    1.85    -9.8
 -4  4168   35771   1.24  -18.0  -13.0    553    14077    1.97    -8.8
 -2  4177   36027   1.25  -17.9  -13.0    556    14282    2.07    -8.1
  0  4184   35917   1.25  -18.0  -13.0    560    14068    1.97    -8.1
  2  4186   36026   1.25  -18.0  -12.9    560    14174    2.03    -8.1
  4  4190   35990   1.25  -18.0  -13.0    561    14217    2.06    -8.1
  8  4200   35925   1.24  -18.0  -13.0    564    14139    2.01    -8.5
 16  4222   35374   1.22  -18.3  -13.0    572    14190    1.97   -10.6

=== 50-60 delta, DKL = D_term_rich  (k<0 = discount exp(-|k|D), k>0 = reward) ===
 IS : n=1551 loss [0.405, 0.423, 0.397, 0.384, 0.4] EV [0.0052, 0.0058, 0.0048, 0.0051, 0.0061]
 OOT: n=915 loss [0.399, 0.377, 0.29, 0.333, 0.333] EV [0.0054, 0.0055, 0.0052, 0.0082, 0.0127]
  k  is_n  is_fin  is_sh  is_dd  worst  oot_n  oot_fin  oot_sh  oot_dd
-16  4147   36088   1.25  -18.1  -13.0    546    14368    2.05    -8.7
 -8  4164   35796   1.24  -18.1  -13.0    551    14176    1.99    -8.8
 -4  4171   35851   1.24  -18.0  -13.0    555    14081    1.97    -8.8
 -2  4178   35983   1.25  -17.9  -13.0    558    14286    2.07    -8.1
  0  4184   35917   1.25  -18.0  -13.0    560    14068    1.97    -8.1
  2  4184   35917   1.25  -18.0  -13.0    560    14174    2.03    -8.1
  4  4185   35948   1.25  -18.0  -13.0    561    14028    1.99    -8.1
  8  4192   35821   1.24  -18.0  -13.0    564    13962    1.86   -10.1
 16  4206   35355   1.22  -18.0  -13.0    571    13896    1.79   -11.2

=== 50-60 delta, DKL = D_term_cheap  (k<0 = discount exp(-|k|D), k>0 = reward) ===
 IS : n=3949 loss [0.499, 0.486, 0.529, 0.48, 0.505] EV [0.0058, 0.0057, 0.0046, 0.0043, 0.0037]
 OOT: n=1392 loss [0.52, 0.5, 0.504, 0.511, 0.484] EV [0.0048, 0.0038, 0.0028, 0.0024, 0.0022]
  k  is_n  is_fin  is_sh  is_dd  worst  oot_n  oot_fin  oot_sh  oot_dd
-16  4178   35938   1.24  -18.3  -13.0    556    13977    1.90   -10.0
 -8  4181   35770   1.24  -18.2  -13.0    558    13850    1.84   -10.1
 -4  4181   35837   1.24  -18.0  -13.0    558    13875    1.91    -8.1
 -2  4183   35961   1.25  -18.0  -13.0    558    13875    1.91    -8.1
  0  4184   35917   1.25  -18.0  -13.0    560    14068    1.97    -8.1
  2  4186   36026   1.25  -18.0  -12.9    560    14068    1.97    -8.1
  4  4189   35959   1.24  -18.0  -13.0    560    14068    1.97    -8.1
  8  4192   36021   1.25  -18.0  -13.0    560    13915    1.93    -8.1
 16  4200   35935   1.25  -18.3  -13.0    561    14047    1.99    -8.1
