





===== B. FILLABILITY at 10-delta on REAL IBKR chains (15:31 snapshots): smile-fit model credit vs IBKR mid / natural =====
band 0.15-0.25 done
band 0.20-0.30 done
band 0.25-0.35 done
band 0.30-0.40 done
band 0.35-0.45 done
band 0.40-0.50 done
band 0.45-0.55 done
band 0.50-0.60 done
band 0.40-0.60 done


-- k = 0 --
     band  is_n  is_fin  is_sh  is_dd  oot_n  oot_fin  oot_sh  oot_dd  ctrl_is  ctrl_oot
0.15-0.25  3804   12773   0.32  -40.2    573     9934    0.08   -25.4      NaN       NaN
0.20-0.30  3910    3523  -0.09 -102.9    572     9292   -0.31   -18.9      NaN       NaN
0.25-0.35  3938    2497  -0.32  -82.8    573     9122   -0.35   -25.4      NaN       NaN
0.30-0.40  4006     825  -0.59 -102.0    575     6891   -0.79   -40.1      NaN       NaN
0.35-0.45  4103    1504   0.01  -94.5    571     8097   -0.90   -30.8      NaN       NaN
0.40-0.50  4235   10224   0.19  -52.4    577     9363   -0.24   -27.9      NaN       NaN
0.45-0.55  4286   22968   0.80  -21.8    579    10931    0.62   -22.5      NaN       NaN
0.50-0.60  4184   35917   1.25  -18.0    560    14068    1.97    -8.1      NaN       NaN
0.40-0.60  4659   30046   1.04  -20.8    596    13605    1.69   -12.4      NaN       NaN

-- k = 0.4 --
     band  is_n  is_fin  is_sh  is_dd  oot_n  oot_fin  oot_sh  oot_dd  ctrl_is  ctrl_oot
0.15-0.25  3654   12761   0.33  -39.1    568     9590   -0.11   -26.5      NaN       NaN
0.20-0.30  3807    3139   0.18  -97.7    566     8616   -0.65   -24.1      NaN       NaN
0.25-0.35  3873    1357  -0.35  -90.7    572     8983   -0.39   -27.4      NaN       NaN
0.30-0.40  3931    1216  -0.02  -96.1    573     7134   -0.71   -38.8      NaN       NaN
0.35-0.45  4028     -53  -0.30 -106.9    566     7935   -0.86   -33.0      NaN       NaN
0.40-0.50  4159   11190   0.23  -49.4    573     8970   -0.44   -29.3      NaN       NaN
0.45-0.55  4210   23667   0.83  -21.1    575    11491    0.93   -18.8      NaN       NaN
0.50-0.60  4109   37927   1.32  -17.2    552    14622    2.26    -7.8      NaN       NaN
0.40-0.60  4605   32805   1.14  -18.3    595    13843    1.83   -13.2      NaN       NaN

-- k = 0.8 --
     band  is_n  is_fin  is_sh  is_dd  oot_n  oot_fin  oot_sh  oot_dd  ctrl_is  ctrl_oot
0.15-0.25  3524   13849   0.42  -39.1    565    10068    0.15   -24.7     0.35     -0.05
0.20-0.30  3701    3353  -0.03  -91.1    563     8487   -0.71   -24.3     0.11     -0.47
0.25-0.35  3782     724  -0.36  -95.3    570     9174   -0.34   -26.7    -0.31     -0.43
0.30-0.40  3868    2011  -0.24  -90.1    569     7480   -0.71   -34.6    -0.13     -0.83
0.35-0.45  3959     672  -0.41 -100.2    562     8013   -0.83   -31.4     0.22     -0.87
0.40-0.50  4073    9401   0.15  -54.2    570     9169   -0.34   -26.3     0.14     -0.40
0.45-0.55  4131   22724   0.79  -21.9    570    11496    0.92   -18.6     0.87      0.49
0.50-0.60  4048   38789   1.35  -15.5    547    14726    2.43    -6.6     1.34      1.95
0.40-0.60  4559   33029   1.17  -17.5    594    13350    1.55   -15.9     1.10      1.71

-- k = 1.0 --
     band  is_n  is_fin  is_sh  is_dd  oot_n  oot_fin  oot_sh  oot_dd  ctrl_is  ctrl_oot
0.15-0.25  3458   12576   0.32  -40.4    560    10178    0.21   -24.5      NaN       NaN
0.20-0.30  3645    2808   0.01  -94.4    563     8507   -0.69   -24.1      NaN       NaN
0.25-0.35  3742     422  -0.08  -98.4    570     9021   -0.40   -25.9      NaN       NaN
0.30-0.40  3836    2839  -0.28  -84.3    569     7659   -0.63   -33.5      NaN       NaN
0.35-0.45  3914     -23   0.54 -106.0    560     8543   -0.61   -29.4      NaN       NaN
0.40-0.50  4019   10163   0.19  -52.9    570     9463   -0.22   -25.7      NaN       NaN
0.45-0.55  4091   22422   0.78  -22.6    568    11445    0.90   -18.5      NaN       NaN
0.50-0.60  3997   38347   1.35  -14.9    544    14446    2.38    -6.6      NaN       NaN
0.40-0.60  4534   33211   1.18  -17.5    594    13257    1.47   -17.9      NaN       NaN

-- k = 1.2 --
     band  is_n  is_fin  is_sh  is_dd  oot_n  oot_fin  oot_sh  oot_dd  ctrl_is  ctrl_oot
0.15-0.25  3353   13073   0.36  -40.5    553    10624    0.49   -22.0     0.37     -0.09
0.20-0.30  3569    2614   0.07  -96.6    561     8093   -0.89   -26.6     0.18     -0.49
0.25-0.35  3692    -103   0.18 -102.5    570     8859   -0.37   -26.1    -0.40     -0.42
0.30-0.40  3794    2992  -0.30  -81.9    567     7491   -0.73   -34.6     0.40     -0.85
0.35-0.45  3872     394  -0.73 -102.2    557     8613   -0.56   -28.9     0.39     -0.76
0.40-0.50  3976    8295   0.13  -65.8    569     9575   -0.10   -25.0     0.10     -0.30
0.45-0.55  4064   22616   0.79  -24.4    566    10944    0.64   -18.9     0.86      0.53
0.50-0.60  3960   39484   1.40  -14.0    540    14164    2.27    -7.6     1.37      1.85
0.40-0.60  4517   33829   1.22  -17.4    594    12834    1.30   -19.7     1.09      1.72

-- k = 1.6 --
     band  is_n  is_fin  is_sh  is_dd  oot_n  oot_fin  oot_sh  oot_dd  ctrl_is  ctrl_oot
0.15-0.25  3156   13357   0.40  -36.4    537    10514    0.41   -22.1      NaN       NaN
0.20-0.30  3431    3344  -0.03  -89.3    557     8141   -0.88   -26.4      NaN       NaN
0.25-0.35  3588     962  -0.65  -91.6    567     8607   -0.52   -28.9      NaN       NaN
0.30-0.40  3697    2928  -0.36  -77.8    566     7372   -0.74   -36.4      NaN       NaN
0.35-0.45  3768    -257  -0.43 -105.3    555     9032   -0.39   -25.9      NaN       NaN
0.40-0.50  3861    8395   0.11  -58.7    564     9548   -0.18   -26.1      NaN       NaN
0.45-0.55  3956   20769   0.71  -25.9    556    11360    0.85   -19.2      NaN       NaN
0.50-0.60  3859   38048   1.35  -14.4    531    13571    2.01    -9.1      NaN       NaN
0.40-0.60  4457   31864   1.16  -16.6    593    12954    1.38   -19.6      NaN       NaN

-- k = 2.4 --
     band  is_n  is_fin  is_sh  is_dd  oot_n  oot_fin  oot_sh  oot_dd  ctrl_is  ctrl_oot
0.15-0.25  2752   15350   0.59  -26.9    481    10493    0.42   -18.5      NaN       NaN
0.20-0.30  3133    3388  -0.16  -81.2    534     8510   -0.73   -26.3      NaN       NaN
0.25-0.35  3350    3253  -0.48  -70.0    557     8428   -0.55   -29.5      NaN       NaN
0.30-0.40  3514    4060  -0.25  -66.5    555     7680   -0.64   -33.0      NaN       NaN
0.35-0.45  3603   -1598   0.18 -116.3    549     8771   -0.48   -26.4      NaN       NaN
0.40-0.50  3671    8525   0.13  -63.0    557     9548   -0.12   -26.7      NaN       NaN
0.45-0.55  3776   22533   0.82  -22.2    538    11576    0.98   -15.3      NaN       NaN
0.50-0.60  3668   36266   1.35  -13.8    513    13323    2.02    -9.0      NaN       NaN
0.40-0.60  4338   30793   1.12  -16.8    586    12916    1.43   -17.2      NaN       NaN

===== belief window W (sessions) on the two best bands, k = 1.0 =====
  band 0.50-0.60 W=126: k=0 IS  1.17 (n 4610, DD -18.7) OOT  2.18 | k=1 IS  1.19 (n 4498, DD -18.3) OOT  2.42 (DD -8.7)
  band 0.50-0.60 W=252: k=0 IS  1.25 (n 4184, DD -18.0) OOT  1.97 | k=1 IS  1.35 (n 3997, DD -14.9) OOT  2.38 (DD -6.6)
  band 0.50-0.60 W=504: k=0 IS  1.37 (n 3470, DD -18.0) OOT  3.00 | k=1 IS  1.40 (n 3223, DD -16.2) OOT  2.90 (DD -7.9)
  band 0.40-0.60 W=126: k=0 IS  0.87 (n 4917, DD -17.9) OOT  1.66 | k=1 IS  0.85 (n 4830, DD -18.8) OOT  1.84 (DD -16.0)
  band 0.40-0.60 W=252: k=0 IS  1.04 (n 4659, DD -20.8) OOT  1.69 | k=1 IS  1.18 (n 4534, DD -17.5) OOT  1.47 (DD -17.9)
  band 0.40-0.60 W=504: k=0 IS  1.04 (n 4274, DD -23.8) OOT  1.38 | k=1 IS  1.07 (n 4080, DD -22.7) OOT  1.64 (DD -25.7)
