
===== fill 1.1x model, k=0 (thr 0.01, top-5/day) =====
     band  tgt  cands  cred_w  raw_win  is_n  is_fin  is_sh  is_dd  is_loss  oot_n  oot_fin  oot_sh  oot_dd
0.05-0.15 0.10  92778   0.043    0.930  3717   33027   3.01  -10.8      3.2    520    13394    5.07    -2.6
0.10-0.20 0.15 103114   0.074    0.880  3772   30613   2.25   -9.4      6.3    560    12306    1.82   -12.0
0.15-0.25 0.20 101655   0.114    0.826  3804   19417   0.81  -32.2     12.0    573    10977    0.67   -22.0
0.20-0.30 0.25  96443   0.157    0.768  3910   10929   0.22  -55.7     18.0    572    10445    0.32   -15.1
0.25-0.35 0.30  89452   0.204    0.713  3938   10469   0.16  -41.5     22.5    573    10356    0.18   -18.3
0.30-0.40 0.35  84127   0.254    0.659  4006    9548   0.11  -51.6     27.6    575     8206   -0.30   -29.3
0.35-0.45 0.40  80381   0.306    0.605  4103   11082   0.21  -41.1     32.9    571     9504   -0.28   -23.8
0.40-0.60 0.50 113481   0.406    0.499  4659   42232   1.49  -15.9     37.0    596    15225    2.40   -10.1

===== fill 1.1x model, k=8 (thr 0.01, top-5/day) =====
     band  tgt  cands  cred_w  raw_win  is_n  is_fin  is_sh  is_dd  is_loss  oot_n  oot_fin  oot_sh  oot_dd
0.05-0.15 0.10  92778   0.043    0.930  4095   37782   4.30   -7.9      2.4    534    14119    7.63    -1.7
0.10-0.20 0.15 103114   0.074    0.880  3943   32021   2.54   -8.7      5.8    563    12756    2.38    -9.0
0.15-0.25 0.20 101655   0.114    0.826  3857   21194   1.00  -24.4     11.5    573    10850    0.60   -21.2
0.20-0.30 0.25  96443   0.157    0.768  3936   10300   0.19  -56.9     18.0    573    10146    0.16   -16.3
0.25-0.35 0.30  89452   0.204    0.713  3949    9932   0.13  -43.8     22.4    574    11045    0.63   -15.7
0.30-0.40 0.35  84127   0.254    0.659  4011   10148   0.14  -50.1     27.4    576     7871   -0.59   -32.8
0.35-0.45 0.40  80381   0.306    0.605  4103   11019   0.20  -40.2     32.9    571     9282   -0.36   -26.9
0.40-0.60 0.50 113481   0.406    0.499  4660   42896   1.51  -15.8     36.9    596    15203    2.39   -10.1

===== fill 1.0x model, k=0 (thr 0.01, top-5/day) =====
     band  tgt  cands  cred_w  raw_win  is_n  is_fin  is_sh  is_dd  is_loss  oot_n  oot_fin  oot_sh  oot_dd
0.05-0.15 0.10  92778   0.043    0.930  3717   28907   2.47  -12.8      3.2    520    12756    4.20    -2.9
0.10-0.20 0.15 103114   0.074    0.880  3772   24570   1.63  -13.0      6.3    560    11282    1.03   -14.7
0.15-0.25 0.20 101655   0.114    0.826  3804   10928   0.19  -42.1     12.0    573     9487   -0.17   -27.0
0.20-0.30 0.25  96443   0.157    0.768  3910    -685   0.53 -128.1     18.0    572     8397   -0.78   -25.1
0.25-0.35 0.30  89452   0.204    0.713  3938   -3798   0.62 -139.6     22.5    573     7909   -0.85   -32.9
0.30-0.40 0.35  84127   0.254    0.659  4006   -8033   0.09 -170.6     27.6    575     5369   -1.31   -54.0
0.35-0.45 0.40  80381   0.306    0.605  4103  -10152   0.34 -190.3     32.9    571     6180   -1.65   -45.4
0.40-0.60 0.50 113481   0.406    0.499  4661   11526   0.24  -38.3     37.0    596    10997    0.57   -23.4

===== fill 1.0x model, k=8 (thr 0.01, top-5/day) =====
     band  tgt  cands  cred_w  raw_win  is_n  is_fin  is_sh  is_dd  is_loss  oot_n  oot_fin  oot_sh  oot_dd
0.05-0.15 0.10  92778   0.043    0.930  4095   33535   3.68   -9.2      2.4    534    13515    6.74    -1.9
0.10-0.20 0.15 103114   0.074    0.880  3943   26091   1.90  -10.6      5.8    563    11791    1.56   -11.3
0.15-0.25 0.20 101655   0.114    0.826  3857   12818   0.34  -32.7     11.5    573     9421   -0.22   -25.9
0.20-0.30 0.25  96443   0.157    0.768  3936   -1292   0.08 -129.3     18.0    573     8107   -0.91   -28.5
0.25-0.35 0.30  89452   0.204    0.713  3949   -4294  -0.44 -143.9     22.4    574     8602   -0.47   -29.6
0.30-0.40 0.35  84127   0.254    0.659  4011   -7422  -0.16 -165.5     27.4    576     5043   -1.50   -57.3
0.35-0.45 0.40  80381   0.306    0.605  4103  -10207   0.47 -190.8     32.9    571     5964   -1.68   -47.6
0.40-0.60 0.50 113481   0.406    0.499  4662   12176   0.27  -36.7     37.0    596    10987    0.56   -23.4
===== A. COMMISSION STRESS (per spread per contract, opening only; IBKR ~$0.65/leg) — fill 1.1, k=8, thr 0.01 =====
  tgt 0.10 fill 1.1 comm $0.00: IS n=4095 $  37,782 Sh  4.30 DD   -7.9% worst wk  -4.8% | OOT $ 14,119 Sh  7.63 DD   -1.7%
  tgt 0.10 fill 1.1 comm $1.30: IS n=4095 $  32,458 Sh  3.51 DD   -9.7% worst wk  -5.5% | OOT $ 13,425 Sh  6.57 DD   -2.0%
  tgt 0.10 fill 1.1 comm $2.60: IS n=4095 $  27,135 Sh  2.69 DD  -11.8% worst wk  -6.4% | OOT $ 12,731 Sh  5.38 DD   -2.3%
  tgt 0.10 fill 1.0 comm $0.00: IS n=4095 $  33,535 Sh  3.68 DD   -9.2% worst wk  -5.4% | OOT $ 13,515 Sh  6.74 DD   -1.9%
  tgt 0.10 fill 1.0 comm $1.30: IS n=4095 $  28,212 Sh  2.87 DD  -11.3% worst wk  -6.2% | OOT $ 12,821 Sh  5.57 DD   -2.2%
  tgt 0.10 fill 1.0 comm $2.60: IS n=4095 $  22,888 Sh  2.03 DD  -15.6% worst wk  -7.3% | OOT $ 12,127 Sh  4.28 DD   -2.5%
  tgt 0.15 fill 1.1 comm $0.00: IS n=3943 $  32,021 Sh  2.54 DD   -8.7% worst wk  -6.4% | OOT $ 12,756 Sh  2.38 DD   -9.0%
  tgt 0.15 fill 1.1 comm $1.30: IS n=3943 $  26,895 Sh  1.98 DD  -10.3% worst wk  -7.4% | OOT $ 12,024 Sh  1.76 DD  -10.7%
  tgt 0.15 fill 1.1 comm $2.60: IS n=3943 $  21,769 Sh  1.41 DD  -14.1% worst wk  -8.6% | OOT $ 11,292 Sh  1.13 DD  -12.7%
  tgt 0.15 fill 1.0 comm $0.00: IS n=3943 $  26,091 Sh  1.90 DD  -10.6% worst wk  -7.5% | OOT $ 11,791 Sh  1.56 DD  -11.3%
  tgt 0.15 fill 1.0 comm $1.30: IS n=3943 $  20,965 Sh  1.32 DD  -15.0% worst wk  -8.8% | OOT $ 11,059 Sh  0.93 DD  -13.3%
  tgt 0.15 fill 1.0 comm $2.60: IS n=3943 $  15,839 Sh  0.74 DD  -23.9% worst wk -10.6% | OOT $ 10,328 Sh  0.31 DD  -15.4%
  tgt 0.20 fill 1.1 comm $0.00: IS n=3857 $  21,194 Sh  1.00 DD  -24.4% worst wk  -7.1% | OOT $ 10,850 Sh  0.60 DD  -21.2%
  tgt 0.20 fill 1.1 comm $1.30: IS n=3857 $  16,180 Sh  0.60 DD  -29.5% worst wk  -8.6% | OOT $ 10,105 Sh  0.17 DD  -23.6%
  tgt 0.20 fill 1.1 comm $2.60: IS n=3857 $  11,166 Sh  0.21 DD  -37.3% worst wk -11.8% | OOT $  9,360 Sh -0.25 DD  -26.1%
  tgt 0.20 fill 1.0 comm $0.00: IS n=3857 $  12,818 Sh  0.34 DD  -32.7% worst wk -10.5% | OOT $  9,421 Sh -0.22 DD  -25.9%
  tgt 0.20 fill 1.0 comm $1.30: IS n=3857 $   7,803 Sh -0.04 DD  -52.9% worst wk -15.4% | OOT $  8,676 Sh -0.63 DD  -28.7%
  tgt 0.20 fill 1.0 comm $2.60: IS n=3857 $   2,789 Sh -0.25 DD  -87.7% worst wk -28.0% | OOT $  7,931 Sh -1.04 DD  -31.7%
  tgt 0.50 fill 1.1 comm $0.00: IS n=4660 $  42,896 Sh  1.51 DD  -15.8% worst wk -11.8% | OOT $ 15,203 Sh  2.39 DD  -10.1%
  tgt 0.50 fill 1.1 comm $1.30: IS n=4660 $  36,838 Sh  1.30 DD  -18.1% worst wk -12.1% | OOT $ 14,428 Sh  2.05 DD  -11.0%
  tgt 0.50 fill 1.1 comm $2.60: IS n=4660 $  30,780 Sh  1.07 DD  -20.7% worst wk -12.4% | OOT $ 13,654 Sh  1.71 DD  -12.3%
  tgt 0.50 fill 1.0 comm $0.00: IS n=4662 $  12,176 Sh  0.27 DD  -36.7% worst wk -13.8% | OOT $ 10,987 Sh  0.56 DD  -23.4%
  tgt 0.50 fill 1.0 comm $1.30: IS n=4662 $   6,115 Sh  0.02 DD  -64.0% worst wk -21.6% | OOT $ 10,212 Sh  0.23 DD  -26.9%
  tgt 0.50 fill 1.0 comm $2.60: IS n=4662 $      55 Sh -0.04 DD -107.4% worst wk -386.5% | OOT $  9,437 Sh -0.09 DD  -30.5%

===== C. 10-delta band, fill 1.1, k=8: year by year and worst weeks =====
  2020: n= 163 final $ 11,325 Sh  4.84 DD   -2.2% worst week  -2.2%   (comm $1.30)
  2021: n= 736 final $ 16,100 Sh 10.82 DD   -1.6% worst week  -1.6%   (comm $1.30)
  2022: n= 827 final $  9,795 Sh -0.05 DD  -16.1% worst week  -9.5%   (comm $1.30)
  2023: n= 720 final $ 13,905 Sh  4.35 DD   -5.2% worst week  -5.2%   (comm $1.30)
  2024: n= 933 final $ 16,861 Sh  6.06 DD   -4.8% worst week  -4.8%   (comm $1.30)
  2025: n= 716 final $ 14,443 Sh  4.89 DD   -3.9% worst week  -2.9%   (comm $1.30)
  2026: n= 534 final $ 13,425 Sh  6.57 DD   -2.0% worst week  -2.0%   (comm $1.30)
  five worst expiry weeks (IS): [('2022-11-11', -975), ('2022-10-28', -823), ('2024-08-02', -702), ('2022-05-27', -623), ('2023-07-21', -623)]
  10-delta book: median credit $9/contract, median max loss $95, share credit < $0.05/share 23.5%, median OTM 4.03%

===== B. FILLABILITY at 10-delta on REAL IBKR chains (15:31 snapshots): smile-fit model credit vs IBKR mid / natural =====
  10-delta spreads on IBKR chains: 8,284 from 53 snapshots
  model credit median $0.101; IBKR mid median $0.090; IBKR natural median $-0.020
  model / IBKR mid: [0.63, 0.85, 1.02, 1.37, 4.36]
  share where IBKR natural >= model credit (fillable at model without improvement): 1.2%
  share where IBKR natural >= 0.8 x model: 8.6%;  share short-leg bid <= $0.01: 1.0%;  share model credit < $0.05: 17.6%
  short-leg bid-ask width median $0.12 vs model credit $0.101

########## band 0.50-0.60 (target 0.55), k=0, thr 0.01, commission $1.30 ##########
FILL SENSITIVITY:  fill   IS Sh   IS $    IS DD  | OOT Sh  OOT $   OOT DD
                   1.00   0.26   11,611  -53.9% |  0.42  10,632  -18.8%
                   1.04   0.77   23,775  -25.8% |  1.21  12,351  -11.6%
                   1.08   1.25   35,917  -18.0% |  1.97  14,068   -8.1%
                   1.10   1.46   41,983  -15.5% |  2.35  14,927   -7.4%
                   1.15   1.94   57,096  -12.5% |  3.24  17,069   -5.9%
YEAR BY YEAR at fill 1.08 (your measured fill ratio):
   2020: n= 337  $ 14,253  Sh  2.22  DD  -13.3%  worst wk -13.0%
   2021: n= 805  $ 15,057  Sh  1.13  DD  -21.6%  worst wk  -9.7%
   2022: n= 795  $ 13,501  Sh  1.46  DD  -20.5%  worst wk  -7.0%
   2023: n= 557  $  9,416  Sh -0.04  DD  -31.4%  worst wk -10.0%
   2024: n= 866  $ 19,429  Sh  2.29  DD  -15.0%  worst wk  -7.7%
   2025: n= 824  $ 14,326  Sh  1.15  DD  -17.8%  worst wk -11.9%
   2026: n= 560  $ 14,068  Sh  1.97  DD   -8.1%  worst wk  -6.1%
BY DTE at fill 1.08 (each DTE run as its own book, top-5/day within that DTE):
   DTE 1: cands   6053  raw win 0.434  cred/w 0.479 | IS n= 715 $ 13,538 Sh  0.75 DD   -8.6% | OOT n=130 Sh  0.88 DD   -6.0%
   DTE 2: cands   8979  raw win 0.434  cred/w 0.503 | IS n=1044 $ 16,950 Sh  0.99 DD  -12.1% | OOT n=139 Sh  1.54 DD   -5.3%
   DTE 3: cands  11529  raw win 0.436  cred/w 0.508 | IS n=1236 $ 19,098 Sh  1.08 DD  -12.5% | OOT n=146 Sh  1.66 DD   -8.2%
   DTE 4: cands  11488  raw win 0.435  cred/w 0.511 | IS n=1189 $ 16,331 Sh  0.78 DD  -18.8% | OOT n=145 Sh  0.39 DD   -6.2%
BY DIRECTION at fill 1.08:
   bull_put : IS n=3526 $ 36,985 Sh  1.17 DD  -22.7% | OOT n=521 Sh  2.18 DD  -12.7%
   bear_call: IS n=1261 $ 10,499 Sh  0.12 DD  -24.9% | OOT n=153 Sh -0.16 DD  -11.7%

########## band 0.45-0.55 (target 0.5), k=0, thr 0.01, commission $1.30 ##########
FILL SENSITIVITY:  fill   IS Sh   IS $    IS DD  | OOT Sh  OOT $   OOT DD
                   1.00  -0.54      194 -105.4% | -1.08   7,673  -37.2%
                   1.04   0.24   11,591  -40.6% | -0.22   9,304  -28.3%
                   1.08   0.80   22,968  -21.8% |  0.62  10,931  -22.5%
                   1.10   1.06   28,652  -18.9% |  1.03  11,744  -19.8%
                   1.15   1.62   42,851  -13.7% |  2.03  13,774  -14.3%
YEAR BY YEAR at fill 1.08 (your measured fill ratio):
   2020: n= 339  $ 14,543  Sh  2.38  DD  -11.0%  worst wk -11.0%
   2021: n= 800  $ 11,621  Sh  0.48  DD  -23.4%  worst wk -11.4%
   2022: n= 840  $ 11,758  Sh  0.90  DD  -21.5%  worst wk  -9.6%
   2023: n= 569  $  9,640  Sh  0.04  DD  -28.9%  worst wk  -7.5%
   2024: n= 867  $ 18,086  Sh  1.97  DD  -16.7%  worst wk  -7.3%
   2025: n= 871  $  7,435  Sh -0.37  DD  -45.5%  worst wk -21.1%
   2026: n= 579  $ 10,931  Sh  0.62  DD  -22.5%  worst wk  -9.7%
BY DTE at fill 1.08 (each DTE run as its own book, top-5/day within that DTE):
   DTE 1: cands   5345  raw win 0.494  cred/w 0.416 | IS n= 856 $ 14,612 Sh  0.92 DD   -8.1% | OOT n=142 Sh  2.10 DD   -5.5%
   DTE 2: cands   7078  raw win 0.497  cred/w 0.433 | IS n=1096 $ 15,033 Sh  0.77 DD  -12.1% | OOT n=145 Sh -0.10 DD   -9.2%
   DTE 3: cands   8692  raw win 0.490  cred/w 0.442 | IS n=1189 $ 13,917 Sh  0.57 DD  -14.6% | OOT n=148 Sh  0.78 DD   -9.1%
   DTE 4: cands   8350  raw win 0.482  cred/w 0.448 | IS n=1145 $  9,406 Sh  0.01 DD  -39.0% | OOT n=144 Sh -1.69 DD  -19.1%
BY DIRECTION at fill 1.08:
   bull_put : IS n=3720 $ 22,911 Sh  0.71 DD  -30.5% | OOT n=560 Sh  0.37 DD  -23.7%
   bear_call: IS n=1621 $ 15,286 Sh  0.59 DD  -21.0% | OOT n=257 Sh  0.29 DD  -15.6%

########## band 0.40-0.60 (target 0.5), k=0, thr 0.01, commission $1.30 ##########
FILL SENSITIVITY:  fill   IS Sh   IS $    IS DD  | OOT Sh  OOT $   OOT DD
                   1.00   0.01    5,466  -68.7% |  0.24  10,222  -26.9%
                   1.04   0.52   17,768  -27.9% |  0.96  11,916  -19.0%
                   1.08   1.04   30,046  -20.8% |  1.69  13,605  -12.4%
                   1.10   1.28   36,176  -18.2% |  2.06  14,450  -11.0%
                   1.15   1.79   51,457  -13.3% |  2.98  16,557   -8.8%
YEAR BY YEAR at fill 1.08 (your measured fill ratio):
   2020: n= 351  $ 15,744  Sh  2.70  DD  -12.5%  worst wk -12.5%
   2021: n= 862  $ 12,486  Sh  0.71  DD  -24.9%  worst wk -14.2%
   2022: n= 899  $ 12,777  Sh  0.97  DD  -26.4%  worst wk -10.5%
   2023: n= 695  $ 10,305  Sh  0.26  DD  -30.9%  worst wk  -8.7%
   2024: n= 932  $ 17,189  Sh  1.64  DD  -20.3%  worst wk -10.3%
   2025: n= 920  $ 11,449  Sh  0.49  DD  -25.4%  worst wk -14.4%
   2026: n= 596  $ 13,605  Sh  1.69  DD  -12.4%  worst wk  -8.2%
BY DTE at fill 1.08 (each DTE run as its own book, top-5/day within that DTE):
   DTE 1: cands   8610  raw win 0.490  cred/w 0.414 | IS n=1004 $ 15,428 Sh  1.01 DD   -7.7% | OOT n=153 Sh  2.89 DD   -2.3%
   DTE 2: cands  10580  raw win 0.490  cred/w 0.434 | IS n=1200 $ 14,220 Sh  0.66 DD  -16.0% | OOT n=150 Sh  0.49 DD  -10.6%
   DTE 3: cands  12053  raw win 0.490  cred/w 0.443 | IS n=1268 $ 17,309 Sh  0.93 DD  -11.0% | OOT n=148 Sh  2.19 DD   -5.1%
   DTE 4: cands  11283  raw win 0.485  cred/w 0.448 | IS n=1187 $ 13,088 Sh  0.44 DD  -24.5% | OOT n=145 Sh -0.57 DD  -10.4%
BY DIRECTION at fill 1.08:
   bull_put : IS n=4179 $ 32,028 Sh  0.99 DD  -23.6% | OOT n=587 Sh  2.07 DD  -19.8%
   bear_call: IS n=2040 $ 15,675 Sh  0.55 DD  -19.4% | OOT n=326 Sh  0.36 DD  -15.7%
