rows 144,476; calibration ratio loss med 0.709 partial 1.117; valid G(cal) 30.2%
mean loss share: realized 0.131  market 0.162  calibrated 0.131  P_emp 0.121
corr(EV_cal, EV_emp) 0.144; EV_cal quintile realized pnl at 1.0x:
EV_cal          0         1         2         3         4
n        8724.000  8723.000  8724.000  8723.000  8724.000
EV_cal      0.000     0.001     0.002     0.005     0.019
pnl        -3.394    -2.667    -2.796    -1.513     0.651
loss        0.112     0.111     0.115     0.111     0.116
ls_cal      0.126     0.122     0.116     0.111     0.094
ls_real     0.152     0.151     0.153     0.150     0.149

################ fill = 1.0 x model credit ################
k=0 G on P_emp (52:10 belief):
 k  is_n   is_fin  is_sh  is_dd  is_loss  oot_n  oot_fin  oot_sh  oot_dd  oot_loss
 0  1939 10893.89   0.19 -31.29    16.09    296 10086.77    0.30   -9.91     16.89
k=0 G on P_cal (calibrated market):
 k  is_n   is_fin  is_sh  is_dd  is_loss  oot_n  oot_fin  oot_sh  oot_dd  oot_loss
 0   322 10331.31   0.32  -8.59    14.91      9 10310.93    3.15   -0.35      0.00
k=0 G on raw market Q_iv:
 k  is_n   is_fin  is_sh  is_dd  is_loss  oot_n  oot_fin  oot_sh  oot_dd  oot_loss
 0     7 10020.01   0.00  -0.53    14.29      2  9978.36    1.61   -0.38      0.00

=== G on P_cal, DKL = D_cal_iv ===
IS : {'zero_frac': 0.0, 'corr_EV': 0.5944097320816162, 'corr_q': -0.49737315574798263, 'loss_q': [0.1501, 0.1212, 0.1172, 0.0952, 0.0738], 'excess_q': [0.04, 0.033, 0.0434, 0.0385, 0.0357], 'ev_q': [0.0014, 0.0022, 0.0034, 0.0053, 0.0141]}
OOT: {'zero_frac': 0.0, 'corr_EV': 0.4437609197911693, 'corr_q': -0.3691722752505489, 'loss_q': [0.117, 0.1198, 0.1328, 0.1291, 0.1216], 'excess_q': [0.0085, 0.0206, 0.0388, 0.0401, 0.0542], 'ev_q': [0.002, 0.0029, 0.0037, 0.0043, 0.0093]}
 k  is_n   is_fin  is_sh  is_dd  is_loss  oot_n  oot_fin  oot_sh  oot_dd  oot_loss
 0   322 10331.31   0.32  -8.59    14.91      9 10310.93    3.15   -0.35      0.00
 1   266 10115.41   0.23  -5.73    15.79      7 10229.29    2.42   -0.36      0.00
 2   216 10181.41   0.13  -5.96    16.20      7 10229.29    2.42   -0.36      0.00
 4   129 10411.11   0.34  -2.89    17.83      7 10229.29    2.42   -0.36      0.00
 8    24  9931.16  -0.20  -1.82    16.67      4 10132.43    1.90    0.00      0.00
12    15 10019.46   0.02  -1.80    13.33      4 10132.43    1.90    0.00      0.00
16    12  9957.25  -0.11  -1.81    16.67      4 10132.43    1.90    0.00      0.00
24     7 10078.41   0.46  -0.37    14.29      4 10132.43    1.90    0.00      0.00

=== G on P_cal, DKL = D_cal_iv_S ===
IS : {'zero_frac': 0.9874715559856668, 'corr_EV': -0.006233537250525663, 'corr_q': -0.011404363439109647}
OOT: {'zero_frac': 0.9951717734447539, 'corr_EV': 0.016296102654363195, 'corr_q': -0.05103521385683763}
 k  is_n   is_fin  is_sh  is_dd  is_loss  oot_n  oot_fin  oot_sh  oot_dd  oot_loss
 0   322 10331.31   0.32  -8.59    14.91      9 10310.93    3.15   -0.35      0.00
 1   322 10331.31   0.32  -8.59    14.91      9 10310.93    3.15   -0.35      0.00
 2   322 10331.31   0.32  -8.59    14.91      9 10310.93    3.15   -0.35      0.00
 4   322 10331.31   0.32  -8.59    14.91      9 10310.93    3.15   -0.35      0.00
 8   322 10331.31   0.32  -8.59    14.91      9 10310.93    3.15   -0.35      0.00
12   322 10331.31   0.32  -8.59    14.91      9 10310.93    3.15   -0.35      0.00
16   322 10331.31   0.32  -8.59    14.91      9 10310.93    3.15   -0.35      0.00
24   322 10331.31   0.32  -8.59    14.91      9 10310.93    3.15   -0.35      0.00

=== G on P_cal, DKL = D_iv_cal ===
IS : {'zero_frac': 0.0, 'corr_EV': 0.4897566403938957, 'corr_q': -0.39283325674385977, 'loss_q': [0.1517, 0.1222, 0.1202, 0.0947, 0.0688], 'excess_q': [0.0403, 0.0331, 0.0444, 0.037, 0.0358], 'ev_q': [0.0014, 0.0022, 0.0035, 0.0054, 0.0139]}
OOT: {'zero_frac': 0.0, 'corr_EV': 0.4285576727981705, 'corr_q': -0.4172654561103158, 'loss_q': [0.1179, 0.1226, 0.13, 0.1346, 0.1151], 'excess_q': [0.0073, 0.0232, 0.0355, 0.0431, 0.053], 'ev_q': [0.002, 0.0029, 0.0037, 0.0043, 0.0094]}
 k  is_n   is_fin  is_sh  is_dd  is_loss  oot_n  oot_fin  oot_sh  oot_dd  oot_loss
 0   322 10331.31   0.32  -8.59    14.91      9 10310.93    3.15   -0.35      0.00
 1   212 10729.76   0.41  -4.97    15.09      7 10229.29    2.42   -0.36      0.00
 2   154 10398.66   0.28  -4.16    18.83      7 10229.29    2.42   -0.36      0.00
 4    56 10203.85   0.30  -3.55    19.64      6 10166.21    1.88   -0.36      0.00
 8    18  9985.49  -0.05  -1.81    11.11      4 10132.43    1.90    0.00      0.00
12    11 10141.02   0.77  -0.37     9.09      4 10132.43    1.90    0.00      0.00
16     9 10107.52   0.62  -0.37    11.11      4 10132.43    1.90    0.00      0.00
24     7 10078.41   0.46  -0.37    14.29      2 10107.13    1.50    0.00      0.00

=== G on P_cal, DKL = D_emp_cal ===
IS : {'zero_frac': 0.0, 'corr_EV': 0.16790333877384006, 'corr_q': -0.17560591855942406, 'loss_q': [0.1302, 0.1186, 0.1138, 0.1087, 0.0862], 'excess_q': [0.0403, 0.0342, 0.0347, 0.0423, 0.0391], 'ev_q': [0.0032, 0.0037, 0.0044, 0.0062, 0.0091]}
OOT: {'zero_frac': 0.0, 'corr_EV': 0.11652100057797982, 'corr_q': -0.12744537736587097, 'loss_q': [0.1393, 0.13, 0.1216, 0.1123, 0.117], 'excess_q': [0.0402, 0.0329, 0.0276, 0.0198, 0.0416], 'ev_q': [0.0036, 0.0036, 0.0039, 0.0046, 0.0065]}
 k  is_n   is_fin  is_sh  is_dd  is_loss  oot_n  oot_fin  oot_sh  oot_dd  oot_loss
 0   322 10331.31   0.32  -8.59    14.91      9 10310.93    3.15   -0.35      0.00
 1   228 10743.20   0.53  -3.73    15.35      5 10195.51    2.48    0.00      0.00
 2   187 11015.91   0.64  -2.81    15.51      4 10179.89    2.04    0.00      0.00
 4   137 10395.14   0.25  -4.56    18.25      3 10116.81    2.97    0.00      0.00
 8    86 10300.29   0.23  -3.79    20.93      2 10109.09    2.17    0.00      0.00
12    59 10248.16   0.21  -4.71    22.03      2 10109.09    2.17    0.00      0.00
16    45 10173.14   0.16  -3.70    22.22      2 10109.09    2.17    0.00      0.00
24    27  9781.93  -0.24  -4.70    29.63      2 10109.09    2.17    0.00      0.00

=== G on P_cal, DKL = D_cal_emp_S ===
IS : {'zero_frac': 0.6283315460466089, 'corr_EV': -0.03581965771549596, 'corr_q': 0.19679999226766692, 'loss_q': [0.1386, 0.1291, 0.1274, 0.1327, 0.139], 'excess_q': [0.0395, 0.0377, 0.0285, 0.0344, 0.0394], 'ev_q': [0.0028, 0.003, 0.0029, 0.0035, 0.0047]}
OOT: {'zero_frac': 0.5576601671309193, 'corr_EV': 0.00988678815669208, 'corr_q': 0.1949829779103951, 'loss_q': [0.1405, 0.1282, 0.1092, 0.1555, 0.1614], 'excess_q': [0.0323, 0.0276, 0.0017, 0.0417, 0.0468], 'ev_q': [0.0032, 0.0027, 0.0029, 0.0034, 0.0046]}
 k  is_n   is_fin  is_sh  is_dd  is_loss  oot_n  oot_fin  oot_sh  oot_dd  oot_loss
 0   322 10331.31   0.32  -8.59    14.91      9 10310.93    3.15   -0.35      0.00
 1   317 10520.33   0.41  -5.92    14.51      6 10220.26    2.80    0.00      0.00
 2   311 10522.14   0.32  -4.75    14.47      5 10204.64    2.43    0.00      0.00
 4   308 10563.09   0.34  -4.72    14.29      5 10204.64    2.43    0.00      0.00
 8   303 10871.66   0.49  -4.76    13.86      5 10204.64    2.43    0.00      0.00
12   301 11036.30   0.57  -4.76    13.62      5 10204.64    2.43    0.00      0.00
16   296 10914.73   0.51  -5.04    13.85      5 10204.64    2.43    0.00      0.00
24   294 10725.61   0.42  -5.77    14.29      5 10204.64    2.43    0.00      0.00

=== G on P_cal, DKL = D_cert_iv ===
IS : {'zero_frac': 0.0, 'corr_EV': 0.05087105193986704, 'corr_q': 0.5908301776093684, 'loss_q': [0.0449, 0.1025, 0.1301, 0.1359, 0.1441], 'excess_q': [0.0183, 0.0396, 0.0465, 0.0398, 0.0464], 'ev_q': [0.0057, 0.0047, 0.0051, 0.0042, 0.0067]}
OOT: {'zero_frac': 0.0, 'corr_EV': 0.029851407786713427, 'corr_q': 0.7106515902939231, 'loss_q': [0.0631, 0.1123, 0.1207, 0.1708, 0.1532], 'excess_q': [0.019, 0.0298, 0.0247, 0.0572, 0.0314], 'ev_q': [0.0055, 0.0039, 0.0038, 0.0032, 0.0058]}
 k  is_n   is_fin  is_sh  is_dd  is_loss  oot_n  oot_fin  oot_sh  oot_dd  oot_loss
 0   322 10331.31   0.32  -8.59    14.91      9 10310.93    3.15   -0.35      0.00
 1   170  9831.98  -0.05  -6.40    15.88      4 10132.43    1.90    0.00      0.00
 2    78  9763.07  -0.22  -3.71    16.67      1 10091.51    0.00    0.00      0.00
 4     8 10103.26   0.97   0.00     0.00      0 10000.00    0.00    0.00      0.00
 8     0 10000.00   0.00   0.00     0.00      0 10000.00    0.00    0.00      0.00
12     0 10000.00   0.00   0.00     0.00      0 10000.00    0.00    0.00      0.00
16     0 10000.00   0.00   0.00     0.00      0 10000.00    0.00    0.00      0.00
24     0 10000.00   0.00   0.00     0.00      0 10000.00    0.00    0.00      0.00

################ fill = 1.1 x model credit ################
k=0 G on P_emp (52:10 belief):
 k  is_n   is_fin  is_sh  is_dd  is_loss  oot_n  oot_fin  oot_sh  oot_dd  oot_loss
 0  1939 16835.86   0.89 -13.94    16.09    296 11255.65    1.33   -6.79     16.89
k=0 G on P_cal (calibrated market):
 k  is_n   is_fin  is_sh  is_dd  is_loss  oot_n  oot_fin  oot_sh  oot_dd  oot_loss
 0   322 11057.96   0.61  -7.88    14.91      9 10348.42    3.25   -0.32      0.00
k=0 G on raw market Q_iv:
 k  is_n   is_fin  is_sh  is_dd  is_loss  oot_n  oot_fin  oot_sh  oot_dd  oot_loss
 0     7 10033.42   0.07  -0.47    14.29      2  9980.79    1.61   -0.37      0.00

=== G on P_cal, DKL = D_cal_iv ===
 k  is_n   is_fin  is_sh  is_dd  is_loss  oot_n  oot_fin  oot_sh  oot_dd  oot_loss
 0   322 11057.96   0.61  -7.88    14.91      9 10348.42    3.25   -0.32      0.00
 1   266 10708.68   0.49  -5.33    15.79      7 10258.62    2.52   -0.33      0.00
 2   216 10681.64   0.37  -4.89    16.20      7 10258.62    2.52   -0.33      0.00
 4   129 10720.80   0.56  -2.59    17.83      7 10258.62    2.52   -0.33      0.00
 8    24  9977.26  -0.12  -1.74    16.67      4 10145.67    1.90    0.00      0.00
12    15 10051.40   0.09  -1.73    13.33      4 10145.67    1.90    0.00      0.00
16    12  9982.97  -0.06  -1.74    16.67      4 10145.67    1.90    0.00      0.00
24     7 10091.25   0.51  -0.36    14.29      4 10145.67    1.90    0.00      0.00

=== G on P_cal, DKL = D_cal_iv_S ===
 k  is_n   is_fin  is_sh  is_dd  is_loss  oot_n  oot_fin  oot_sh  oot_dd  oot_loss
 0   322 11057.96   0.61  -7.88    14.91      9 10348.42    3.25   -0.32      0.00
 1   322 11057.96   0.61  -7.88    14.91      9 10348.42    3.25   -0.32      0.00
 2   322 11057.96   0.61  -7.88    14.91      9 10348.42    3.25   -0.32      0.00
 4   322 11057.96   0.61  -7.88    14.91      9 10348.42    3.25   -0.32      0.00
 8   322 11057.96   0.61  -7.88    14.91      9 10348.42    3.25   -0.32      0.00
12   322 11057.96   0.61  -7.88    14.91      9 10348.42    3.25   -0.32      0.00
16   322 11057.96   0.61  -7.88    14.91      9 10348.42    3.25   -0.32      0.00
24   322 11057.96   0.61  -7.88    14.91      9 10348.42    3.25   -0.32      0.00

=== G on P_cal, DKL = D_iv_cal ===
 k  is_n   is_fin  is_sh  is_dd  is_loss  oot_n  oot_fin  oot_sh  oot_dd  oot_loss
 0   322 11057.96   0.61  -7.88    14.91      9 10348.42    3.25   -0.32      0.00
 1   212 11246.32   0.65  -3.54    15.09      7 10258.62    2.52   -0.33      0.00
 2   154 10789.90   0.51  -3.30    18.83      7 10258.62    2.52   -0.33      0.00
 4    56 10340.72   0.45  -3.35    19.64      6 10189.23    1.98   -0.33      0.00
 8    18 10022.03   0.03  -1.74    11.11      4 10145.67    1.90    0.00      0.00
12    11 10160.12   0.82  -0.36     9.09      4 10145.67    1.90    0.00      0.00
16     9 10123.27   0.67  -0.36    11.11      4 10145.67    1.90    0.00      0.00
24     7 10091.25   0.51  -0.36    14.29      2 10117.84    1.50    0.00      0.00

=== G on P_cal, DKL = D_emp_cal ===
 k  is_n   is_fin  is_sh  is_dd  is_loss  oot_n  oot_fin  oot_sh  oot_dd  oot_loss
 0   322 11057.96   0.61  -7.88    14.91      9 10348.42    3.25   -0.32      0.00
 1   228 11298.96   0.78  -3.50    15.35      5 10215.06    2.48    0.00      0.00
 2   187 11479.81   0.90  -2.35    15.51      4 10197.88    2.04    0.00      0.00
 4   137 10759.93   0.48  -3.19    18.25      3 10128.49    2.97    0.00      0.00
 8    86 10545.57   0.42  -3.27    20.93      2 10120.00    2.17    0.00      0.00
12    59 10433.26   0.38  -4.37    22.03      2 10120.00    2.17    0.00      0.00
16    45 10330.73   0.31  -3.42    22.22      2 10120.00    2.17    0.00      0.00
24    27  9881.92  -0.13  -4.18    29.63      2 10120.00    2.17    0.00      0.00

=== G on P_cal, DKL = D_cal_emp_S ===
 k  is_n   is_fin  is_sh  is_dd  is_loss  oot_n  oot_fin  oot_sh  oot_dd  oot_loss
 0   322 11057.96   0.61  -7.88    14.91      9 10348.42    3.25   -0.32      0.00
 1   317 11230.88   0.71  -5.45    14.51      6 10242.28    2.80    0.00      0.00
 2   311 11207.86   0.61  -4.11    14.47      5 10225.10    2.43    0.00      0.00
 4   308 11242.91   0.62  -4.09    14.29      5 10225.10    2.43    0.00      0.00
 8   303 11532.33   0.78  -4.13    13.86      5 10225.10    2.43    0.00      0.00
12   301 11688.44   0.86  -4.13    13.62      5 10225.10    2.43    0.00      0.00
16   296 11554.70   0.79  -4.43    13.85      5 10225.10    2.43    0.00      0.00
24   294 11356.66   0.69  -4.50    14.29      5 10225.10    2.43    0.00      0.00

=== G on P_cal, DKL = D_cert_iv ===
 k  is_n   is_fin  is_sh  is_dd  is_loss  oot_n  oot_fin  oot_sh  oot_dd  oot_loss
 0   322 11057.96   0.61  -7.88    14.91      9 10348.42    3.25   -0.32      0.00
 1   170 10211.77   0.15  -4.67    15.88      4 10145.67    1.90    0.00      0.00
 2    78  9924.75  -0.09  -3.45    16.67      1 10100.66    0.00    0.00      0.00
 4     8 10113.58   0.97   0.00     0.00      0 10000.00    0.00    0.00      0.00
 8     0 10000.00   0.00   0.00     0.00      0 10000.00    0.00    0.00      0.00
12     0 10000.00   0.00   0.00     0.00      0 10000.00    0.00    0.00      0.00
16     0 10000.00   0.00   0.00     0.00      0 10000.00    0.00    0.00      0.00
24     0 10000.00   0.00   0.00     0.00      0 10000.00    0.00    0.00      0.00
