
===== D_cert_iv (thr 0.05, G on ticker cell) =====
IS : {'zero_frac': 0.0, 'corr_EV': 0.06984941049617541, 'corr_q': 0.0749891429395727, 'loss_q': [0.0903, 0.1129, 0.1158, 0.1167, 0.116], 'excess_q': [0.0255, 0.0426, 0.0455, 0.0532, 0.0628], 'ev_q': [0.0113, 0.0147, 0.019, 0.0259, 0.0511]}
OOT: {'zero_frac': 0.0, 'corr_EV': 0.09509628616048182, 'corr_q': 0.07083022490619532, 'loss_q': [0.0802, 0.1097, 0.1196, 0.1308, 0.1322], 'excess_q': [0.0072, 0.0286, 0.0504, 0.0621, 0.0647], 'ev_q': [0.0094, 0.0124, 0.0159, 0.0296, 0.0497]}
 k  is_n   is_fin  is_sh  is_dd  is_loss  oot_n  oot_fin  oot_sh  oot_dd  oot_loss
 0  3373 38042.30   2.21  -9.11    13.67    466 13431.20    2.36   -6.16     14.38
 1  2538 40172.60   2.53  -4.04    13.44    363 12172.90    1.69  -10.90     16.53
 2  1783 43461.30   2.79  -3.09    12.45    256 13030.00    2.80   -4.71     16.02
 3  1225 41807.00   2.96  -1.89    11.35    147 14071.40    4.77   -1.78     12.24
 4   854 37536.20   2.90  -2.05    11.12     91 13523.20    4.72   -1.82     10.99
 6   454 30471.60   2.92  -1.68    10.57     36 12394.40    3.74   -1.20      2.78
 8   238 23993.30   3.28  -0.92     8.40     22 11545.60    3.54   -1.28      4.55
10   117 18759.00   2.85  -1.18     8.55     13 10885.20    2.85   -1.36      7.69
12    61 15470.80   2.26  -0.89     6.56      7 10496.80    1.82   -1.41     14.29
16    15 11673.20   1.16  -0.69    13.33      2 10254.80    1.41    0.00      0.00
24     1 10182.00   0.00   0.00     0.00      0 10000.00    0.00    0.00      0.00

===== D_cert_d (thr 0.05, G on ticker cell) =====
IS : {'zero_frac': 0.0, 'corr_EV': 0.061021942075674296, 'corr_q': 0.0748032284530024, 'loss_q': [0.0871, 0.1154, 0.1163, 0.114, 0.1191], 'excess_q': [0.0221, 0.0413, 0.0459, 0.0509, 0.0693], 'ev_q': [0.0123, 0.0155, 0.0199, 0.0233, 0.051]}
OOT: {'zero_frac': 0.0, 'corr_EV': 0.08211870404228402, 'corr_q': 0.07227452190773895, 'loss_q': [0.0738, 0.1104, 0.1365, 0.1139, 0.1378], 'excess_q': [0.0019, 0.0272, 0.0647, 0.046, 0.0732], 'ev_q': [0.0091, 0.0125, 0.0208, 0.032, 0.0426]}
 k  is_n   is_fin  is_sh  is_dd  is_loss  oot_n  oot_fin  oot_sh  oot_dd  oot_loss
 0  3373 38042.30   2.21  -9.11    13.67    466 13431.20    2.36   -6.16     14.38
 1  2543 41274.00   2.61  -3.75    13.29    363 12258.10    1.73  -11.30     16.25
 2  1792 42323.00   2.79  -2.53    12.89    253 13632.60    3.28   -4.22     15.02
 3  1235 41791.80   2.93  -1.89    11.50    153 13336.00    3.66   -4.03     14.38
 4   871 37995.80   2.82  -2.05    11.25     92 13646.20    5.16   -1.27     10.87
 6   463 30158.90   2.74  -1.68    10.80     41 12687.80    3.91   -1.17      2.44
 8   251 24076.10   3.19  -0.92     9.96     22 11523.60    3.24   -1.28      4.55
10   126 18794.00   2.82  -1.13     8.73     15 10988.40    2.68   -1.35      6.67
12    60 15397.20   2.18  -0.89     6.67      7 10492.80    1.66   -1.41     14.29
16    21 12134.00   1.44  -0.68     9.52      2 10254.80    1.41    0.00      0.00
24     3 10194.00   0.09  -0.65    33.33      0 10000.00    0.00    0.00      0.00

===== D_cert_emp (thr 0.05, G on ticker cell) =====
IS : {'zero_frac': 0.0, 'corr_EV': -0.018160203088937888, 'corr_q': 0.6341981620142888, 'loss_q': [0.0796, 0.1005, 0.1078, 0.1218, 0.1421], 'excess_q': [0.0585, 0.0533, 0.0422, 0.0446, 0.0309], 'ev_q': [0.0379, 0.0241, 0.02, 0.0177, 0.0223]}
OOT: {'zero_frac': 0.0, 'corr_EV': -0.06605604884796731, 'corr_q': 0.6305318440134503, 'loss_q': [0.0963, 0.0823, 0.1147, 0.1301, 0.1491], 'excess_q': [0.0623, 0.0353, 0.0475, 0.0372, 0.0307], 'ev_q': [0.0448, 0.027, 0.0174, 0.0144, 0.0136]}
 k  is_n   is_fin  is_sh  is_dd  is_loss  oot_n  oot_fin  oot_sh  oot_dd  oot_loss
 0  3373 38042.30   2.21  -9.11    13.67    466 13431.20    2.36   -6.16     14.38
 1  2980 36934.80   2.26  -8.76    13.62    416 12671.30    1.96   -8.05     15.62
 2  2617 38528.00   2.46  -5.01    13.18    361 11516.10    1.19  -15.66     17.17
 3  2236 38190.70   2.49  -4.68    13.01    322 11642.90    1.44   -9.07     17.08
 4  1906 38555.40   2.69  -3.89    12.75    276 11704.10    1.69   -5.63     16.67
 6  1368 35303.70   2.81  -3.10    12.21    184 12592.90    2.94   -3.57     15.76
 8   998 32712.20   2.89  -2.06    12.12    115 12098.60    3.18   -3.26     15.65
10   717 28659.80   3.01  -2.15    11.30     73 12020.50    4.72   -4.08     13.70
12   518 25344.50   2.76  -2.09    11.00     53 12039.00    4.10   -1.98     11.32
16   282 19379.10   2.35  -2.96    12.06     29 11472.80    4.01   -1.98     13.79
24    93 13939.70   1.56  -4.13    10.75      9 10926.00    2.85    0.00      0.00

===== D_sum (thr 0.05, G on ticker cell) =====
IS : {'zero_frac': 0.0, 'corr_EV': 0.07115208122423368, 'corr_q': -0.10918169813025207, 'loss_q': [0.0975, 0.1151, 0.1126, 0.1136, 0.113], 'excess_q': [0.0234, 0.041, 0.0413, 0.0541, 0.0698], 'ev_q': [0.0082, 0.0131, 0.0173, 0.0249, 0.0584]}
OOT: {'zero_frac': 0.0, 'corr_EV': 0.10019682643199332, 'corr_q': -0.13456010756062972, 'loss_q': [0.0865, 0.109, 0.1295, 0.1146, 0.1329], 'excess_q': [0.0056, 0.026, 0.0518, 0.0516, 0.0781], 'ev_q': [0.0086, 0.0107, 0.0154, 0.0233, 0.0591]}
 k  is_n   is_fin  is_sh  is_dd  is_loss  oot_n  oot_fin  oot_sh  oot_dd  oot_loss
 0  3373 38042.30   2.21  -9.11    13.67    466 13431.20    2.36   -6.16     14.38
 1  2293 42416.20   2.71  -2.77    13.39    337 13469.50    2.93   -4.66     15.13
 2  1412 43536.00   2.87  -4.82    11.69    190 13730.60    3.69   -3.33     14.74
 3   923 40228.10   2.98  -2.42    10.40     99 13764.00    4.67   -1.26     10.10
 4   641 35094.80   2.96  -1.68    10.45     66 13346.20    4.52   -0.41      7.58
 6   320 27024.10   2.91  -0.99     9.06     26 11680.80    3.49   -1.27      3.85
 8   144 19289.00   2.88  -1.17     8.33     17 11176.80    3.05   -1.32      5.88
10    65 15090.20   2.23  -0.90     7.69      9 10639.60    2.09   -1.39     11.11
12    25 12446.80   1.40  -1.03     8.00      4 10173.60    0.58   -1.45     25.00
16     6 10584.40   0.65  -0.62    16.67      0 10000.00    0.00    0.00      0.00
24     0 10000.00   0.00   0.00     0.00      0 10000.00    0.00    0.00      0.00

===== D_cert_iv on shrunk-G base (EV_post) =====
 k  is_n   is_fin  is_sh  is_dd  is_loss  oot_n  oot_fin  oot_sh  oot_dd  oot_loss
 0  3312 40774.20   2.26  -6.21    14.58    481 14380.70    2.96   -8.62     14.35
 1  2496 44193.20   2.59  -6.42    14.06    388 13333.10    2.65   -5.43     15.98
 2  1767 45568.90   2.70  -7.12    13.24    261 14036.90    3.41   -5.15     15.33
 3  1242 43964.50   2.90  -4.76    12.32    158 14602.70    5.21   -1.72     12.03
 4   893 40981.10   2.87  -4.06    11.09     99 14138.50    5.71   -1.76      9.09
 6   501 33052.30   2.76  -4.18    10.58     45 12630.90    4.09   -1.06      4.44
 8   264 25830.90   3.34  -0.87     8.33     22 11605.60    3.85   -1.28      4.55
10   136 20248.20   2.85  -1.12     8.82     15 11038.00    3.20   -1.34      6.67
12    72 16580.40   2.56  -0.83     5.56      7 10536.80    2.04   -1.40     14.29
16    21 12244.00   1.48  -0.65     9.52      2 10254.80    1.41    0.00      0.00
24     1 10182.00   0.00   0.00     0.00      0 10000.00    0.00    0.00      0.00
IS top-20/day loss by D_cert_iv quintile: [0.095, 0.1179, 0.1159, 0.1193, 0.1213]  EV: [0.0379, 0.0392, 0.049, 0.0496, 0.0841]
OOT top-20/day loss by D_cert_iv quintile: [0.0521, 0.1083, 0.1458, 0.1104, 0.1812]  EV: [0.0377, 0.0392, 0.0609, 0.0793, 0.0745]
