delta column: dfit_short range 0.5 0.6 n 43479

Model credit / width by fitted short delta (all 50-60 delta candidates 2020-2026). fair = 1.00x model
               n   fair    p25    p75  breakeven_0.965x  min_1.04x  good_1.06x  observed_1.08x  great_1.10x
dbin                                                                                                       
0.50-0.52   5384  0.437  0.410  0.464             0.422      0.455       0.464           0.472        0.481
0.52-0.54   7984  0.477  0.446  0.507             0.461      0.496       0.506           0.516        0.525
0.54-0.56  10361  0.508  0.477  0.532             0.491      0.529       0.539           0.549        0.559
0.56-0.58  10745  0.520  0.498  0.543             0.502      0.540       0.551           0.561        0.572
0.58-0.60   9005  0.526  0.505  0.548             0.508      0.547       0.558           0.568        0.579

fair credit/width by delta x DTE:
DTE            1      2      3      4
dbin                                 
0.50-0.52  0.419  0.434  0.442  0.446
0.52-0.54  0.457  0.475  0.480  0.485
0.54-0.56  0.486  0.507  0.510  0.513
0.56-0.58  0.506  0.517  0.522  0.525
0.58-0.60  0.514  0.524  0.528  0.530

fair credit/width by delta x width rung:
width      $0.50  $1.00  $2.50
dbin                          
0.50-0.52  0.438  0.440  0.436
0.52-0.54  0.476  0.482  0.473
0.54-0.56  0.508  0.512  0.505
0.56-0.58  0.519  0.522  0.518
0.58-0.60  0.524  0.527  0.526
