valid IS 53,523; market riskier than history (iv) on 97.0%; mean ls_emp 0.1100 ls_iv 0.1748 ls_d 0.1749 realized 0.1559

--- calibration by b deciles (IS valid) ---
       lo       hi     n    loss  pred_q   ls_iv  realized_ls     pnl      EV
b                                                                            
0  0.0331   0.1111  5353  0.0478  0.0330  0.1410       0.0994 -2.7127  0.0037
1  0.1111   0.1338  5352  0.0714  0.0479  0.1537       0.1228 -4.1158  0.0056
2  0.1338   0.1494  5352  0.0873  0.0578  0.1634       0.1382 -4.8642  0.0069
3  0.1494   0.1628  5352  0.0949  0.0646  0.1679       0.1485 -5.9804  0.0081
4  0.1628   0.1765  5353  0.1031  0.0714  0.1739       0.1466 -3.6611  0.0096
5  0.1765   0.1905  5352  0.1235  0.0748  0.1769       0.1756 -7.5941  0.0119
6  0.1905   0.2048  5352  0.1190  0.0820  0.1820       0.1661 -4.6817  0.0144
7  0.2048   0.2270  5352  0.1345  0.0892  0.1863       0.1755 -4.2303  0.0172
8  0.2270   0.2690  5352  0.1513  0.0968  0.1938       0.1872 -4.4856  0.0249
9  0.2690  65.6667  5353  0.1707  0.1017  0.2096       0.1988  3.6970  0.1417

--- calibration by EV deciles (IS valid) ---
        lo       hi     n    loss  pred_q   ls_iv  realized_ls     pnl      EV
EV                                                                            
0  -0.0000   0.0002  5353  0.0927  0.0835  0.1617       0.1331 -4.3331  0.0001
1   0.0002   0.0009  5352  0.0987  0.0826  0.1649       0.1461 -5.3172  0.0005
2   0.0009   0.0020  5352  0.1026  0.0786  0.1660       0.1469 -5.4614  0.0014
3   0.0020   0.0038  5352  0.1050  0.0770  0.1689       0.1502 -4.8240  0.0029
4   0.0038   0.0063  5353  0.1018  0.0740  0.1714       0.1491 -5.3486  0.0050
5   0.0063   0.0101  5352  0.1097  0.0711  0.1737       0.1602 -5.6714  0.0081
6   0.0101   0.0156  5352  0.1125  0.0684  0.1774       0.1574 -4.0402  0.0126
7   0.0156   0.0249  5352  0.1147  0.0641  0.1806       0.1642 -3.8185  0.0199
8   0.0249   0.0450  5352  0.1302  0.0597  0.1869       0.1784 -4.6987  0.0334
9   0.0450  34.2959  5353  0.1358  0.0601  0.1968       0.1730  4.8847  0.1601

--- calibration by ls_iv deciles (IS valid) ---
           lo      hi     n    loss  pred_q   ls_iv  realized_ls     pnl      EV
ls_iv                                                                           
0      0.0558  0.1339  5353  0.0590  0.0482  0.1184       0.0985  0.4201  0.0181
1      0.1339  0.1484  5352  0.0830  0.0578  0.1417       0.1334 -3.8190  0.0149
2      0.1484  0.1588  5352  0.0940  0.0645  0.1538       0.1447 -4.8081  0.0185
3      0.1588  0.1673  5352  0.0972  0.0683  0.1631       0.1470 -3.5701  0.0176
4      0.1673  0.1748  5353  0.1115  0.0715  0.1711       0.1606 -4.2853  0.0182
5      0.1748  0.1818  5352  0.1179  0.0754  0.1783       0.1657 -4.5371  0.0181
6      0.1818  0.1886  5352  0.1194  0.0776  0.1851       0.1674 -4.6503  0.0211
7      0.1886  0.1983  5352  0.1145  0.0777  0.1931       0.1602 -3.7946  0.0236
8      0.1983  0.2107  5352  0.1284  0.0829  0.2040       0.1709 -4.3451  0.0287
9      0.2107  0.3359  5353  0.1788  0.0954  0.2396       0.2102 -5.2382  0.0651

--- calibration by D_emp_iv deciles (IS valid) ---
              lo      hi     n    loss  pred_q   ls_iv  realized_ls     pnl      EV
D_emp_iv                                                                           
0         0.0000  0.0063  5353  0.1274  0.1055  0.1568       0.1678 -5.4542  0.0081
1         0.0063  0.0117  5352  0.1168  0.0921  0.1618       0.1586 -5.1770  0.0110
2         0.0117  0.0170  5352  0.1076  0.0832  0.1652       0.1514 -3.2354  0.0109
3         0.0170  0.0225  5352  0.1108  0.0779  0.1687       0.1537 -4.3454  0.0116
4         0.0225  0.0287  5353  0.1126  0.0723  0.1716       0.1592 -4.9698  0.0162
5         0.0287  0.0361  5352  0.0975  0.0679  0.1749       0.1413 -2.7342  0.0187
6         0.0361  0.0455  5352  0.1011  0.0625  0.1781       0.1512 -3.5868  0.0203
7         0.0455  0.0590  5352  0.1093  0.0575  0.1817       0.1579 -3.9751  0.0282
8         0.0590  0.0816  5352  0.1104  0.0513  0.1878       0.1575 -2.7921  0.0437
9         0.0816  4.8725  5353  0.1100  0.0490  0.2018       0.1601 -2.3567  0.0752

--- logistic: is_loss ~ features, IS all valid, n=50,138, base loss 0.113 ---
               coef      z
d_sh         -0.580 -7.591
logb          0.122  6.621
DTE           0.095  5.780
iv_rank       0.100  5.609
bull         -0.169 -3.717
ls_d          0.529  3.693
D_iv_unif    -0.178 -3.122
ls_emp        0.060  3.054
otm          -0.042 -2.178
spy_r5       -0.029 -1.945
D_emp_iv     -0.035 -1.603
spy_rv20     -0.021 -1.329
D_shiftG2    -0.017 -1.096
D_breach13_u -0.021 -1.086
D_est        -0.020 -0.779
ls_iv         0.092  0.645
width        -0.004 -0.261
D_shrink      0.007  0.243

--- logistic: is_loss ~ features, IS top-20/day by EV, n=20,588, base loss 0.118 ---
               coef      z
d_sh         -0.748 -7.007
DTE           0.133  5.182
iv_rank       0.114  3.990
ls_d          0.711  3.585
spy_rv20     -0.088 -3.509
bull         -0.199 -3.181
logb          0.092  3.133
D_iv_unif    -0.229 -2.924
ls_emp        0.066  2.215
otm          -0.044 -1.364
spy_r5       -0.029 -1.234
D_breach13_u -0.028 -0.904
D_emp_iv     -0.019 -0.690
D_shiftG2     0.014  0.667
width        -0.011 -0.476
ls_iv         0.090  0.464
D_est        -0.015 -0.379
D_shrink     -0.008 -0.185

--- logistic: is_loss ~ features, OOT all valid, n=4,307, base loss 0.116 ---
               coef      z
spy_rv20      0.295  3.682
ls_emp        0.137  2.006
ls_d          0.880  1.768
D_shrink      0.148  1.752
d_sh         -0.430 -1.641
D_est        -0.164 -1.612
D_emp_iv      0.090  1.587
D_shiftG2    -0.120 -1.443
width        -0.053 -1.050
spy_r5        0.057  0.964
D_breach13_u -0.050 -0.763
D_iv_unif    -0.137 -0.726
iv_rank      -0.030 -0.548
ls_iv        -0.225 -0.454
DTE           0.021  0.363
logb          0.019  0.275
otm           0.010  0.162
bull         -0.010 -0.064

=== D_emp_iv ===
IS : {'zero_frac': 0.0, 'corr_EV': 0.046170748276349864, 'corr_q': -0.20367353978337435, 'loss_q': [0.1221, 0.1092, 0.1051, 0.1052, 0.1102], 'excess_q': [0.0283, 0.0335, 0.041, 0.0549, 0.0718], 'ev_q': [0.0096, 0.0112, 0.0175, 0.0243, 0.0595]}
OOT: {'zero_frac': 0.0, 'corr_EV': 0.06925974987155516, 'corr_q': -0.26415134910963073, 'loss_q': [0.1146, 0.1146, 0.1112, 0.1062, 0.1259], 'excess_q': [0.0116, 0.0354, 0.0361, 0.0477, 0.0823], 'ev_q': [0.0094, 0.0115, 0.0143, 0.0258, 0.0561]}
 k  is_n   is_fin  is_sh  is_dd  is_loss  oot_n  oot_fin  oot_sh  oot_dd  oot_loss
 0  3373 38042.30   2.21  -9.11    13.67    466 13431.20    2.36   -6.16     14.38
 1  3165 39128.30   2.36  -7.14    13.62    441 12997.30    2.23   -7.84     15.65
 2  2961 39940.80   2.38  -5.12    13.71    423 12832.70    2.07   -9.09     15.84
 4  2466 42609.00   2.59  -3.39    13.75    366 13693.10    2.80   -5.57     14.75
 8  1677 43634.90   2.80  -4.29    12.28    240 14767.90    4.38   -3.20     12.50
12  1302 43887.60   2.89  -3.48    11.06    180 14272.80    4.54   -2.54     11.67
16  1123 41465.80   3.06  -1.68    10.77    156 13736.80    4.22   -1.41     12.18
24   839 38041.20   3.10  -1.05     9.54    108 13518.00    4.46   -2.06     10.19
32   643 32376.10   2.93  -1.07     9.64     84 12872.40    4.62   -0.69     11.90

=== D_iv_emp ===
IS : {'zero_frac': 0.0, 'corr_EV': 0.032701198502649464, 'corr_q': -0.01906871519754968, 'loss_q': [0.1238, 0.1087, 0.1077, 0.1029, 0.1088], 'excess_q': [0.0283, 0.0319, 0.0434, 0.0535, 0.0725], 'ev_q': [0.0098, 0.0113, 0.0173, 0.0274, 0.0562]}
OOT: {'zero_frac': 0.0, 'corr_EV': 0.028188389132987313, 'corr_q': -0.058690735605304654, 'loss_q': [0.1153, 0.1195, 0.1077, 0.1069, 0.1231], 'excess_q': [0.0114, 0.0375, 0.0305, 0.0528, 0.0809], 'ev_q': [0.0095, 0.0111, 0.0145, 0.0255, 0.0563]}
 k  is_n   is_fin  is_sh  is_dd  is_loss  oot_n  oot_fin  oot_sh  oot_dd  oot_loss
 0  3373 38042.30   2.21  -9.11    13.67    466 13431.20    2.36   -6.16     14.38
 1  2946 37198.20   2.22  -8.00    14.02    436 12703.70    1.98   -9.84     16.28
 2  2619 37392.00   2.27  -5.62    14.20    400 13232.50    2.36   -7.83     15.75
 4  1996 41528.20   2.67  -5.59    13.43    302 15674.00    4.56   -3.08     12.25
 8  1367 42286.20   2.84  -5.04    11.05    198 14325.90    4.40   -2.53     12.12
12  1116 39387.80   3.06  -2.42    10.84    154 13562.00    4.32   -1.45     12.99
16   945 38559.60   3.13  -2.42     9.84    129 13652.40    4.16   -2.22     11.63
24   695 33090.80   3.05  -1.05     9.78     92 12950.80    4.10   -2.15     11.96
32   546 28914.60   2.82  -1.65    10.07     69 12663.00    4.12   -1.39     11.59

=== D_emp_iv_S ===
IS : {'zero_frac': 0.029520019430898867, 'corr_EV': 0.04209114333001823, 'corr_q': -0.22188716383320606, 'loss_q': [0.1206, 0.1093, 0.1047, 0.1066, 0.1104], 'excess_q': [0.0309, 0.0354, 0.0416, 0.0581, 0.0734], 'ev_q': [0.0078, 0.0108, 0.0168, 0.0233, 0.0584]}
OOT: {'zero_frac': 0.026586017724011816, 'corr_EV': 0.06944579520050741, 'corr_q': -0.2737847570462082, 'loss_q': [0.1163, 0.1149, 0.112, 0.1055, 0.1264], 'excess_q': [0.0175, 0.035, 0.038, 0.0488, 0.084], 'ev_q': [0.0097, 0.0113, 0.0143, 0.026, 0.0571]}
 k  is_n   is_fin  is_sh  is_dd  is_loss  oot_n  oot_fin  oot_sh  oot_dd  oot_loss
 0  3373 38042.30   2.21  -9.11    13.67    466 13431.20    2.36   -6.16     14.38
 1  3169 38985.10   2.31  -7.84    13.63    441 12997.30    2.23   -7.84     15.65
 2  2967 39620.40   2.32  -6.45    13.75    423 12832.70    2.07   -9.09     15.84
 4  2479 42302.60   2.52  -4.79    13.84    366 13693.10    2.80   -5.57     14.75
 8  1698 43802.50   2.74  -5.69    12.37    240 14767.90    4.38   -3.20     12.50
12  1339 44682.80   2.83  -4.88    10.98    180 14272.80    4.54   -2.54     11.67
16  1172 42803.00   3.02  -3.82    10.58    156 13736.80    4.22   -1.41     12.18
24   911 40089.10   3.17  -2.14     9.33    108 13518.00    4.46   -2.06     10.19
32   727 34935.20   3.05  -2.27     9.49     84 12872.40    4.62   -0.69     11.90

=== D_iv_emp_S ===
IS : {'zero_frac': 0.029520019430898867, 'corr_EV': 0.030222761595120405, 'corr_q': -0.042097990303607884, 'loss_q': [0.1223, 0.1091, 0.1075, 0.1043, 0.1084], 'excess_q': [0.0313, 0.0342, 0.0445, 0.0561, 0.0734], 'ev_q': [0.0079, 0.0108, 0.0167, 0.0261, 0.0556]}
OOT: {'zero_frac': 0.026586017724011816, 'corr_EV': 0.0294397581082765, 'corr_q': -0.08084727548538813, 'loss_q': [0.1192, 0.1171, 0.1084, 0.1077, 0.1228], 'excess_q': [0.0194, 0.0359, 0.0324, 0.0546, 0.0809], 'ev_q': [0.0096, 0.0107, 0.0146, 0.0262, 0.0573]}
 k  is_n   is_fin  is_sh  is_dd  is_loss  oot_n  oot_fin  oot_sh  oot_dd  oot_loss
 0  3373 38042.30   2.21  -9.11    13.67    466 13431.20    2.36   -6.16     14.38
 1  2952 37155.40   2.17  -8.68    14.09    436 12703.70    1.98   -9.84     16.28
 2  2630 37770.00   2.24  -6.87    14.22    400 13232.50    2.36   -7.83     15.75
 4  2015 41837.40   2.62  -5.43    13.55    302 15674.00    4.56   -3.08     12.25
 8  1396 42701.40   2.78  -4.88    11.25    198 14325.90    4.40   -2.53     12.12
12  1159 40590.60   3.01  -3.82    10.87    154 13562.00    4.32   -1.45     12.99
16   999 40380.40   3.05  -3.82     9.71    129 13652.40    4.16   -2.22     11.63
24   770 35323.10   3.11  -2.27     9.61     92 12950.80    4.10   -2.15     11.96
32   632 31382.00   2.96  -2.27     9.81     69 12663.00    4.12   -1.39     11.59

=== D_emp_iv_H ===
IS : {'zero_frac': 0.9704799805691011, 'corr_EV': 0.03888155281422381, 'corr_q': 0.17220296246670022, 'loss_q': [0.1424, 0.1234, 0.1551, 0.0601, 0.0791], 'excess_q': [0.0217, -0.0075, 0.026, -0.0667, -0.0692], 'ev_q': [0.0076, 0.0133, 0.0735, 0.0405, 0.1448]}
OOT: {'zero_frac': 0.9734139822759882, 'corr_EV': -0.0030817528841420236, 'corr_q': 0.12001732446913249}
 k  is_n   is_fin  is_sh  is_dd  is_loss  oot_n  oot_fin  oot_sh  oot_dd  oot_loss
 0  3373 38042.30   2.21  -9.11    13.67    466 13431.20    2.36   -6.16     14.38
 1  3369 38240.70   2.25  -8.41    13.62    466 13431.20    2.36   -6.16     14.38
 2  3368 38425.90   2.27  -7.74    13.60    466 13431.20    2.36   -6.16     14.38
 4  3364 38239.30   2.26  -7.75    13.59    466 13431.20    2.36   -6.16     14.38
 8  3360 37746.90   2.25  -7.87    13.60    466 13431.20    2.36   -6.16     14.38
12  3352 37535.30   2.23  -7.92    13.63    466 13431.20    2.36   -6.16     14.38
16  3343 37163.70   2.22  -7.98    13.67    466 13431.20    2.36   -6.16     14.38
24  3334 36655.20   2.15  -8.13    13.68    466 13431.20    2.36   -6.16     14.38
32  3328 36082.00   2.11  -8.28    13.70    466 13431.20    2.36   -6.16     14.38

=== D_emp_d ===
IS : {'zero_frac': 0.0, 'corr_EV': 0.07436801357382412, 'corr_q': -0.38074812437413263, 'loss_q': [0.1196, 0.1134, 0.1028, 0.1069, 0.1091], 'excess_q': [0.0227, 0.0365, 0.0396, 0.0574, 0.0734], 'ev_q': [0.0106, 0.0107, 0.016, 0.0287, 0.0559]}
OOT: {'zero_frac': 0.0, 'corr_EV': 0.09786403464912957, 'corr_q': -0.4195410111578347, 'loss_q': [0.1174, 0.1111, 0.1112, 0.1062, 0.1266], 'excess_q': [0.0119, 0.0261, 0.0385, 0.05, 0.0866], 'ev_q': [0.0102, 0.0108, 0.0154, 0.0256, 0.0549]}
 k  is_n   is_fin  is_sh  is_dd  is_loss  oot_n  oot_fin  oot_sh  oot_dd  oot_loss
 0  3373 38042.30   2.21  -9.11    13.67    466 13431.20    2.36   -6.16     14.38
 1  3173 38974.20   2.34  -7.24    13.68    442 13144.50    2.28   -8.01     15.16
 2  2965 39760.00   2.36  -6.34    13.86    424 12799.70    2.07   -7.69     15.80
 4  2465 43385.70   2.61  -3.28    13.59    372 13480.30    2.63   -8.17     15.05
 8  1694 43155.30   2.80  -2.75    12.93    253 15094.80    4.54   -3.02     12.65
12  1309 44156.30   3.10  -2.42    10.92    195 14229.70    4.43   -2.55     12.82
16  1110 41435.90   3.15  -1.68    10.81    154 14023.60    4.69   -1.22     11.69
24   849 38505.80   3.02  -0.90     9.42    109 12961.20    3.76   -1.65     12.84
32   673 33786.10   3.04  -1.03     9.81     81 13066.40    4.10   -1.34      8.64

=== D_emp_d_S ===
IS : {'zero_frac': 0.021523457205313602, 'corr_EV': 0.06724238898449053, 'corr_q': -0.4130242899519024, 'loss_q': [0.1187, 0.1151, 0.1036, 0.1066, 0.1095], 'excess_q': [0.0245, 0.0402, 0.0412, 0.058, 0.0754], 'ev_q': [0.0084, 0.0105, 0.0148, 0.0283, 0.0545]}
OOT: {'zero_frac': 0.020396680264453508, 'corr_EV': 0.09802394772536811, 'corr_q': -0.43391951294689485, 'loss_q': [0.1184, 0.1134, 0.1128, 0.107, 0.1256], 'excess_q': [0.0147, 0.029, 0.0403, 0.0517, 0.0869], 'ev_q': [0.0102, 0.011, 0.0159, 0.0254, 0.0557]}
 k  is_n   is_fin  is_sh  is_dd  is_loss  oot_n  oot_fin  oot_sh  oot_dd  oot_loss
 0  3373 38042.30   2.21  -9.11    13.67    466 13431.20    2.36   -6.16     14.38
 1  3176 39021.00   2.31  -7.27    13.66    442 13144.50    2.28   -8.01     15.16
 2  2970 39459.20   2.31  -7.03    13.91    424 12799.70    2.07   -7.69     15.80
 4  2476 43488.10   2.56  -3.79    13.57    372 13480.30    2.63   -8.17     15.05
 8  1713 43818.90   2.77  -4.15    12.84    253 15094.80    4.54   -3.02     12.65
12  1341 45112.30   3.05  -3.82    10.74    195 14229.70    4.43   -2.55     12.82
16  1155 42955.90   3.13  -3.82    10.48    154 14023.60    4.69   -1.22     11.69
24   915 40524.90   3.17  -2.14     9.07    109 12961.20    3.76   -1.65     12.84
32   753 36812.00   3.18  -2.14     9.30     82 13096.00    4.15   -1.34      8.54

=== D_emp_d_H ===
IS : {'zero_frac': 0.9784765427946864, 'corr_EV': 0.0393863048531808, 'corr_q': 0.16755325784755842, 'loss_q': [0.1299, 0.0913, 0.113, 0.0609, 0.0779], 'excess_q': [0.0071, -0.0466, -0.0177, -0.0802, -0.0776], 'ev_q': [0.0111, 0.0439, 0.0732, 0.086, 0.1531]}
OOT: {'zero_frac': 0.9796033197355465, 'corr_EV': -0.0020332185781091728, 'corr_q': 0.10900836034902658}
 k  is_n   is_fin  is_sh  is_dd  is_loss  oot_n  oot_fin  oot_sh  oot_dd  oot_loss
 0  3373 38042.30   2.21  -9.11    13.67    466 13431.20    2.36   -6.16     14.38
 1  3370 38067.50   2.24  -9.08    13.65    466 13431.20    2.36   -6.16     14.38
 2  3369 38235.90   2.25  -8.40    13.62    466 13431.20    2.36   -6.16     14.38
 4  3365 37995.70   2.24  -8.43    13.64    466 13431.20    2.36   -6.16     14.38
 8  3362 37674.90   2.23  -8.52    13.65    466 13431.20    2.36   -6.16     14.38
12  3355 37386.90   2.21  -8.59    13.68    466 13431.20    2.36   -6.16     14.38
16  3347 37020.90   2.20  -8.65    13.71    466 13431.20    2.36   -6.16     14.38
24  3338 36406.40   2.14  -8.77    13.72    466 13419.60    2.36   -6.17     14.38
32  3331 35930.00   2.11  -8.90    13.75    466 13639.60    2.52   -6.17     14.16

=== D_iv_unif ===
IS : {'zero_frac': 0.0, 'corr_EV': -0.0560833484482496, 'corr_q': 0.021291854406883706, 'loss_q': [0.1055, 0.1137, 0.1173, 0.1139, 0.1014], 'excess_q': [0.0585, 0.0522, 0.0503, 0.0404, 0.0282], 'ev_q': [0.0469, 0.0274, 0.0194, 0.0152, 0.013]}
OOT: {'zero_frac': 0.0, 'corr_EV': -0.08803882256865346, 'corr_q': 0.06506434673767061, 'loss_q': [0.1181, 0.1287, 0.1217, 0.109, 0.0949], 'excess_q': [0.0575, 0.0666, 0.0494, 0.0242, 0.0154], 'ev_q': [0.0489, 0.03, 0.0164, 0.0124, 0.0094]}
 k  is_n   is_fin  is_sh  is_dd  is_loss  oot_n  oot_fin  oot_sh  oot_dd  oot_loss
 0  3373 38042.30   2.21  -9.11    13.67    466 13431.20    2.36   -6.16     14.38
 1  2205 39324.00   2.50  -3.47    13.61    324 11961.30    1.64  -12.47     16.67
 2  1319 36753.80   2.60  -2.42    13.80    180 12437.60    2.80   -5.14     17.78
 4   474 27415.80   2.46  -2.51    13.29     47 12220.60    4.87   -1.16     10.64
 8    96 16044.20   2.04  -1.18    14.58     10 11006.40    3.32    0.00      0.00
12    19 11829.20   1.52  -0.62     5.26      1 10076.40    0.00    0.00      0.00
16     6 10633.60   0.87   0.00     0.00      0 10000.00    0.00    0.00      0.00
24     1 10078.80   0.00   0.00     0.00      0 10000.00    0.00    0.00      0.00
32     0 10000.00   0.00   0.00     0.00      0 10000.00    0.00    0.00      0.00

=== D_d_unif ===
IS : {'zero_frac': 0.0, 'corr_EV': -0.048231295269081306, 'corr_q': 0.02176014783130458, 'loss_q': [0.1073, 0.1154, 0.1138, 0.1172, 0.0981], 'excess_q': [0.0651, 0.0529, 0.0461, 0.0421, 0.0234], 'ev_q': [0.0461, 0.0239, 0.0224, 0.0158, 0.0137]}
OOT: {'zero_frac': 0.0, 'corr_EV': -0.0758304252286262, 'corr_q': 0.06733003954427949, 'loss_q': [0.1224, 0.1195, 0.1239, 0.1104, 0.0963], 'excess_q': [0.0691, 0.0527, 0.0536, 0.0235, 0.0141], 'ev_q': [0.0394, 0.0341, 0.0222, 0.0119, 0.0094]}
 k  is_n   is_fin  is_sh  is_dd  is_loss  oot_n  oot_fin  oot_sh  oot_dd  oot_loss
 0  3373 38042.30   2.21  -9.11    13.67    466 13431.20    2.36   -6.16     14.38
 1  2199 39905.40   2.60  -3.59    13.51    327 12127.70    1.76  -11.56     16.21
 2  1316 37164.80   2.70  -2.81    13.45    180 12478.40    2.82   -5.16     17.78
 4   454 27119.40   2.47  -1.78    13.22     43 11958.20    4.54   -1.98     11.63
 8    84 15580.00   1.95  -1.14    14.29      7 10799.20    2.93    0.00      0.00
12    18 11880.00   1.46  -0.12     5.56      1 10076.40    0.00    0.00      0.00
16     2 10156.80   0.42   0.00     0.00      0 10000.00    0.00    0.00      0.00
24     0 10000.00   0.00   0.00     0.00      0 10000.00    0.00    0.00      0.00
32     0 10000.00   0.00   0.00     0.00      0 10000.00    0.00    0.00      0.00

=== D_emp_unif ===
IS : {'zero_frac': 0.0, 'corr_EV': 0.024426181142502293, 'corr_q': -0.5798254158531961, 'loss_q': [0.1367, 0.1229, 0.111, 0.1014, 0.08], 'excess_q': [0.0284, 0.043, 0.0447, 0.0542, 0.0592], 'ev_q': [0.0219, 0.017, 0.0199, 0.0258, 0.0374]}
OOT: {'zero_frac': 0.0, 'corr_EV': 0.06747882168887089, 'corr_q': -0.5826526760679757, 'loss_q': [0.1414, 0.1392, 0.107, 0.0886, 0.0963], 'excess_q': [0.0275, 0.0459, 0.0354, 0.0415, 0.0628], 'ev_q': [0.0155, 0.0124, 0.0183, 0.0282, 0.0426]}
 k  is_n   is_fin  is_sh  is_dd  is_loss  oot_n  oot_fin  oot_sh  oot_dd  oot_loss
 0  3373 38042.30   2.21  -9.11    13.67    466 13431.20    2.36   -6.16     14.38
 1  1588 40956.80   2.84  -2.55    13.48    227 13307.80    3.19   -4.65     16.30
 2   729 34969.20   2.76  -2.55    12.89     82 13078.90    4.40   -1.46     12.20
 4   216 23577.80   2.49  -1.02     9.72     13 10971.20    2.91   -1.31      7.69
 8    20 11647.20   1.01  -1.32    15.00      1 10068.80    0.00    0.00      0.00
12     2 10065.60   0.41  -0.12    50.00      0 10000.00    0.00    0.00      0.00
16     0 10000.00   0.00   0.00     0.00      0 10000.00    0.00    0.00      0.00
24     0 10000.00   0.00   0.00     0.00      0 10000.00    0.00    0.00      0.00
32     0 10000.00   0.00   0.00     0.00      0 10000.00    0.00    0.00      0.00

DONE 37s
