
IS 2020-25: chains by smile-slope quintile (most negative = puts richest = market fears DOWN most), n=74,242
        n   slope    P_up  mean_ret_bp  mean_move_sig  big_down  big_up
c1                                                                     
0   14849 -0.0474  0.5389      18.0605         0.0560    0.1320  0.1594
1   14848 -0.0213  0.5339       9.6808         0.0445    0.1374  0.1609
2   14848 -0.0114  0.5410      12.0718         0.0660    0.1303  0.1562
3   14848 -0.0018  0.5337      15.1829         0.0663    0.1252  0.1547
4   14849  0.0297  0.4986      -8.1006        -0.0080    0.1329  0.1284
   corr(slope, realized return) = -0.0391;  corr(slope, |move|) = -0.0206

OOT 2026: chains by smile-slope quintile (most negative = puts richest = market fears DOWN most), n=7,603
       n   slope    P_up  mean_ret_bp  mean_move_sig  big_down  big_up
c1                                                                    
0   1521 -0.0613  0.4819      -5.1979         0.0012    0.1368  0.1420
1   1520 -0.0278  0.5112       5.4987         0.0320    0.1428  0.1454
2   1521 -0.0125  0.5437      35.9328         0.1163    0.1282  0.1703
3   1520  0.0040  0.5461      31.7162         0.0993    0.1296  0.1638
4   1521  0.0466  0.5174       8.4599         0.0394    0.1170  0.1203
   corr(slope, realized return) = -0.0079;  corr(slope, |move|) = -0.0134

IS bull_put: by (this wing - opposite wing) market loss share; loss = realized breach of the long strike
mirror_signed              0           1           2           3           4
n                 13187.0000  13187.0000  13186.0000  13187.0000  13187.0000
this_minus_other     -0.0379      0.0028      0.0182      0.0336      0.0637
loss                  0.0868      0.0923      0.0924      0.0808      0.0719
mkt_loss              0.1583      0.1711      0.1723      0.1709      0.1719

IS bear_call: by (this wing - opposite wing) market loss share; loss = realized breach of the long strike
mirror_signed              0           1           2           3           4
n                 13051.0000  13050.0000  13051.0000  13050.0000  13051.0000
this_minus_other     -0.0573     -0.0312     -0.0179     -0.0043      0.0292
loss                  0.0907      0.1008      0.1030      0.0932      0.0662
mkt_loss              0.1362      0.1485      0.1553      0.1588      0.1651

OOT bull_put: by (this wing - opposite wing) market loss share; loss = realized breach of the long strike
mirror_signed             0          1          2          3          4
n                 1332.0000  1332.0000  1331.0000  1332.0000  1332.0000
this_minus_other    -0.0515    -0.0054     0.0153     0.0357     0.0734
loss                 0.0743     0.1201     0.1082     0.1006     0.0683
mkt_loss             0.1627     0.1821     0.1834     0.1827     0.1876

OOT bear_call: by (this wing - opposite wing) market loss share; loss = realized breach of the long strike
mirror_signed             0          1          2          3          4
n                 1326.0000  1326.0000  1326.0000  1326.0000  1326.0000
this_minus_other    -0.0675    -0.0342    -0.0166     0.0021     0.0406
loss                 0.0950     0.1063     0.1214     0.1071     0.0724
mkt_loss             0.1431     0.1566     0.1631     0.1692     0.1752
