
######## IS: fill sensitivity (k=1, thr=0.01)
 fill  canon 252s n  canon 252s pnl  canon 252s yld  canon 252s sh  canon 252s dd  52 exp n  52 exp pnl  52 exp yld  52 exp sh  52 exp dd  104 exp n  104 exp pnl  104 exp yld  104 exp sh  104 exp dd
 1.00          4001            1443            0.48           0.26         -60.80      4827       -3118       -0.88       0.31     -93.11       4073         4620         1.52        0.38      -42.46
 1.02          4001            7197            2.45           0.50         -45.32      4827        3493        1.00       0.34     -65.60       4073        10458         3.51        0.62      -36.95
 1.04          4000           12945            4.50           0.75         -32.51      4826       10097        2.96       0.59     -44.10       4072        16289         5.57        0.88      -31.91
 1.06          4000           18685            6.63           0.98         -21.77      4826       16694        5.00       0.89     -34.56       4072        22112         7.73        1.14      -27.30
 1.08          3999           24422            8.86           1.20         -15.92      4825       23286        7.12       1.18     -29.96       4071        27932         9.97        1.40      -23.05
 1.10          3998           30156           11.18           1.41         -13.64      4824       29874        9.33       1.48     -26.05       4070        33747        12.32        1.67      -19.14

######## IS: k x thr sweep at fill 1.08 (cells: Sharpe / DD% / n)
-- canon 252s
                    0.005             0.010             0.015             0.020             0.030
k \ thr                                                                                          
0.0      1.19/-21.48/4887   1.2/-20.17/4184  1.13/-18.11/3347  1.07/-12.21/2542   0.85/-12.7/1508
0.5      1.17/-21.48/4868  1.17/-18.59/4086  1.03/-18.76/3178  1.05/-12.12/2397  0.73/-16.95/1352
1.0       1.19/-20.1/4834   1.2/-15.92/3999   1.06/-16.4/3025  1.11/-12.32/2221   0.81/-14.9/1200
1.5      1.22/-19.98/4798  1.23/-15.29/3889  1.16/-14.56/2885  1.21/-11.92/2033   0.8/-12.54/1074
2.0      1.24/-19.86/4751  1.19/-17.44/3773  1.14/-14.09/2724   1.13/-12.0/1890   0.67/-12.41/946
-- 52 exp
                    0.005             0.010             0.015             0.020             0.030
k \ thr                                                                                          
0.0      1.27/-30.73/5107  1.23/-31.03/4888   1.2/-30.07/4523  1.15/-31.04/3971   0.9/-29.37/2840
0.5      1.21/-31.87/5099  1.19/-31.59/4864  1.08/-32.05/4444  1.04/-33.19/3841   0.8/-30.78/2640
1.0      1.23/-29.97/5092  1.18/-29.96/4825  1.13/-30.06/4351  1.05/-32.44/3708  0.76/-28.08/2423
1.5      1.31/-29.76/5074  1.22/-29.98/4782  1.14/-30.86/4234  0.99/-32.57/3562  0.76/-30.84/2228
2.0      1.33/-29.31/5067  1.25/-28.65/4737  1.17/-30.48/4116  0.94/-28.67/3377  0.63/-29.68/2031
-- 104 exp
                    0.005             0.010             0.015             0.020             0.030
k \ thr                                                                                          
0.0      1.44/-25.89/4919  1.35/-25.72/4288   1.2/-25.73/3456  1.17/-23.36/2648  1.01/-18.55/1499
0.5      1.49/-28.11/4894  1.37/-27.84/4186  1.28/-27.51/3277   1.03/-25.1/2485  1.22/-13.01/1352
1.0      1.51/-23.18/4862   1.4/-23.05/4071  1.22/-25.43/3113  1.15/-21.93/2311    1.2/-9.64/1232
1.5      1.57/-21.03/4825  1.38/-22.76/3963  1.29/-23.42/2933  1.08/-19.01/2118   1.32/-8.15/1112
2.0      1.65/-18.42/4777  1.39/-21.77/3829  1.28/-21.22/2777  1.08/-17.34/1963  1.13/-10.28/1008

######## IS: direction split at canon cell (k=1, thr=0.01, fill 1.08)
   canon 252s             bear_call n= 821 share=20.5%  pnl=$   541  yield=1.28%  Sh=0.14  DD=-19.38%
   canon 252s             bull_put  n=3178 share=79.5%  pnl=$ 23882  yield=10.23%  Sh=1.17  DD=-18.58%
   52 exp                 bear_call n=1381 share=28.6%  pnl=$  1165  yield=1.49%  Sh=0.19  DD=-21.82%
   52 exp                 bull_put  n=3444 share=71.4%  pnl=$ 22122  yield=8.89%  Sh=1.13  DD=-30.73%
   104 exp                bear_call n=1018 share=25.0%  pnl=$  1842  yield=3.27%  Sh=0.27  DD=-29.52%
   104 exp                bull_put  n=3053 share=75.0%  pnl=$ 26089  yield=11.66%  Sh=1.38  DD=-25.57%

######## OOT: fill sensitivity (k=1, thr=0.01)
 fill  canon 252s n  canon 252s pnl  canon 252s yld  canon 252s sh  canon 252s dd  52 exp n  52 exp pnl  52 exp yld  52 exp sh  52 exp dd  104 exp n  104 exp pnl  104 exp yld  104 exp sh  104 exp dd
 1.00           547            -278           -0.64          -0.12         -17.01       583         143        0.30       0.12      -8.28        572           25         0.05        0.12      -18.53
 1.02           547             556            1.31           0.37         -15.27       583        1041        2.23       0.71      -7.33        572          882         1.92        0.55      -16.32
 1.04           547            1391            3.34           0.85         -13.60       583        1939        4.23       1.29      -6.62        572         1739         3.86        0.98      -14.21
 1.06           547            2225            5.45           1.31         -12.00       583        2836        6.32       1.86      -5.94        572         2596         5.88        1.41      -12.19
 1.08           547            3058            7.66           1.75         -10.47       583        3732        8.49       2.42      -5.30        572         3451         7.99        1.82      -10.27
 1.10           547            3891            9.97           2.18          -8.99       583        4628       10.76       2.95      -4.68        572         4307        10.18        2.23       -8.44

######## OOT: k x thr sweep at fill 1.08 (cells: Sharpe / DD% / n)
-- canon 252s
                  0.005            0.010           0.015           0.020            0.030
k \ thr                                                                                  
0.0      2.29/-9.54/600   1.97/-8.46/554  2.02/-7.22/479  1.69/-5.61/377  1.47/-10.14/218
0.5       2.25/-9.5/600  1.87/-10.62/550   2.27/-5.8/463  2.08/-5.37/357   1.19/-7.85/183
1.0       2.29/-9.2/600  1.75/-10.47/547  2.06/-6.71/445  1.54/-5.85/326   1.01/-5.68/159
1.5      2.51/-7.66/600   2.06/-9.41/540  2.03/-5.01/428  1.84/-4.46/308   1.24/-4.94/146
2.0      2.52/-8.07/600   2.04/-9.19/524   2.05/-5.5/400   1.67/-5.1/282   1.29/-4.97/128
-- 52 exp
                  0.005           0.010           0.015           0.020           0.030
k \ thr                                                                                
0.0      2.64/-5.13/600  2.46/-5.08/586  2.47/-5.08/562  1.92/-5.67/512  0.99/-5.09/381
0.5      2.61/-5.26/600  2.41/-5.21/585   2.0/-5.23/551  1.87/-4.93/502   1.0/-5.31/371
1.0      2.57/-5.35/600   2.42/-5.3/583  2.24/-5.28/539   2.02/-4.2/487  1.03/-6.14/341
1.5      2.76/-5.27/598  2.63/-5.27/579  2.38/-5.22/530  1.89/-4.87/467   1.0/-5.75/312
2.0      2.89/-5.25/598  2.72/-5.25/578  2.39/-5.25/518   2.1/-4.55/444   0.82/-6.0/287
-- 104 exp
                   0.005            0.010           0.015           0.020           0.030
k \ thr                                                                                  
0.0      1.49/-12.85/598  1.65/-10.64/584  1.39/-8.61/524  1.64/-6.97/423  0.77/-8.84/241
0.5      1.44/-14.43/598  1.76/-11.06/579  1.44/-8.85/505   1.89/-6.9/400  0.62/-9.83/222
1.0      1.51/-13.88/598  1.82/-10.27/572  1.71/-6.89/485  1.84/-6.07/379  0.72/-8.35/214
1.5      1.36/-14.84/598  1.59/-11.26/565  1.71/-6.36/472   1.31/-8.0/353  0.33/-7.75/194
2.0      1.26/-15.24/598  1.62/-12.23/561   1.82/-6.1/454   1.5/-8.27/326  0.57/-6.55/182

######## OOT: direction split at canon cell (k=1, thr=0.01, fill 1.08)
   canon 252s             bear_call n=  94 share=17.2%  pnl=$  -886  yield=-13.23%  Sh=-1.28  DD=-11.91%
   canon 252s             bull_put  n= 453 share=82.8%  pnl=$  3944  yield=11.87%  Sh=2.19  DD=-10.51%
   52 exp                 bear_call n= 124 share=21.3%  pnl=$  -228  yield=-2.53%  Sh=-0.29  DD=-10.6%
   52 exp                 bull_put  n= 459 share=78.7%  pnl=$  3960  yield=11.33%  Sh=2.58  DD=-4.9%
   104 exp                bear_call n=  54 share= 9.4%  pnl=$  -977  yield=-23.13%  Sh=-1.83  DD=-11.69%
   104 exp                bull_put  n= 518 share=90.6%  pnl=$  4429  yield=11.36%  Sh=2.21  DD=-10.12%
