
######## IS: fill sensitivity (k=1, thr=0.01)
 fill  canon frame n  canon frame pnl  canon frame yld  canon frame sh  canon frame dd  104 exp full-session n  104 exp full-session pnl  104 exp full-session yld  104 exp full-session sh  104 exp full-session dd
 1.00           3999             5116             1.70            0.41          -40.13                    4073                      4620                      1.52                     0.38                   -42.46
 1.02           3999            10933             3.71            0.67          -27.22                    4073                     10458                      3.51                     0.62                   -36.95
 1.04           3998            16744             5.81            0.91          -20.25                    4072                     16289                      5.57                     0.88                   -31.91
 1.06           3998            22546             7.99            1.14          -16.47                    4072                     22112                      7.73                     1.14                   -27.30
 1.08           3997            28347            10.26            1.35          -14.93                    4071                     27932                      9.97                     1.40                   -23.05
 1.10           3996            34144            12.64            1.55          -13.91                    4070                     33747                     12.32                     1.67                   -19.14

######## IS: k x thr sweep at fill 1.08 (cells: Sharpe / DD% / n)
-- canon frame
                    0.005             0.010             0.015             0.020             0.030
k \ thr                                                                                          
0.0      1.21/-19.15/4861  1.25/-18.03/4184  1.43/-14.14/3379  1.13/-12.84/2581   1.01/-13.5/1500
0.5      1.24/-19.25/4835  1.31/-17.38/4090  1.44/-14.14/3224  1.23/-13.35/2429   0.96/-15.1/1353
1.0      1.26/-18.23/4803  1.35/-14.93/3997  1.43/-12.63/3061   1.2/-13.27/2241   0.8/-18.59/1207
1.5      1.29/-18.67/4771  1.36/-14.43/3887  1.35/-13.44/2904  1.21/-13.23/2046  0.68/-19.96/1062
2.0      1.29/-18.88/4733  1.34/-14.28/3763  1.29/-12.94/2743  1.19/-12.16/1901   0.53/-22.28/923
-- 104 exp full-session
                    0.005             0.010             0.015             0.020             0.030
k \ thr                                                                                          
0.0      1.44/-25.89/4919  1.35/-25.72/4288   1.2/-25.73/3456  1.17/-23.36/2648  1.01/-18.55/1499
0.5      1.49/-28.11/4894  1.37/-27.84/4186  1.28/-27.51/3277   1.03/-25.1/2485  1.22/-13.01/1352
1.0      1.51/-23.18/4862   1.4/-23.05/4071  1.22/-25.43/3113  1.15/-21.93/2311    1.2/-9.64/1232
1.5      1.57/-21.03/4825  1.38/-22.76/3963  1.29/-23.42/2933  1.08/-19.01/2118   1.32/-8.15/1112
2.0      1.65/-18.42/4777  1.39/-21.77/3829  1.28/-21.22/2777  1.08/-17.34/1963  1.13/-10.28/1008

######## IS: direction split at canon cell (k=1, thr=0.01, fill 1.08)
   canon frame            bear_call n= 844 share=21.1%  pnl=$  2289  yield=5.42%  Sh=0.42  DD=-15.29%
   canon frame            bull_put  n=3153 share=78.9%  pnl=$ 26058  yield=11.13%  Sh=1.24  DD=-17.28%
   104 exp full-session   bear_call n=1018 share=25.0%  pnl=$  1842  yield=3.27%  Sh=0.27  DD=-29.52%
   104 exp full-session   bull_put  n=3053 share=75.0%  pnl=$ 26089  yield=11.66%  Sh=1.38  DD=-25.57%

######## OOT: fill sensitivity (k=1, thr=0.01)
 fill  canon frame n  canon frame pnl  canon frame yld  canon frame sh  canon frame dd  104 exp full-session n  104 exp full-session pnl  104 exp full-session yld  104 exp full-session sh  104 exp full-session dd
 1.00            544             1085             2.52            0.67          -13.53                     572                        25                      0.05                     0.12                   -18.53
 1.02            544             1926             4.56            1.10          -11.68                     572                       882                      1.92                     0.55                   -16.32
 1.04            544             2767             6.69            1.53           -9.90                     572                      1739                      3.86                     0.98                   -14.21
 1.06            544             3607             8.91            1.94           -8.20                     572                      2596                      5.88                     1.41                   -12.19
 1.08            544             4446            11.23            2.34           -6.58                     572                      3451                      7.99                     1.82                   -10.27
 1.10            544             5285            13.65            2.73           -5.83                     572                      4307                     10.18                     2.23                    -8.44

######## OOT: k x thr sweep at fill 1.08 (cells: Sharpe / DD% / n)
-- canon frame
                  0.005           0.010           0.015           0.020           0.030
k \ thr                                                                                
0.0      1.92/-9.05/600  1.95/-8.06/560   1.81/-9.0/466   1.55/-8.3/372   1.9/-9.43/202
0.5       2.28/-7.1/600  2.33/-6.62/549  2.02/-7.89/453  1.63/-9.64/343  2.08/-7.95/174
1.0      2.44/-6.36/599  2.34/-6.58/544  2.35/-6.38/439  1.85/-8.34/314  2.36/-4.76/157
1.5      2.18/-6.45/599  1.99/-8.05/534  1.71/-6.68/414  1.94/-5.79/279  2.04/-4.39/137
2.0      2.13/-7.38/598  1.92/-9.24/520  2.28/-6.59/389  1.84/-6.32/246   1.9/-4.13/122
-- 104 exp full-session
                   0.005            0.010           0.015           0.020           0.030
k \ thr                                                                                  
0.0      1.49/-12.85/598  1.65/-10.64/584  1.39/-8.61/524  1.64/-6.97/423  0.77/-8.84/241
0.5      1.44/-14.43/598  1.76/-11.06/579  1.44/-8.85/505   1.89/-6.9/400  0.62/-9.83/222
1.0      1.51/-13.88/598  1.82/-10.27/572  1.71/-6.89/485  1.84/-6.07/379  0.72/-8.35/214
1.5      1.36/-14.84/598  1.59/-11.26/565  1.71/-6.36/472   1.31/-8.0/353  0.33/-7.75/194
2.0      1.26/-15.24/598  1.62/-12.23/561   1.82/-6.1/454   1.5/-8.27/326  0.57/-6.55/182

######## OOT: direction split at canon cell (k=1, thr=0.01, fill 1.08)
   canon frame            bear_call n=  80 share=14.7%  pnl=$  -418  yield=-7.18%  Sh=-0.54  DD=-8.53%
   canon frame            bull_put  n= 464 share=85.3%  pnl=$  4863  yield=14.4%  Sh=2.51  DD=-9.36%
   104 exp full-session   bear_call n=  54 share= 9.4%  pnl=$  -977  yield=-23.13%  Sh=-1.83  DD=-11.69%
   104 exp full-session   bull_put  n= 518 share=90.6%  pnl=$  4429  yield=11.36%  Sh=2.21  DD=-10.12%
