
######## IS · canon 252s · fill 1.08 · qty1
  thr  k    n   pnl   yld   sh     dd  calmar  put
0.005  0 4887 27420  8.18 1.19 -21.48    1.27 76.2
0.005  1 4834 26577  7.96 1.19 -20.10    1.33 76.2
0.005  2 4751 27611  8.35 1.24 -19.86    1.38 76.3
0.005  3 4662 28315  8.64 1.28 -20.64    1.35 76.6
0.005  4 4552 30655  9.50 1.37 -16.11    1.82 76.9
0.005  6 4278 27421  8.93 1.28 -17.53    1.56 77.3
0.005  8 3920 21621  7.57 1.15 -17.51    1.34 78.0
0.005 12 3105 22307  9.54 1.38 -13.41    1.79 79.4
0.005 16 2324 18606 10.46 1.49  -8.58    2.47 80.7
0.010  0 4184 25819  9.02 1.20 -20.17    1.30 78.9
0.010  1 3999 24422  8.86 1.20 -15.92    1.59 79.5
0.010  2 3773 23536  8.96 1.19 -17.44    1.42 80.3
0.010  3 3543 21888  8.79 1.19 -16.35    1.45 80.9
0.010  4 3235 23276 10.11 1.29 -13.61    1.81 82.0
0.010  6 2656 21010 10.89 1.27 -12.99    1.77 82.8
0.010  8 2128 17202 10.94 1.25 -10.95    1.84 83.7
0.010 12 1423 15092 14.14 1.45  -6.90    2.68 85.2
0.010 16  990 11838 15.99 1.52  -6.65    2.33 86.7
0.015  0 3347 21188  9.27 1.13 -18.11    1.28 82.4
0.015  1 3025 17949  8.58 1.06 -16.40    1.26 83.9
0.015  2 2724 18786  9.89 1.14 -14.09    1.52 84.9
0.015  3 2407 18212 10.76 1.19 -11.93    1.75 85.4
0.015  4 2080 16589 11.29 1.21 -11.60    1.69 86.4
0.015  6 1539 12178 10.99 1.07 -11.72    1.34 87.4
0.015  8 1165 11281 13.50 1.22 -10.46    1.42 87.0
0.015 12  746  7883 14.90 1.29  -7.88    1.43 87.8
0.015 16  494  5120 14.89 1.05  -7.91    1.00 89.9

######## IS · 52 exp · fill 1.08 · qty1
  thr  k    n   pnl  yld   sh     dd  calmar  put
0.005  0 5107 27363 7.87 1.27 -30.73    0.89 70.9
0.005  1 5092 25348 7.32 1.23 -29.97    0.87 70.7
0.005  2 5067 27343 7.85 1.33 -29.31    0.93 70.9
0.005  3 5039 25193 7.23 1.26 -28.54    0.91 71.1
0.005  4 5010 23557 6.74 1.19 -28.87    0.86 71.1
0.005  6 4918 24617 7.06 1.35 -23.67    1.08 71.0
0.005  8 4736 25533 7.49 1.43 -24.56    1.07 71.5
0.005 12 4218 21415 6.95 1.28 -23.11    1.01 72.9
0.005 16 3508 13965 5.41 0.99 -23.82    0.73 74.9
0.010  0 4888 25712 7.77 1.23 -31.03    0.85 71.2
0.010  1 4825 23286 7.12 1.18 -29.96    0.82 71.4
0.010  2 4737 24581 7.58 1.25 -28.65    0.89 71.6
0.010  3 4612 22690 7.14 1.22 -27.69    0.87 71.9
0.010  4 4471 21321 6.87 1.18 -26.81    0.87 71.9
0.010  6 4039 17959 6.29 1.14 -22.91    0.91 72.9
0.010  8 3555 12446 4.93 0.89 -21.71    0.74 74.3
0.010 12 2597  9507 5.11 0.77 -21.68    0.60 77.8
0.010 16 1919  8376 5.98 0.91 -11.71    1.01 80.7
0.015  0 4523 24542 8.05 1.20 -30.07    0.85 72.1
0.015  1 4351 21152 7.24 1.13 -30.06    0.77 72.1
0.015  2 4116 21406 7.66 1.17 -30.48    0.76 72.8
0.015  3 3868 17850 6.75 1.04 -30.90    0.67 73.2
0.015  4 3568 14395 5.86 0.92 -27.14    0.66 73.8
0.015  6 2942  9743 4.75 0.79 -21.62    0.62 76.2
0.015  8 2386  8496 5.06 0.73 -24.26    0.49 78.6
0.015 12 1599  6432 5.60 0.79  -9.43    1.02 82.6
0.015 16 1138  5251 6.27 0.80  -8.60    0.94 84.8

######## IS · 104 exp · fill 1.08 · qty1
  thr  k    n   pnl   yld   sh     dd  calmar  put
0.005  0 4919 33257  9.83 1.44 -25.89    1.19 72.5
0.005  1 4862 33277  9.92 1.51 -23.18    1.33 72.4
0.005  2 4777 34139 10.28 1.65 -18.42    1.69 72.6
0.005  3 4682 31989  9.74 1.57 -17.50    1.72 72.9
0.005  4 4572 28925  8.95 1.44 -17.14    1.65 73.1
0.005  6 4258 27179  8.88 1.46 -16.49    1.65 73.6
0.005  8 3830 28536 10.24 1.63 -18.13    1.55 74.3
0.005 12 3061 22117  9.90 1.46 -18.70    1.28 75.9
0.005 16 2351 20557 11.91 1.63 -11.02    2.07 79.1
0.010  0 4288 27580  9.38 1.35 -25.72    1.07 74.7
0.010  1 4071 27932  9.97 1.40 -23.05    1.20 75.0
0.010  2 3829 26217  9.84 1.39 -21.77    1.22 75.8
0.010  3 3538 26005 10.49 1.42 -22.47    1.18 75.8
0.010  4 3273 22199  9.61 1.32 -23.24    1.03 75.8
0.010  6 2714 18460  9.56 1.41 -15.71    1.35 76.8
0.010  8 2221 13785  8.77 1.18 -15.83    1.09 77.4
0.010 12 1508 12129 11.25 1.21 -16.37    0.96 80.6
0.010 16 1065  8796 11.68 1.20  -8.91    1.38 83.5
0.015  0 3456 21617  9.17 1.20 -25.73    0.91 76.2
0.015  1 3113 20367  9.54 1.22 -25.43    0.89 76.9
0.015  2 2777 19687 10.32 1.28 -21.22    1.04 77.0
0.015  3 2454 14334  8.51 1.01 -25.25    0.70 77.4
0.015  4 2157 12170  8.26 1.01 -20.19    0.78 77.6
0.015  6 1649 12009 10.68 1.22 -14.88    1.05 78.8
0.015  8 1279  9401 10.92 1.10 -14.34    0.91 80.0
0.015 12  843  7693 13.67 1.24  -8.49    1.31 83.5
0.015 16  583  5538 14.16 1.17  -7.68    1.10 83.9

######## OOT · canon 252s · fill 1.08 · qty1
  thr  k   n  pnl   yld   sh     dd  calmar  put
0.005  0 600 4750 11.03 2.29  -9.54    7.93 80.7
0.005  1 600 4669 10.64 2.29  -9.20    8.07 80.8
0.005  2 600 4507 10.19 2.52  -8.07    8.86 80.2
0.005  3 596 4741 10.75 2.85  -4.78   15.79 79.9
0.005  4 594 4372  9.94 2.62  -4.24   16.31 79.5
0.005  6 578 4931 11.50 2.96  -4.76   16.55 80.4
0.005  8 548 4169 10.12 2.47  -5.11   12.86 80.8
0.005 12 442 3906 11.57 2.77  -7.22    8.49 81.9
0.005 16 320 1623  6.59 1.24  -9.24    2.64 82.8
0.010  0 554 3388  8.53 1.97  -8.46    6.22 82.3
0.010  1 547 3058  7.66 1.75 -10.47    4.51 82.8
0.010  2 524 3180  8.37 2.04  -9.19    5.35 82.8
0.010  3 499 4259 11.81 2.77  -4.19   16.05 82.6
0.010  4 460 3286  9.82 2.29  -4.46   11.42 82.6
0.010  6 395 3559 12.05 2.81  -3.84   14.44 83.3
0.010  8 302 1848  8.36 1.43  -7.30    3.82 84.8
0.010 12 197 1025  7.27 0.97  -7.95    1.91 86.8
0.010 16 142 1607 16.34 1.86  -5.20    4.63 83.1
0.015  0 479 3416 10.21 2.02  -7.22    7.35 83.7
0.015  1 445 3180 10.12 2.06  -6.71    7.33 83.6
0.015  2 400 2948 10.44 2.05  -5.50    8.26 85.2
0.015  3 349 2133  8.78 1.90  -5.38    6.01 85.4
0.015  4 300 2236 10.62 1.88  -6.79    5.00 86.7
0.015  6 215 1991 12.93 1.72  -4.91    6.13 87.9
0.015  8 172 1282 10.48 1.28  -5.71    3.35 87.2
0.015 12 114 1295 16.60 1.65  -3.72    5.19 85.1
0.015 16  72  727 16.29 1.27  -4.05    2.64 87.5

######## OOT · 52 exp · fill 1.08 · qty1
  thr  k   n  pnl   yld   sh     dd  calmar  put
0.005  0 600 4020  8.84 2.64  -5.13   12.32 76.5
0.005  1 600 3977  8.75 2.57  -5.35   11.67 77.7
0.005  2 598 4434  9.79 2.89  -5.25   13.38 78.4
0.005  3 596 3753  8.28 2.49  -4.49   13.08 78.7
0.005  4 596 3811  8.29 2.49  -4.70   12.70 79.2
0.005  6 589 3055  6.77 2.02  -4.81    9.81 80.8
0.005  8 580 3931  8.99 2.46  -6.49    9.51 82.2
0.005 12 536 3472  8.51 2.19 -10.88    4.97 84.0
0.005 16 459 3654 10.47 2.58  -8.57    6.66 84.1
0.010  0 586 3739  8.46 2.46  -5.08   11.51 77.1
0.010  1 583 3732  8.49 2.42  -5.30   11.01 78.7
0.010  2 578 4096  9.39 2.72  -5.25   12.28 79.6
0.010  3 568 3552  8.24 2.40  -4.45   12.44 79.8
0.010  4 556 3128  7.37 2.11  -3.93   12.31 80.4
0.010  6 517 2554  6.56 1.81  -7.28    5.37 82.2
0.010  8 462 3884 11.15 2.94  -4.79   12.71 84.0
0.010 12 352 2402  8.97 1.88  -9.81    3.73 85.5
0.010 16 268 1618  7.95 1.52  -8.89    2.73 88.1
0.015  0 562 3653  8.62 2.47  -5.08   11.23 77.9
0.015  1 539 3311  8.16 2.24  -5.28    9.73 79.6
0.015  2 518 3476  8.85 2.39  -5.25   10.30 80.5
0.015  3 496 2371  6.31 1.63  -5.09    7.10 81.0
0.015  4 467 2900  8.22 2.10  -4.94    9.03 81.6
0.015  6 396 2043  6.79 1.69  -5.49    5.63 83.3
0.015  8 337 2093  8.18 1.86  -7.09    4.47 86.9
0.015 12 231  451  2.56 0.46 -10.49    0.63 87.4
0.015 16 169 1044  8.22 1.19  -8.02    1.93 87.6

######## OOT · 104 exp · fill 1.08 · qty1
  thr  k   n  pnl   yld   sh     dd  calmar  put
0.005  0 598 2919  6.52 1.49 -12.85    3.50 90.1
0.005  1 598 2934  6.50 1.51 -13.88    3.26 90.1
0.005  2 598 2448  5.43 1.26 -15.24    2.45 90.0
0.005  3 598 2478  5.43 1.34 -13.01    2.91 89.8
0.005  4 597 2802  6.16 1.54 -13.78    3.12 90.3
0.005  6 585 3261  7.24 1.70 -13.65    3.70 91.1
0.005  8 563 4212  9.61 1.99 -15.48    4.29 90.1
0.005 12 479 2378  6.40 1.31 -12.45    2.91 90.2
0.005 16 370 1454  5.09 1.06  -8.57    2.54 90.5
0.010  0 584 3242  7.41 1.65 -10.64    4.72 90.4
0.010  1 572 3451  7.99 1.82 -10.27    5.23 90.6
0.010  2 561 3046  7.20 1.62 -12.23    3.84 90.4
0.010  3 536 3489  8.53 1.85 -10.42    5.21 90.3
0.010  4 511 2926  7.55 1.66 -11.37    3.96 91.2
0.010  6 448 2404  7.07 1.49 -10.60    3.46 91.7
0.010  8 376 2125  7.46 1.53  -8.60    3.75 92.0
0.010 12 271 1724  8.39 1.44  -5.96    4.35 93.4
0.010 16 202 1095  7.37 1.22  -5.28    3.08 93.6
0.015  0 524 2469  6.30 1.39  -8.61    4.38 90.3
0.015  1 485 2950  8.09 1.71  -6.89    6.60 91.3
0.015  2 454 3009  8.86 1.82  -6.10    7.61 91.6
0.015  3 407 2262  7.36 1.57  -6.75    5.09 91.4
0.015  4 361 2026  7.49 1.49  -6.50    4.72 91.4
0.015  6 289 1057  5.00 0.95  -8.94    1.75 93.1
0.015  8 239  883  4.94 0.81  -7.62    1.71 92.5
0.015 12 169 1192  9.60 1.25  -7.36    2.41 92.9
0.015 16 127 1182 12.82 1.40  -5.98    2.94 92.9
