===== CONTROL: DKL at thr 0.05 vs k=0 with EV threshold raised to match trade count =====

--- D_emp_iv ---
k= 8 thr=0.05 : IS n= 1677 $   43,635 Sh 2.80 DD -4.3% loss 12.3% | OOT n=240 $ 14,768 Sh 4.38 DD -3.2%
k= 0 thr=0.091: IS n= 1677 $   41,447 Sh 2.87 DD -2.6% loss 13.0% | OOT n=242 $ 12,605 Sh 2.42 DD -4.5%
k=12 thr=0.05 : IS n= 1302 $   43,888 Sh 2.89 DD -3.5% loss 11.1% | OOT n=180 $ 14,273 Sh 4.54 DD -2.5%
k= 0 thr=0.111: IS n= 1303 $   39,016 Sh 2.75 DD -2.3% loss 13.1% | OOT n=176 $ 12,496 Sh 2.82 DD -5.4%
k=16 thr=0.05 : IS n= 1123 $   41,466 Sh 3.06 DD -1.7% loss 10.8% | OOT n=156 $ 13,737 Sh 4.22 DD -1.4%
k= 0 thr=0.122: IS n= 1124 $   38,410 Sh 2.73 DD -2.9% loss 12.5% | OOT n=146 $ 12,621 Sh 2.82 DD -4.0%
k=24 thr=0.05 : IS n=  839 $   38,041 Sh 3.10 DD -1.1% loss 9.5% | OOT n=108 $ 13,518 Sh 4.46 DD -2.1%
k= 0 thr=0.151: IS n=  839 $   36,137 Sh 2.80 DD -2.6% loss 12.6% | OOT n= 96 $ 13,037 Sh 4.41 DD -2.1%

--- D_cert_iv ---
k= 2 thr=0.05 : IS n= 1783 $   43,461 Sh 2.79 DD -3.1% loss 12.5% | OOT n=256 $ 13,030 Sh 2.80 DD -4.7%
k= 0 thr=0.088: IS n= 1784 $   41,136 Sh 2.80 DD -2.6% loss 13.3% | OOT n=253 $ 12,875 Sh 2.62 DD -4.2%
k= 3 thr=0.05 : IS n= 1225 $   41,807 Sh 2.96 DD -1.9% loss 11.3% | OOT n=147 $ 14,071 Sh 4.77 DD -1.8%
k= 0 thr=0.116: IS n= 1225 $   39,056 Sh 2.76 DD -1.9% loss 13.0% | OOT n=160 $ 12,642 Sh 2.64 DD -5.4%
k= 4 thr=0.05 : IS n=  854 $   37,536 Sh 2.90 DD -2.1% loss 11.1% | OOT n= 91 $ 13,523 Sh 4.72 DD -1.8%
k= 0 thr=0.149: IS n=  855 $   36,259 Sh 2.80 DD -2.3% loss 12.7% | OOT n= 99 $ 12,802 Sh 3.87 DD -2.1%
k= 6 thr=0.05 : IS n=  454 $   30,472 Sh 2.92 DD -1.7% loss 10.6% | OOT n= 36 $ 12,394 Sh 3.74 DD -1.2%
k= 0 thr=0.252: IS n=  454 $   29,142 Sh 2.76 DD -1.7% loss 12.6% | OOT n= 42 $ 12,188 Sh 4.19 DD -1.4%

===== D_cert_iv year-by-year (IS) Sharpe / final / n =====
k        0     2     3     4
year                        
2020  4.99  4.78  5.03  4.86
2021  2.34  4.38  4.45  4.69
2022 -0.00  1.36  2.59  2.19
2023 -0.01  4.07  4.89  4.15
2024  2.64  4.44  5.12  4.49
2025  2.63  3.40  3.84  4.52
k           0        2        3        4
year                                    
2020  23502.0  22600.0  22019.0  20720.0
2021  13402.0  14952.0  14459.0  14037.0
2022   9713.0  11232.0  11622.0  11352.0
2023   9916.0  12466.0  12259.0  11902.0
2024  16069.0  16749.0  16605.0  15133.0
2025  15340.0  15390.0  14827.0  14393.0
k       0    2    3    4
year                    
2020  693  501  390  311
2021  546  258  183  135
2022  415  110   51   29
2023  327  113   58   38
2024  631  343  247  162
2025  761  458  296  179

===== D_cert_iv fill stress =====
 fill  k  is_n   is_fin  is_sh  is_dd  is_loss  oot_n  oot_fin  oot_sh  oot_dd  oot_loss
 0.90  0  3373 52632.92   2.77  -5.58    13.67    466 15673.73    3.75   -3.91     14.38
 0.90  2  1783 52801.85   2.97  -2.20    12.45    256 14459.63    3.81   -2.97     16.02
 0.90  3  1225 49031.20   3.03  -1.58    11.35    147 15065.95    5.43   -1.56     12.24
 0.90  4   854 43236.30   2.94  -1.78    11.12     91 14221.48    5.09   -1.73     10.99
 fill  k  is_n   is_fin  is_sh  is_dd  is_loss  oot_n  oot_fin  oot_sh  oot_dd  oot_loss
 0.80  0  3373 38042.30   2.21  -9.11    13.67    466 13431.20    2.36   -6.16     14.38
 0.80  2  1783 43461.30   2.79  -3.09    12.45    256 13030.00    2.80   -4.71     16.02
 0.80  3  1225 41807.00   2.96  -1.89    11.35    147 14071.40    4.77   -1.78     12.24
 0.80  4   854 37536.20   2.90  -2.05    11.12     91 13523.20    4.72   -1.82     10.99
 fill  k  is_n   is_fin  is_sh  is_dd  is_loss  oot_n  oot_fin  oot_sh  oot_dd  oot_loss
 0.70  0  3373 23445.10   1.29 -22.36    13.67    466 11187.30    0.97  -13.29     14.38
 0.70  2  1783 34116.20   2.46  -3.98    12.45    256 11599.75    1.71   -7.26     16.02
 0.70  3  1225 34578.75   2.78  -2.49    11.35    147 13076.85    3.92   -2.02     12.24
 0.70  4   854 31832.05   2.77  -2.32    11.12     91 12824.92    4.20   -1.91     10.99
 fill  k  is_n   is_fin  is_sh  is_dd  is_loss  oot_n  oot_fin  oot_sh  oot_dd  oot_loss
 0.60  0  3373  8834.20  -0.01 -53.61    13.67    466  8942.90   -0.38  -29.00     14.38
 0.60  2  1783 24764.30   1.86  -6.65    12.45    256 10169.00    0.58  -13.69     16.02
 0.60  3  1225 27344.15   2.43  -3.13    11.35    147 12081.80    2.86   -2.58     12.24
 0.60  4   854 26123.85   2.51  -2.59    11.12     91 12126.65    3.46   -2.01     10.99

===== selected books: predicted vs realized loss share =====
D_emp_iv k=0: n=3373, pred loss share (P_emp) 0.0950, market (Q_iv) 0.1974, realized 0.1731, med b 0.326, med d_sh 0.249, med IV 0.46, mean pnl/ctr 8.31
D_emp_iv k=16: n=1123, pred loss share (P_emp) 0.1175, market (Q_iv) 0.1737, realized 0.1296, med b 0.538, med d_sh 0.226, med IV 0.51, mean pnl/ctr 28.02
D_cert_iv k=3: n=1225, pred loss share (P_emp) 0.1031, market (Q_iv) 0.1845, realized 0.1355, med b 0.529, med d_sh 0.236, med IV 0.54, mean pnl/ctr 25.96
