--- IS: by skew_dir quintile ---
skew_dir          0          1          2          3          4
n         7647.0000  7646.0000  7647.0000  7646.0000  7647.0000
x           -0.0539    -0.0226    -0.0113     0.0001     0.0231
loss         0.1380     0.1270     0.1023     0.0921     0.0982
ls_real      0.1833     0.1709     0.1448     0.1280     0.1257
ls_cal       0.1271     0.1157     0.1089     0.1045     0.1059
EV           0.0066     0.0054     0.0046     0.0044     0.0055
excess       0.0561     0.0553     0.0359     0.0235     0.0197
--- OOT: by skew_dir quintile ---
skew_dir          0          1          2          3          4
n         1077.0000  1077.0000  1077.0000  1077.0000  1077.0000
x           -0.0677    -0.0294    -0.0148    -0.0009     0.0248
loss         0.1170     0.1077     0.1207     0.1356     0.1393
ls_real      0.1490     0.1458     0.1569     0.1662     0.1620
ls_cal       0.1256     0.1212     0.1226     0.1217     0.1267
EV           0.0069     0.0054     0.0042     0.0027     0.0031
excess       0.0234     0.0246     0.0344     0.0445     0.0353
--- IS: by D_skew quintile ---
D_skew           0          1          2          3          4
n        7647.0000  7646.0000  7647.0000  7646.0000  7647.0000
x           0.0000     0.0000     0.0008     0.0034     0.0910
loss        0.1506     0.1411     0.1254     0.0918     0.0485
ls_real     0.1940     0.1847     0.1624     0.1320     0.0796
ls_cal      0.1317     0.1282     0.1252     0.1053     0.0717
EV          0.0068     0.0053     0.0049     0.0039     0.0056
excess      0.0623     0.0565     0.0372     0.0267     0.0080
--- OOT: by D_skew quintile ---
D_skew           0          1          2          3          4
n        1077.0000  1077.0000  1077.0000  1077.0000  1077.0000
x           0.0000     0.0000     0.0003     0.0016     0.0407
loss        0.1151     0.1216     0.1513     0.1337     0.0984
ls_real     0.1500     0.1578     0.1797     0.1662     0.1263
ls_cal      0.1317     0.1257     0.1381     0.1243     0.0980
EV          0.0058     0.0070     0.0039     0.0024     0.0031
excess      0.0183     0.0321     0.0416     0.0419     0.0282
--- IS: by rv_iv quintile ---
rv_iv            0          1          2          3          4
n        7615.0000  7614.0000  7615.0000  7614.0000  7615.0000
x           0.6465     0.7469     0.8326     0.9249     1.1559
loss        0.1149     0.1043     0.1124     0.1191     0.1070
ls_real     0.1550     0.1415     0.1542     0.1564     0.1458
ls_cal      0.1113     0.1115     0.1132     0.1112     0.1148
EV          0.0057     0.0053     0.0049     0.0053     0.0053
excess      0.0437     0.0300     0.0410     0.0452     0.0309
--- OOT: by rv_iv quintile ---
rv_iv            0          1          2          3          4
n        1077.0000  1077.0000  1077.0000  1077.0000  1077.0000
x           0.6917     0.7830     0.8528     0.9385     1.1230
loss        0.1216     0.1179     0.1365     0.1216     0.1226
ls_real     0.1486     0.1551     0.1657     0.1569     0.1537
ls_cal      0.1244     0.1219     0.1300     0.1176     0.1238
EV          0.0043     0.0046     0.0040     0.0046     0.0049
excess      0.0241     0.0332     0.0357     0.0393     0.0298
--- IS: by D_reg quintile ---
D_reg            0          1          2          3          4
n        7647.0000  7646.0000  7647.0000  7646.0000  7647.0000
x           0.0000     0.0000     0.0000     0.0000     0.0174
loss        0.0972     0.1339     0.1126     0.1134     0.1004
ls_real     0.1314     0.1766     0.1507     0.1549     0.1391
ls_cal      0.1059     0.1165     0.1128     0.1127     0.1141
EV          0.0080     0.0048     0.0040     0.0045     0.0052
excess      0.0254     0.0601     0.0379     0.0421     0.0250
--- OOT: by D_reg quintile ---
D_reg            0          1          2          3          4
n        1077.0000  1077.0000  1077.0000  1077.0000  1077.0000
x           0.0000     0.0000     0.0000     0.0000     0.0115
loss        0.1356     0.1235     0.1058     0.1411     0.1142
ls_real     0.1616     0.1523     0.1467     0.1699     0.1495
ls_cal      0.1263     0.1274     0.1196     0.1216     0.1229
EV          0.0039     0.0039     0.0045     0.0054     0.0045
excess      0.0353     0.0249     0.0271     0.0483     0.0266
IS bull_put by skew tercile (this side rich):
skew_dir          0          1          2
n         4761.0000  4761.0000  4761.0000
skew        -0.0300     0.0044     0.0271
loss         0.1069     0.0916     0.1071
excess       0.0281     0.0178     0.0222
IS bear_call by skew tercile (this side rich):
skew_dir          0          1          2
n         7983.0000  7983.0000  7984.0000
skew        -0.0450    -0.0183     0.0006
loss         0.1424     0.1149     0.0944
excess       0.0614     0.0490     0.0316
OOT bull_put by skew tercile (this side rich):
skew_dir         0         1         2
n         727.0000  726.0000  727.0000
skew       -0.0438    0.0010    0.0280
loss        0.0977    0.1267    0.1513
excess      0.0002    0.0278    0.0427
OOT bear_call by skew tercile (this side rich):
skew_dir          0          1          2
n         1068.0000  1068.0000  1069.0000
skew        -0.0563    -0.0229     0.0006
loss         0.1189     0.1199     0.1310
excess       0.0294     0.0394     0.0466

C. name VRP persistence: corr(ratio_h, ratio_h+1) = 0.196  (n=907 ticker-halves); ratio sd across tickers 0.307, mean 0.683

=== G on P_cal, fill 1.1, thr 0.01, DKL = D_skew  (median nonzero 0.0084) ===
  k  is_n   is_fin  is_sh  is_dd  is_loss  oot_n  oot_fin  oot_sh  oot_dd  oot_loss
  0  3023 18359.45   0.94 -16.99    13.63    470 15095.80    4.26   -8.06     11.49
  4  2891 13643.29   0.42 -25.99    14.98    460 14780.68    4.02   -8.05     11.96
  8  2877 13605.18   0.42 -24.96    15.02    459 14743.33    4.02   -8.05     11.98
 16  2857 13036.17   0.36 -27.09    15.12    455 14512.21    3.80   -8.41     12.31
 32  2823 12991.00   0.36 -27.70    15.30    455 14374.73    3.63   -8.95     12.75
 64  2773 12023.76   0.25 -29.68    15.69    450 14612.01    3.80   -8.83     12.67
128  2703 11641.96   0.21 -30.12    16.02    443 14098.12    3.39   -9.32     13.32

=== G on P_cal, fill 1.1, thr 0.01, DKL = D_skew_u  (median nonzero 0.0055) ===
 k  is_n   is_fin  is_sh  is_dd  is_loss  oot_n  oot_fin  oot_sh  oot_dd  oot_loss
 0  3023 18359.45   0.94 -16.99    13.63    470 15095.80    4.26   -8.06     11.49
 4  2868 13234.31   0.38 -26.13    15.13    458 14753.77    4.01   -8.06     12.01
 8  2841 12938.52   0.35 -25.63    15.21    456 14730.47    4.01   -8.05     12.06
16  2793 12197.71   0.27 -25.50    15.43    450 14490.12    3.82   -8.16     12.67
32  2689 12145.27   0.27 -24.92    15.69    439 14287.82    3.73   -8.18     12.98
64  2562 12075.49   0.25 -25.00    15.85    411 13925.31    3.31   -9.55     14.11

=== G on P_cal, fill 1.1, thr 0.01, DKL = D_reg  (median nonzero 0.0052) ===
 k  is_n   is_fin  is_sh  is_dd  is_loss  oot_n  oot_fin  oot_sh  oot_dd  oot_loss
 0  3023 18359.45   0.94 -16.99    13.63    470 15095.80    4.26   -8.06     11.49
 2  3009 18279.45   0.92 -15.90    13.63    470 15095.80    4.26   -8.06     11.49
 4  2994 17889.43   0.88 -16.31    13.69    470 15095.80    4.26   -8.06     11.49
 8  2967 18091.17   0.90 -17.18    13.68    470 15095.80    4.26   -8.06     11.49
16  2918 17776.21   0.88 -15.08    13.67    468 15033.84    4.24   -8.08     11.54
32  2856 17669.69   0.87 -14.46    13.62    450 15008.32    4.30   -8.06     11.11
64  2795 17340.49   0.84 -15.71    13.67    440 14620.84    4.11   -8.08     11.36

=== G on P_cal, fill 1.1, thr 0.01, DKL = D_reg_u  (median nonzero 0.0211) ===
 k  is_n   is_fin  is_sh  is_dd  is_loss  oot_n  oot_fin  oot_sh  oot_dd  oot_loss
 0  3023 18359.45   0.94 -16.99    13.63    470 15095.80    4.26   -8.06     11.49
 2  2862 17151.05   0.83 -14.99    13.77    452 14740.67    4.10   -7.39     11.73
 4  2697 16125.58   0.77 -13.13    13.90    437 14467.22    3.82   -7.94     11.90
 8  2397 17063.46   0.96  -8.92    13.48    395 13389.66    2.99   -9.25     13.16
16  1868 15800.99   0.90  -8.86    13.65    334 13613.91    3.72   -4.94     12.57
32  1395 15122.28   0.89  -7.84    12.90    232 13002.62    3.96   -3.65     11.21
