yesterday-fit coverage 71.9%; market says riskier than yesterday on 39.1%; skew makes this side riskier on 79.1%

=== G on P_real, DKL = D_jump (median nonzero 0.0038) ===
 IS : n=15550 loss [0.133, 0.111, 0.114, 0.093, 0.053] realized-minus-belief [0.075, 0.06, 0.074, 0.06, 0.034] EV [0.0176, 0.0224, 0.0288, 0.0332, 0.0471]
 OOT: n=2739 loss [0.108, 0.095, 0.091, 0.109, 0.069] realized-minus-belief [0.036, 0.047, 0.036, 0.071, 0.044] EV [0.0161, 0.0188, 0.0222, 0.025, 0.0333]
  k  is_n   is_fin  is_sh  is_dd  is_loss  oot_n  oot_fin  oot_sh  oot_dd  oot_loss
  0  4300 26478.40   1.23 -21.52    12.98    579 11867.20    1.08  -10.04     16.23
  2  4279 24737.54   1.12 -23.21    13.23    579 11982.40    1.14   -9.93     16.23
  4  4256 22638.65   0.95 -25.80    13.51    579 11952.75    1.12  -10.19     16.23
  8  4172 20570.19   0.82 -26.76    13.88    578 12357.09    1.36   -9.71     15.92
 16  4069 16479.04   0.54 -35.51    14.50    578 11994.70    1.15  -11.68     15.92
 32  3973 14280.74   0.40 -39.09    14.83    577 12007.22    1.14  -11.42     16.12
 64  3831 12667.86   0.31 -36.88    14.88    574 12405.08    1.35  -11.37     15.33
128  3610  9848.08   0.11 -42.06    15.26    569 11320.69    0.76  -16.34     15.82

=== G on P_real, DKL = D_jump_u (median nonzero 0.0033) ===
 IS : n=24044 loss [0.128, 0.11, 0.109, 0.099, 0.059] realized-minus-belief [0.068, 0.06, 0.064, 0.064, 0.037] EV [0.0153, 0.018, 0.0224, 0.0266, 0.0363]
 OOT: n=4926 loss [0.113, 0.113, 0.098, 0.093, 0.064] realized-minus-belief [0.043, 0.056, 0.039, 0.058, 0.03] EV [0.0143, 0.0156, 0.0182, 0.0192, 0.0247]
  k  is_n   is_fin  is_sh  is_dd  is_loss  oot_n  oot_fin  oot_sh  oot_dd  oot_loss
  0  4300 26478.40   1.23 -21.52    12.98    579 11867.20    1.08  -10.04     16.23
  2  4274 24693.25   1.12 -23.20    13.24    579 12144.65    1.23   -9.86     16.23
  4  4245 22397.85   0.94 -25.85    13.62    579 12166.35    1.24   -9.85     16.23
  8  4154 20026.87   0.80 -24.68    13.91    578 12271.71    1.27  -10.99     16.26
 16  4029 16822.66   0.57 -33.44    14.52    578 11836.79    1.04  -12.33     16.61
 32  3898 13999.47   0.38 -37.59    15.03    576 11936.72    1.07  -12.35     16.49
 64  3708 12131.21   0.27 -39.31    15.37    565 11388.37    0.79  -14.19     16.81
128  3406 10180.73   0.13 -39.99    15.88    551 10372.23    0.29  -17.97     17.42

=== G on P_real, DKL = D_jumpr (median nonzero 0.0036) ===
 IS : n=15550 loss [0.134, 0.109, 0.114, 0.094, 0.053] realized-minus-belief [0.075, 0.059, 0.074, 0.061, 0.035] EV [0.0176, 0.0222, 0.0286, 0.0333, 0.0474]
 OOT: n=2739 loss [0.108, 0.095, 0.091, 0.109, 0.069] realized-minus-belief [0.037, 0.046, 0.036, 0.071, 0.044] EV [0.0163, 0.0188, 0.0217, 0.0253, 0.0334]
  k  is_n   is_fin  is_sh  is_dd  is_loss  oot_n  oot_fin  oot_sh  oot_dd  oot_loss
  0  4300 26478.40   1.23 -21.52    12.98    579 11867.20    1.08  -10.04     16.23
  2  4291 25796.57   1.18 -23.20    13.12    579 11982.15    1.14   -9.94     16.23
  4  4286 24516.20   1.10 -23.47    13.30    579 11975.17    1.13   -9.95     16.23
  8  4262 23894.68   1.07 -20.60    13.42    579 12114.69    1.21  -10.03     16.06
 16  4173 19268.43   0.73 -30.34    13.97    579 12112.24    1.22  -11.57     15.89
 32  4022 15647.15   0.49 -36.33    14.67    578 11663.37    0.95  -12.56     16.09
 64  3876 12742.99   0.31 -37.80    14.91    574 12279.76    1.28  -11.37     15.51
128  3650 10181.49   0.14 -43.13    15.18    569 11546.68    0.88  -16.06     15.82

=== G on P_real, DKL = D_skew (median nonzero 0.0084) ===
 IS : n=24211 loss [0.154, 0.109, 0.101, 0.08, 0.036] realized-minus-belief [0.084, 0.051, 0.056, 0.044, 0.018] EV [0.0338, 0.0192, 0.0152, 0.0123, 0.0232]
 OOT: n=5038 loss [0.158, 0.12, 0.102, 0.093, 0.04] realized-minus-belief [0.078, 0.047, 0.042, 0.054, 0.024] EV [0.0292, 0.0182, 0.0136, 0.0104, 0.0147]
  k  is_n   is_fin  is_sh  is_dd  is_loss  oot_n  oot_fin  oot_sh  oot_dd  oot_loss
  0  4300 26478.40   1.23 -21.52    12.98    579 11867.20    1.08  -10.04     16.23
  2  4222 21738.14   0.88 -29.57    13.78    577 11584.25    0.95  -10.39     16.46
  4  3990 15926.74   0.50 -36.28    14.74    575 11245.32    0.77  -11.54     16.87
  8  3886 13424.37   0.35 -38.65    15.36    573 11618.10    1.20  -10.95     16.93
 16  3855 12927.92   0.32 -40.65    15.51    572 11433.35    1.10  -13.08     16.96
 32  3794 12017.27   0.26 -44.48    15.63    572 11441.59    1.11  -12.85     16.96
 64  3725 11337.37   0.22 -46.90    15.97    567 11708.38    1.17   -9.67     16.93
128  3602  9528.17   0.14 -58.17    16.57    561 11442.41    0.89  -12.56     17.29

=== G on P_real, DKL = D_skew_u (median nonzero 0.0055) ===
 IS : n=32805 loss [0.169, 0.132, 0.116, 0.092, 0.047] realized-minus-belief [0.102, 0.073, 0.062, 0.052, 0.026] EV [0.0399, 0.0254, 0.0188, 0.0142, 0.0203]
 OOT: n=6612 loss [0.148, 0.122, 0.109, 0.101, 0.045] realized-minus-belief [0.066, 0.053, 0.045, 0.049, 0.026] EV [0.0326, 0.02, 0.0162, 0.0121, 0.0144]
  k  is_n   is_fin  is_sh  is_dd  is_loss  oot_n  oot_fin  oot_sh  oot_dd  oot_loss
  0  4300 26478.40   1.23 -21.52    12.98    579 11867.20    1.08  -10.04     16.23
  2  4221 21861.18   0.89 -29.38    13.79    577 11537.23    0.93  -10.68     16.64
  4  3989 16036.40   0.51 -36.01    14.74    575 11245.32    0.77  -11.54     16.87
  8  3883 13717.70   0.37 -36.91    15.30    573 11525.95    1.16  -11.06     17.10
 16  3851 13118.26   0.33 -39.61    15.45    572 11480.05    1.12  -13.23     16.96
 32  3777 12255.16   0.27 -39.49    15.65    571 11462.97    1.11  -13.85     17.16
 64  3692 11497.83   0.23 -42.58    15.93    565 11330.73    1.00  -10.78     17.35
128  3530 10167.10   0.16 -53.23    16.54    554 10717.03    0.47  -12.47     18.59

=== G on P_emp 52:10, DKL = D_jump (median nonzero 0.0038) ===
 IS : n=17282 loss [0.123, 0.117, 0.116, 0.102, 0.073] realized-minus-belief [0.056, 0.054, 0.058, 0.049, 0.014] EV [0.0102, 0.0105, 0.0112, 0.0122, 0.014]
 OOT: n=1943 loss [0.113, 0.116, 0.103, 0.126, 0.095] realized-minus-belief [0.027, 0.052, 0.044, 0.065, 0.025] EV [0.0111, 0.0124, 0.0119, 0.013, 0.012]
  k  is_n   is_fin  is_sh  is_dd  is_loss  oot_n  oot_fin  oot_sh  oot_dd  oot_loss
  0  5485 25310.66   1.27 -14.71    12.73    596 12260.27    1.48  -13.46     15.10
  2  5468 23739.04   1.17 -15.72    12.86    596 12269.02    1.49  -13.29     15.10
  4  5449 22672.07   1.08 -19.41    12.90    596 12078.48    1.38  -13.36     15.27
  8  5424 21328.29   0.97 -22.63    12.96    596 12108.29    1.40  -13.36     15.27
 16  5391 19429.78   0.81 -26.24    13.11    595 12129.73    1.38  -13.47     15.13
 32  5347 19725.23   0.84 -23.76    13.07    595 11673.61    1.11  -15.66     15.46
 64  5266 19539.28   0.87 -20.77    12.99    595 11953.83    1.24  -15.20     15.13
128  5182 17127.91   0.69 -24.84    13.16    593 11538.55    1.00  -19.95     15.51

=== G on P_emp 52:10, DKL = D_jump_u (median nonzero 0.0033) ===
 IS : n=31707 loss [0.119, 0.114, 0.114, 0.099, 0.079] realized-minus-belief [0.054, 0.053, 0.057, 0.048, 0.031] EV [0.0095, 0.01, 0.0102, 0.0113, 0.0127]
 OOT: n=3866 loss [0.114, 0.118, 0.113, 0.124, 0.083] realized-minus-belief [0.031, 0.047, 0.044, 0.066, 0.03] EV [0.0103, 0.0113, 0.0109, 0.0119, 0.0121]
  k  is_n   is_fin  is_sh  is_dd  is_loss  oot_n  oot_fin  oot_sh  oot_dd  oot_loss
  0  5485 25310.66   1.27 -14.71    12.73    596 12260.27    1.48  -13.46     15.10
  2  5460 24122.25   1.20 -15.29    12.86    596 12078.46    1.36  -13.47     15.10
  4  5433 22346.93   1.06 -18.43    12.90    596 12077.71    1.35  -13.38     15.10
  8  5392 21723.80   1.00 -19.29    13.04    593 11914.01    1.29  -13.65     15.35
 16  5328 20428.24   0.89 -21.52    13.16    592 11444.05    0.99  -17.06     16.22
 32  5244 20344.01   0.88 -21.18    13.29    587 10758.53    0.65  -19.42     16.18
 64  5080 19267.50   0.84 -17.53    13.50    573 10753.87    0.64  -24.01     16.23
128  4853 17605.68   0.73 -20.50    13.81    554  9935.68    0.23  -30.39     17.15

=== G on P_emp 52:10, DKL = D_jumpr (median nonzero 0.0036) ===
 IS : n=17282 loss [0.123, 0.116, 0.116, 0.101, 0.075] realized-minus-belief [0.056, 0.055, 0.058, 0.048, 0.015] EV [0.0102, 0.0104, 0.0112, 0.0123, 0.014]
 OOT: n=1943 loss [0.113, 0.113, 0.105, 0.121, 0.1] realized-minus-belief [0.027, 0.049, 0.046, 0.06, 0.03] EV [0.0111, 0.0123, 0.0121, 0.0125, 0.0125]
  k  is_n   is_fin  is_sh  is_dd  is_loss  oot_n  oot_fin  oot_sh  oot_dd  oot_loss
  0  5485 25310.66   1.27 -14.71    12.73    596 12260.27    1.48  -13.46     15.10
  2  5476 24747.52   1.24 -14.70    12.78    596 12295.50    1.50  -13.42     15.10
  4  5468 24661.65   1.22 -15.33    12.80    596 12164.17    1.43  -13.27     15.27
  8  5443 21843.06   1.01 -21.30    12.93    596 12078.48    1.38  -13.36     15.27
 16  5404 20082.91   0.87 -25.87    13.05    595 12140.78    1.39  -13.46     15.29
 32  5358 19699.84   0.83 -23.84    13.08    595 11685.19    1.12  -15.66     15.46
 64  5275 18958.50   0.82 -22.24    13.02    595 11962.65    1.24  -15.19     15.13
128  5191 17000.57   0.68 -24.62    13.16    593 11335.20    0.92  -19.95     15.68

=== G on P_emp 52:10, DKL = D_skew (median nonzero 0.0084) ===
 IS : n=33547 loss [0.143, 0.113, 0.106, 0.091, 0.058] realized-minus-belief [0.061, 0.048, 0.045, 0.039, 0.028] EV [0.0156, 0.0111, 0.0092, 0.0078, 0.007]
 OOT: n=3825 loss [0.162, 0.136, 0.125, 0.111, 0.069] realized-minus-belief [0.066, 0.063, 0.046, 0.05, 0.031] EV [0.0172, 0.0121, 0.0096, 0.0081, 0.0058]
  k  is_n   is_fin  is_sh  is_dd  is_loss  oot_n  oot_fin  oot_sh  oot_dd  oot_loss
  0  5485 25310.66   1.27 -14.71    12.73    596 12260.27    1.48  -13.46     15.10
  2  5446 22066.14   1.04 -21.42    13.11    596 12123.16    1.40  -13.35     15.27
  4  5440 21459.59   0.99 -23.19    13.22    596 12124.09    1.39  -13.35     15.27
  8  5427 20990.26   0.94 -22.67    13.30    596 12003.70    1.28  -15.00     15.44
 16  5410 20535.01   0.91 -24.76    13.42    596 12131.43    1.37  -16.33     15.27
 32  5368 19342.71   0.80 -29.69    13.73    595 12189.44    1.40  -15.94     15.29
 64  5308 19461.40   0.83 -26.11    14.05    595 12641.22    1.57  -13.60     14.79
128  5229 18019.72   0.74 -25.94    14.42    586 12607.42    1.53  -16.02     14.85

=== G on P_emp 52:10, DKL = D_skew_u (median nonzero 0.0055) ===
 IS : n=48982 loss [0.152, 0.133, 0.113, 0.101, 0.067] realized-minus-belief [0.073, 0.065, 0.052, 0.045, 0.032] EV [0.0172, 0.013, 0.0112, 0.0092, 0.0079]
 OOT: n=5907 loss [0.163, 0.127, 0.111, 0.118, 0.076] realized-minus-belief [0.068, 0.049, 0.043, 0.046, 0.034] EV [0.0189, 0.0134, 0.0124, 0.0098, 0.0074]
  k  is_n   is_fin  is_sh  is_dd  is_loss  oot_n  oot_fin  oot_sh  oot_dd  oot_loss
  0  5485 25310.66   1.27 -14.71    12.73    596 12260.27    1.48  -13.46     15.10
  2  5441 21920.87   1.03 -21.91    13.10    596 12272.41    1.49  -13.22     15.27
  4  5434 21781.63   1.02 -22.72    13.18    596 12273.34    1.47  -13.22     15.27
  8  5415 21480.42   0.98 -21.27    13.20    595 12136.06    1.38  -14.61     15.46
 16  5393 21247.06   0.96 -22.59    13.37    594 12209.16    1.43  -15.89     15.32
 32  5339 20520.76   0.89 -26.08    13.71    593 12047.98    1.32  -16.95     15.35
 64  5239 20806.56   0.92 -23.64    14.14    593 12585.80    1.57  -14.70     14.84
128  5106 19258.36   0.83 -21.55    14.65    577 12525.13    1.48  -17.86     15.25
