wing cheap vs flat on 20.9%; market cheaper than yesterday on 32.8% (of 72% covered)

##### G on P_real: signed quantities, all candidates (negative = cheap wing / market lowered risk) #####
 skew_signed IS : n=32805 x [-0.015, 0.002, 0.014, 0.027, 0.065] loss [0.159, 0.134, 0.107, 0.097, 0.057] realized-minus-belief [0.103, 0.078, 0.056, 0.05, 0.028] EV [0.0318, 0.0298, 0.0199, 0.015, 0.0221]
 skew_signed OOT: n=6612 x [-0.015, 0.003, 0.014, 0.027, 0.058] loss [0.115, 0.127, 0.12, 0.104, 0.058] realized-minus-belief [0.044, 0.057, 0.05, 0.058, 0.031] EV [0.0241, 0.0249, 0.0177, 0.0135, 0.0151]
 jump_signed IS : n=24044 x [-0.045, -0.005, 0.012, 0.03, 0.069] loss [0.103, 0.101, 0.108, 0.111, 0.082] realized-minus-belief [0.059, 0.051, 0.06, 0.069, 0.055] EV [0.0123, 0.0131, 0.0176, 0.0278, 0.0479]
 jump_signed OOT: n=4926 x [-0.056, -0.013, 0.005, 0.021, 0.056] loss [0.085, 0.111, 0.092, 0.097, 0.095] realized-minus-belief [0.037, 0.052, 0.032, 0.049, 0.056] EV [0.0123, 0.0123, 0.0156, 0.0181, 0.0336]

=== G on P_real, DKL = D_skew_cheap (median nonzero 0.0008) ===
 IS : n=8594 x [0.0, 0.0, 0.001, 0.001, 0.013] loss [0.182, 0.155, 0.159, 0.136, 0.138] realized-minus-belief [0.109, 0.097, 0.106, 0.084, 0.09] EV [0.0481, 0.034, 0.028, 0.0279, 0.0221]
 OOT: n=1574 x [0.0, 0.0, 0.001, 0.002, 0.015] loss [0.159, 0.117, 0.105, 0.098, 0.083] realized-minus-belief [0.072, 0.042, 0.044, 0.045, 0.02] EV [0.0431, 0.0227, 0.0196, 0.019, 0.0203]
 -- fill 1.1 thr 0.01 --
  k  is_n   is_fin  is_sh  is_dd  is_loss  oot_n  oot_fin  oot_sh  oot_dd  oot_loss
  0  4300 26478.40   1.23 -21.52    12.98    579 11867.20    1.08  -10.04     16.23
  2  4299 26559.95   1.24 -21.40    12.98    579 11873.08    1.08  -10.04     16.23
  4  4298 26691.43   1.25 -20.71    12.96    579 11879.98    1.08   -9.98     16.23
  8  4297 26910.93   1.27 -20.88    12.94    579 11940.11    1.12   -9.73     16.23
 16  4295 26896.50   1.28 -18.40    12.95    579 11983.30    1.15   -9.68     16.23
 32  4287 27024.53   1.29 -16.84    12.90    579 12086.32    1.20   -9.59     16.23
 64  4283 26820.02   1.29 -16.07    12.89    579 11903.90    1.10  -10.52     16.41
128  4265 26454.17   1.25 -16.80    12.90    579 12283.54    1.34  -10.18     16.23
256  4244 26423.35   1.27 -15.22    12.72    579 11333.72    0.79  -11.99     16.23
 -- fill 1.0 thr 0.01 --
  k  is_n   is_fin  is_sh  is_dd  is_loss  oot_n  oot_fin  oot_sh  oot_dd  oot_loss
  0  4300 15963.79   0.52 -32.12    12.98    579 10099.32    0.15  -15.48     16.23
  2  4299 16047.29   0.53 -31.90    12.98    579 10104.66    0.15  -15.48     16.23
  4  4298 16178.38   0.54 -31.11    12.96    579 10110.93    0.16  -15.42     16.23
  8  4297 16404.29   0.56 -31.24    12.94    579 10168.32    0.19  -15.15     16.23
 16  4295 16391.73   0.56 -28.40    12.95    579 10211.76    0.21  -15.07     16.23
 32  4287 16543.48   0.57 -26.56    12.90    579 10308.43    0.26  -14.98     16.23
 64  4283 16341.34   0.56 -25.79    12.89    579 10137.23    0.17  -15.99     16.41
128  4265 16019.63   0.54 -26.70    12.90    579 10521.82    0.38  -15.44     16.23
256  4244 16077.17   0.55 -26.29    12.72    579  9576.37   -0.12  -17.88     16.23

=== G on P_real, DKL = D_jump_cheap (median nonzero 0.0029) ===
 IS : n=8494 x [0.0, 0.001, 0.003, 0.008, 0.067] loss [0.116, 0.113, 0.11, 0.095, 0.076] realized-minus-belief [0.059, 0.058, 0.058, 0.052, 0.049] EV [0.0132, 0.013, 0.0123, 0.0115, 0.0131]
 OOT: n=2187 x [0.0, 0.001, 0.004, 0.01, 0.067] loss [0.119, 0.135, 0.105, 0.08, 0.053] realized-minus-belief [0.053, 0.068, 0.041, 0.045, 0.008] EV [0.0121, 0.0118, 0.0122, 0.0105, 0.0157]
 -- fill 1.1 thr 0.01 --
  k  is_n   is_fin  is_sh  is_dd  is_loss  oot_n  oot_fin  oot_sh  oot_dd  oot_loss
  0  4300 26478.40   1.23 -21.52    12.98    579 11867.20    1.08  -10.04     16.23
  2  4297 26137.23   1.20 -21.56    13.03    579 11934.82    1.11   -9.76     16.23
  4  4293 26198.63   1.22 -20.74    13.04    579 11928.61    1.10   -9.83     16.23
  8  4287 26352.41   1.23 -19.81    13.02    579 11542.76    0.88  -11.70     16.41
 16  4275 26233.34   1.23 -19.24    13.03    579 11254.78    0.74  -13.08     16.75
 32  4269 25876.43   1.21 -20.24    13.05    579 11326.81    0.78  -13.19     16.75
 64  4252 25702.73   1.19 -22.04    13.10    578 11450.41    0.84  -12.97     16.44
128  4235 26070.70   1.22 -21.97    13.06    578 11370.98    0.78  -12.89     16.61
256  4221 26052.06   1.22 -20.85    13.10    578 11470.70    0.84  -11.43     16.61
 -- fill 1.0 thr 0.01 --
  k  is_n   is_fin  is_sh  is_dd  is_loss  oot_n  oot_fin  oot_sh  oot_dd  oot_loss
  0  4300 15963.79   0.52 -32.12    12.98    579 10099.32    0.15  -15.48     16.23
  2  4297 15609.74   0.50 -32.16    13.03    579 10160.77    0.18  -15.20     16.23
  4  4293 15665.40   0.51 -31.15    13.04    579 10154.63    0.18  -15.28     16.23
  8  4287 15817.61   0.52 -30.12    13.02    579  9759.94   -0.01  -18.15     16.41
 16  4275 15718.99   0.51 -29.45    13.03    579  9475.43   -0.16  -19.72     16.75
 32  4269 15368.25   0.49 -30.61    13.05    579  9549.64   -0.12  -19.36     16.75
 64  4252 15220.05   0.47 -32.71    13.10    578  9674.39   -0.06  -18.85     16.44
128  4235 15622.31   0.50 -32.45    13.06    578  9587.62   -0.09  -18.69     16.61
256  4221 15620.98   0.51 -31.13    13.10    578  9684.73   -0.05  -16.41     16.61

##### G on P_emp 52:10: signed quantities, all candidates (negative = cheap wing / market lowered risk) #####
 skew_signed IS : n=48982 x [-0.017, -0.001, 0.009, 0.019, 0.042] loss [0.139, 0.13, 0.114, 0.105, 0.08] realized-minus-belief [0.075, 0.068, 0.055, 0.042, 0.028] EV [0.0153, 0.0143, 0.012, 0.009, 0.0078]
 skew_signed OOT: n=5907 x [-0.02, -0.003, 0.006, 0.016, 0.039] loss [0.102, 0.131, 0.131, 0.132, 0.098] realized-minus-belief [0.025, 0.06, 0.054, 0.058, 0.042] EV [0.0153, 0.0159, 0.0133, 0.0104, 0.007]
 jump_signed IS : n=31707 x [-0.046, -0.011, 0.003, 0.018, 0.053] loss [0.104, 0.103, 0.106, 0.111, 0.099] realized-minus-belief [0.053, 0.051, 0.052, 0.053, 0.034] EV [0.0098, 0.0095, 0.0095, 0.0104, 0.0144]
 jump_signed OOT: n=3866 x [-0.053, -0.016, 0.0, 0.015, 0.046] loss [0.096, 0.127, 0.109, 0.098, 0.122] realized-minus-belief [0.039, 0.061, 0.034, 0.029, 0.055] EV [0.0109, 0.01, 0.0109, 0.0118, 0.0128]

=== G on P_emp 52:10, DKL = D_skew_cheap (median nonzero 0.0008) ===
 IS : n=15435 x [0.0, 0.0, 0.001, 0.001, 0.017] loss [0.165, 0.141, 0.142, 0.125, 0.113] realized-minus-belief [0.08, 0.076, 0.078, 0.069, 0.066] EV [0.0191, 0.0145, 0.0131, 0.0135, 0.0151]
 OOT: n=2082 x [0.0, 0.0, 0.001, 0.002, 0.017] loss [0.161, 0.127, 0.108, 0.096, 0.086] realized-minus-belief [0.068, 0.047, 0.032, 0.038, 0.026] EV [0.0208, 0.0161, 0.0139, 0.0129, 0.0148]
 -- fill 1.1 thr 0.01 --
  k  is_n   is_fin  is_sh  is_dd  is_loss  oot_n  oot_fin  oot_sh  oot_dd  oot_loss
  0  5485 25310.66   1.27 -14.71    12.73    596 12260.27    1.48  -13.46     15.10
  2  5478 25292.68   1.27 -14.53    12.72    596 12239.03    1.45  -13.52     15.10
  4  5478 25215.18   1.27 -14.59    12.71    595 12207.81    1.43  -13.40     15.13
  8  5475 25009.69   1.26 -14.34    12.73    595 12275.07    1.50  -12.89     15.13
 16  5470 25151.97   1.25 -14.01    12.80    595 12318.04    1.51  -12.82     14.96
 32  5463 24644.25   1.21 -14.29    12.83    595 12282.07    1.46  -12.47     15.13
 64  5447 25632.57   1.30 -12.62    12.69    594 12374.49    1.50  -12.27     15.15
128  5425 26295.50   1.34 -12.18    12.74    592 11377.94    0.94  -14.39     15.71
256  5400 24658.73   1.21 -14.66    12.74    586 10737.16    0.62  -17.68     16.21
 -- fill 1.0 thr 0.01 --
  k  is_n   is_fin  is_sh  is_dd  is_loss  oot_n  oot_fin  oot_sh  oot_dd  oot_loss
  0  5485 10776.11   0.15 -49.25    12.73    596 10184.88    0.37  -17.84     15.10
  2  5478 10765.20   0.15 -49.28    12.72    596 10164.56    0.36  -19.22     15.10
  4  5478 10693.29   0.15 -49.56    12.71    595 10136.18    0.34  -19.26     15.13
  8  5475 10475.90   0.13 -48.67    12.73    595 10197.32    0.37  -16.81     15.13
 16  5470 10628.26   0.14 -48.96    12.80    595 10239.07    0.40  -16.76     14.96
 32  5463 10129.27   0.10 -48.75    12.83    595 10204.37    0.38  -16.84     15.13
 64  5447 11131.48   0.18 -44.97    12.69    594 10311.45    0.43  -16.65     15.15
128  5425 11859.63   0.24 -42.36    12.74    592  9328.46   -0.04  -26.01     15.71
256  5400 10310.73   0.12 -49.96    12.74    586  8716.09   -0.31  -29.30     16.21

=== G on P_emp 52:10, DKL = D_jump_cheap (median nonzero 0.0029) ===
 IS : n=14425 x [0.0, 0.001, 0.002, 0.006, 0.059] loss [0.114, 0.108, 0.113, 0.097, 0.085] realized-minus-belief [0.051, 0.047, 0.06, 0.048, 0.053] EV [0.0089, 0.0094, 0.0092, 0.0097, 0.011]
 OOT: n=1923 x [0.0, 0.001, 0.003, 0.008, 0.066] loss [0.114, 0.13, 0.119, 0.107, 0.078] realized-minus-belief [0.036, 0.053, 0.043, 0.055, 0.036] EV [0.0094, 0.0096, 0.0108, 0.0103, 0.0123]
 -- fill 1.1 thr 0.01 --
  k  is_n   is_fin  is_sh  is_dd  is_loss  oot_n  oot_fin  oot_sh  oot_dd  oot_loss
  0  5485 25310.66   1.27 -14.71    12.73    596 12260.27    1.48  -13.46     15.10
  2  5478 24938.94   1.24 -14.71    12.76    595 12165.67    1.40  -13.41     15.13
  4  5475 25199.81   1.27 -14.51    12.73    595 12273.46    1.47  -13.26     14.96
  8  5459 25528.30   1.29 -14.08    12.79    594 11910.69    1.27  -14.26     15.66
 16  5439 26311.96   1.33 -13.44    12.76    594 12002.69    1.32  -13.87     15.49
 32  5416 24941.11   1.21 -14.30    12.96    589 11846.26    1.25  -13.87     15.62
 64  5372 24303.99   1.15 -14.14    13.27    582 11317.74    0.96  -15.81     16.15
128  5320 25126.49   1.23 -13.11    13.06    573 10836.87    0.72  -18.90     16.58
256  5247 25613.54   1.24 -11.68    13.06    567 11145.65    0.91  -15.35     16.58
 -- fill 1.0 thr 0.01 --
  k  is_n   is_fin  is_sh  is_dd  is_loss  oot_n  oot_fin  oot_sh  oot_dd  oot_loss
  0  5485 10776.11   0.15 -49.25    12.73    596 10184.88    0.37  -17.84     15.10
  2  5478 10390.22   0.12 -48.58    12.76    595 10086.24    0.31  -19.31     15.13
  4  5475 10620.64   0.14 -48.38    12.73    595 10190.01    0.37  -18.29     14.96
  8  5459 10972.79   0.17 -45.73    12.79    594  9826.60    0.18  -19.46     15.66
 16  5439 11780.08   0.23 -43.26    12.76    594  9905.69    0.22  -21.84     15.49
 32  5416 10419.88   0.13 -48.27    12.96    589  9766.21    0.15  -21.50     15.62
 64  5372  9891.03   0.09 -48.46    13.27    582  9268.62   -0.11  -24.03     16.15
128  5320 10837.46   0.16 -44.05    13.06    573  8810.81   -0.37  -27.33     16.58
256  5247 11482.57   0.21 -42.62    13.06    567  9130.15   -0.21  -23.51     16.58
