this side cheaper than the mirrored side on 50.9%; median nonzero D_mirror_cheap 0.0041
by direction: cheap share  bull_put 0.273  bear_call 0.748

##### G on P_real #####
 mirror_signed (all) IS : n=32805 x [-0.053, -0.019, 0.001, 0.021, 0.056] loss [0.116, 0.127, 0.124, 0.11, 0.08] realized-minus-belief [0.074, 0.072, 0.072, 0.058, 0.038] EV [0.0218, 0.0259, 0.0277, 0.0211, 0.0222]
 mirror_signed (all) OOT: n=6612 x [-0.059, -0.021, -0.001, 0.02, 0.058] loss [0.091, 0.113, 0.129, 0.103, 0.088] realized-minus-belief [0.033, 0.048, 0.064, 0.043, 0.052] EV [0.0155, 0.0197, 0.0238, 0.019, 0.0173]
   bull_put IS : n=18724 x [-0.039, 0.004, 0.019, 0.034, 0.065] loss [0.121, 0.127, 0.123, 0.101, 0.078] realized-minus-belief [0.072, 0.065, 0.067, 0.049, 0.039] EV [0.0241, 0.0285, 0.0218, 0.0189, 0.0214]
   bear_call IS : n=14081 x [-0.056, -0.033, -0.021, -0.008, 0.026] loss [0.114, 0.127, 0.128, 0.118, 0.076] realized-minus-belief [0.075, 0.078, 0.073, 0.072, 0.048] EV [0.0212, 0.0221, 0.0247, 0.0288, 0.0268]

=== G on P_real, DKL = D_mirror_cheap ===
 IS : n=15996 x [0.0, 0.001, 0.004, 0.009, 0.049] loss [0.131, 0.129, 0.129, 0.125, 0.092] realized-minus-belief [0.076, 0.072, 0.071, 0.08, 0.062] EV [0.0299, 0.0288, 0.0237, 0.0218, 0.0187]
 OOT: n=3348 x [0.0, 0.001, 0.004, 0.011, 0.058] loss [0.134, 0.141, 0.096, 0.093, 0.082] realized-minus-belief [0.068, 0.07, 0.034, 0.03, 0.032] EV [0.0265, 0.0217, 0.0183, 0.0148, 0.0147]
 -- fill 1.1 thr 0.01 --
  k  is_n   is_fin  is_sh  is_dd  is_loss  oot_n  oot_fin  oot_sh  oot_dd  oot_loss
  0  4300 26478.40   1.23 -21.52    12.98    579 11867.20    1.08  -10.04     16.23
  1  4294 26950.07   1.26 -21.50    12.95    579 11875.34    1.08   -9.99     16.23
  2  4289 27156.47   1.29 -20.17    12.92    579 12018.11    1.16   -9.61     16.06
  4  4270 26677.28   1.26 -20.23    13.02    579 11973.78    1.13  -10.44     16.23
  8  4242 26371.32   1.25 -18.99    13.06    579 12262.98    1.28  -11.10     15.89
 16  4213 25455.67   1.20 -19.93    13.08    578 11740.08    1.00  -13.70     16.09
 32  4187 26030.60   1.29 -16.97    13.04    578 11501.88    0.85  -15.52     16.61
 64  4143 25925.03   1.32 -18.11    13.01    577 10687.48    0.44  -16.55     17.16
128  4094 26020.92   1.41 -15.10    12.97    576 10729.02    0.46  -15.28     17.01
 -- fill 1.0 thr 0.01 --
  k  is_n   is_fin  is_sh  is_dd  is_loss  oot_n  oot_fin  oot_sh  oot_dd  oot_loss
  0  4300 15963.79   0.52 -32.12    12.98    579 10099.32    0.15  -15.48     16.23
  1  4294 16436.83   0.56 -31.96    12.95    579 10106.72    0.15  -15.36     16.23
  2  4289 16653.97   0.57 -30.42    12.92    579 10241.05    0.22  -14.87     16.06
  4  4270 16206.34   0.55 -30.47    13.02    579 10195.83    0.20  -15.69     16.23
  8  4242 15928.89   0.53 -28.94    13.06    579 10479.66    0.35  -16.23     15.89
 16  4213 15087.63   0.48 -29.91    13.08    578  9978.74    0.09  -19.15     16.09
 32  4187 15705.07   0.53 -26.14    13.04    578  9738.64   -0.01  -21.19     16.61
 64  4143 15670.68   0.55 -26.47    13.01    577  8944.67   -0.37  -24.51     17.16
128  4094 15874.67   0.59 -23.49    12.97    576  9011.52   -0.34  -24.09     17.01

=== G on P_real, DKL = D_mirror_rich ===
 IS : n=16809 x [0.0, 0.002, 0.005, 0.011, 0.1] loss [0.133, 0.122, 0.104, 0.093, 0.057] realized-minus-belief [0.077, 0.067, 0.054, 0.045, 0.028] EV [0.03, 0.024, 0.0192, 0.0171, 0.0241]
 OOT: n=3264 x [0.0, 0.001, 0.004, 0.011, 0.095] loss [0.127, 0.109, 0.118, 0.087, 0.063] realized-minus-belief [0.058, 0.048, 0.059, 0.04, 0.038] EV [0.024, 0.0215, 0.0165, 0.0144, 0.0183]
 -- fill 1.1 thr 0.01 --
  k  is_n   is_fin  is_sh  is_dd  is_loss  oot_n  oot_fin  oot_sh  oot_dd  oot_loss
  0  4300 26478.40   1.23 -21.52    12.98    579 11867.20    1.08  -10.04     16.23
  1  4289 26170.81   1.20 -22.33    13.03    578 11604.74    0.94  -10.27     16.44
  2  4281 25762.14   1.18 -22.42    13.10    578 11524.45    0.89  -10.33     16.61
  4  4275 24975.95   1.11 -25.25    13.19    578 11939.21    1.13   -9.00     16.26
  8  4257 23456.16   0.98 -28.29    13.41    577 11742.23    1.02   -9.41     16.64
 16  4194 21133.41   0.84 -28.83    13.81    577 12272.76    1.32   -9.37     16.29
 32  4111 18693.71   0.67 -33.22    14.16    576 12785.37    1.69   -8.82     15.97
 64  4036 16920.18   0.54 -38.39    14.49    573 12718.41    1.68   -9.36     15.88
128  3955 16161.89   0.50 -36.30    14.74    572 12593.62    1.93   -8.70     15.91
 -- fill 1.0 thr 0.01 --
  k  is_n   is_fin  is_sh  is_dd  is_loss  oot_n  oot_fin  oot_sh  oot_dd  oot_loss
  0  4300 15963.79   0.52 -32.12    12.98    579 10099.32    0.15  -15.48     16.23
  1  4289 15668.21   0.50 -33.11    13.03    578  9833.64    0.02  -16.77     16.44
  2  4281 15262.83   0.48 -33.21    13.10    578  9751.56   -0.02  -16.70     16.61
  4  4275 14501.90   0.42 -36.39    13.19    578 10160.42    0.18  -15.11     16.26
  8  4257 12980.60   0.32 -40.08    13.41    577  9952.74    0.09  -15.68     16.64
 16  4194 10711.37   0.18 -43.52    13.81    577 10471.49    0.36  -15.39     16.29
 32  4111  8404.76   0.05 -56.60    14.16    576 10988.68    0.68  -13.30     15.97
 64  4036  6767.10  -0.02 -67.13    14.49    573 10932.17    0.65  -14.49     15.88
128  3955  6177.47  -0.04 -69.12    14.74    572 10805.84    0.83  -12.57     15.91

=== G on P_real, DKL = D_mirror_u ===
 IS : n=32805 x [0.0, 0.001, 0.004, 0.009, 0.043] loss [0.131, 0.126, 0.115, 0.11, 0.073] realized-minus-belief [0.076, 0.07, 0.062, 0.063, 0.044] EV [0.0299, 0.0264, 0.0213, 0.0196, 0.0214]
 OOT: n=6612 x [0.0, 0.001, 0.004, 0.01, 0.048] loss [0.13, 0.125, 0.104, 0.091, 0.076] realized-minus-belief [0.062, 0.059, 0.043, 0.038, 0.037] EV [0.0252, 0.0213, 0.0175, 0.015, 0.0164]
 -- fill 1.1 thr 0.01 --
  k  is_n   is_fin  is_sh  is_dd  is_loss  oot_n  oot_fin  oot_sh  oot_dd  oot_loss
  0  4300 26478.40   1.23 -21.52    12.98    579 11867.20    1.08  -10.04     16.23
  1  4293 26780.47   1.24 -22.01    12.97    579 11787.08    1.03  -10.05     16.41
  2  4283 26908.43   1.26 -21.04    12.96    579 11458.34    0.83  -11.77     16.58
  4  4259 26302.51   1.21 -23.11    13.08    579 11772.35    1.00  -11.32     16.58
  8  4213 25335.11   1.14 -23.97    13.22    579 11910.87    1.07  -12.47     16.58
 16  4148 22877.68   0.98 -25.48    13.60    577 11301.40    0.74  -15.95     16.98
 32  4011 19923.87   0.78 -31.46    14.16    573 11874.44    1.09  -14.19     16.93
 64  3841 16513.64   0.56 -34.63    14.61    569 11184.00    0.75  -15.12     17.40
128  3623 14137.71   0.42 -33.16    15.29    555 12353.92    1.60  -12.76     17.12
 -- fill 1.0 thr 0.01 --
  k  is_n   is_fin  is_sh  is_dd  is_loss  oot_n  oot_fin  oot_sh  oot_dd  oot_loss
  0  4300 15963.79   0.52 -32.12    12.98    579 10099.32    0.15  -15.48     16.23
  1  4293 16268.00   0.54 -32.63    12.97    579 10017.40    0.11  -15.46     16.41
  2  4283 16394.16   0.55 -31.51    12.96    579  9672.76   -0.05  -17.60     16.58
  4  4259 15815.35   0.51 -33.93    13.08    579  9980.57    0.10  -17.33     16.58
  8  4213 14893.02   0.45 -34.79    13.22    579 10111.06    0.16  -18.49     16.58
 16  4148 12518.82   0.29 -36.69    13.60    577  9508.69   -0.11  -22.52     16.98
 32  4011  9768.75   0.12 -44.40    14.16    573 10086.70    0.19  -19.73     16.93
 64  3841  6649.52  -0.08 -59.90    14.61    569  9399.74   -0.16  -20.56     17.40
128  3623  4590.28  -0.26 -62.42    15.29    555 10579.68    0.56  -15.86     17.12

##### G on P_emp 52:10 #####
 mirror_signed (all) IS : n=48982 x [-0.053, -0.024, -0.008, 0.01, 0.039] loss [0.116, 0.123, 0.118, 0.115, 0.094] realized-minus-belief [0.066, 0.065, 0.055, 0.048, 0.033] EV [0.0129, 0.0123, 0.0128, 0.0115, 0.0089]
 mirror_signed (all) OOT: n=5907 x [-0.062, -0.029, -0.011, 0.007, 0.038] loss [0.096, 0.109, 0.136, 0.136, 0.118] realized-minus-belief [0.032, 0.043, 0.056, 0.055, 0.053] EV [0.0122, 0.0134, 0.0132, 0.0133, 0.0098]
   bull_put IS : n=23303 x [-0.04, -0.001, 0.012, 0.025, 0.05] loss [0.111, 0.117, 0.12, 0.105, 0.094] realized-minus-belief [0.056, 0.045, 0.047, 0.039, 0.032] EV [0.0152, 0.0148, 0.0121, 0.0097, 0.0083]
   bear_call IS : n=25679 x [-0.055, -0.033, -0.022, -0.011, 0.012] loss [0.118, 0.12, 0.128, 0.114, 0.104] realized-minus-belief [0.068, 0.065, 0.072, 0.055, 0.053] EV [0.0123, 0.0114, 0.0121, 0.0114, 0.0097]

=== G on P_emp 52:10, DKL = D_mirror_cheap ===
 IS : n=29027 x [0.0, 0.001, 0.004, 0.009, 0.048] loss [0.123, 0.128, 0.125, 0.119, 0.098] realized-minus-belief [0.053, 0.066, 0.064, 0.063, 0.066] EV [0.0135, 0.0126, 0.0118, 0.0114, 0.0139]
 OOT: n=3699 x [0.0, 0.002, 0.005, 0.011, 0.059] loss [0.138, 0.132, 0.11, 0.1, 0.092] realized-minus-belief [0.052, 0.057, 0.04, 0.028, 0.045] EV [0.0139, 0.0135, 0.0115, 0.0124, 0.0135]
 -- fill 1.1 thr 0.01 --
  k  is_n   is_fin  is_sh  is_dd  is_loss  oot_n  oot_fin  oot_sh  oot_dd  oot_loss
  0  5485 25310.66   1.27 -14.71    12.73    596 12260.27    1.48  -13.46     15.10
  1  5475 24980.90   1.25 -14.91    12.75    595 12093.56    1.38  -12.79     15.29
  2  5472 24631.25   1.22 -15.03    12.79    595 12256.55    1.47  -12.41     15.13
  4  5460 26183.99   1.33 -13.44    12.77    595 12565.06    1.63  -12.04     14.79
  8  5441 26959.87   1.40 -13.06    12.81    592 12748.03    1.63  -12.30     14.70
 16  5408 26775.08   1.38 -12.82    12.83    587 12190.98    1.34  -14.35     15.16
 32  5352 25347.01   1.28 -12.42    13.10    583 12078.38    1.24  -16.18     15.09
 64  5274 26793.81   1.40 -13.82    13.20    576 10924.98    0.65  -23.74     15.80
128  5170 24933.48   1.19 -13.16    13.40    556  9798.78    0.05  -29.65     16.73
 -- fill 1.0 thr 0.01 --
  k  is_n   is_fin  is_sh  is_dd  is_loss  oot_n  oot_fin  oot_sh  oot_dd  oot_loss
  0  5485 10776.11   0.15 -49.25    12.73    596 10184.88    0.37  -17.84     15.10
  1  5475 10455.49   0.13 -49.87    12.75    595 10011.50    0.27  -18.60     15.29
  2  5472 10084.39   0.10 -51.13    12.79    595 10168.76    0.36  -18.14     15.13
  4  5460 11619.48   0.22 -45.07    12.77    595 10464.27    0.52  -15.81     14.79
  8  5441 12382.55   0.28 -41.02    12.81    592 10644.61    0.56  -16.38     14.70
 16  5408 12232.32   0.27 -40.20    12.83    587 10114.59    0.28  -21.36     15.16
 32  5352 10920.80   0.16 -43.19    13.10    583 10011.95    0.24  -26.09     15.09
 64  5274 12594.70   0.30 -41.64    13.20    576  8885.93   -0.24  -35.87     15.80
128  5170 11043.67   0.18 -45.08    13.40    556  7847.51   -0.79  -40.81     16.73

=== G on P_emp 52:10, DKL = D_mirror_rich ===
 IS : n=19955 x [0.0, 0.001, 0.003, 0.006, 0.064] loss [0.123, 0.116, 0.118, 0.094, 0.076] realized-minus-belief [0.055, 0.044, 0.047, 0.033, 0.026] EV [0.0127, 0.0118, 0.0095, 0.0091, 0.0082]
 OOT: n=2208 x [0.0, 0.001, 0.002, 0.006, 0.053] loss [0.143, 0.154, 0.122, 0.111, 0.104] realized-minus-belief [0.053, 0.075, 0.037, 0.041, 0.063] EV [0.0152, 0.0135, 0.012, 0.0088, 0.0076]
 -- fill 1.1 thr 0.01 --
  k  is_n   is_fin  is_sh  is_dd  is_loss  oot_n  oot_fin  oot_sh  oot_dd  oot_loss
  0  5485 25310.66   1.27 -14.71    12.73    596 12260.27    1.48  -13.46     15.10
  1  5478 24912.65   1.25 -14.11    12.76    595 12246.83    1.47  -13.48     15.13
  2  5474 24236.49   1.19 -15.93    12.84    595 12204.15    1.44  -13.53     15.13
  4  5467 23519.74   1.14 -17.15    12.90    595 12446.48    1.60  -13.25     14.96
  8  5456 22335.31   1.05 -18.99    13.01    595 12460.77    1.60  -13.28     14.96
 16  5438 21445.56   0.98 -21.03    13.11    595 12268.30    1.44  -14.82     15.13
 32  5422 20806.34   0.93 -24.28    13.24    595 12233.33    1.42  -14.75     14.96
 64  5409 20300.44   0.92 -22.05    13.44    595 11378.83    0.94  -15.73     15.46
128  5384 19662.25   0.86 -24.66    13.56    594 11529.19    1.00  -17.66     15.82
 -- fill 1.0 thr 0.01 --
  k  is_n   is_fin  is_sh  is_dd  is_loss  oot_n  oot_fin  oot_sh  oot_dd  oot_loss
  0  5485 10776.11   0.15 -49.25    12.73    596 10184.88    0.37  -17.84     15.10
  1  5478 10383.25   0.12 -50.70    12.76    595 10172.66    0.36  -18.00     15.13
  2  5474  9703.91   0.07 -53.52    12.84    595 10130.77    0.34  -18.07     15.13
  4  5467  8974.87   0.02 -55.13    12.90    595 10373.80    0.47  -17.18     14.96
  8  5456  7780.83  -0.07 -60.93    13.01    595 10386.80    0.48  -17.19     14.96
 16  5438  6908.84  -0.13 -65.67    13.11    595 10189.08    0.37  -19.00     15.13
 32  5422  6305.67  -0.17 -69.59    13.24    595 10158.80    0.35  -18.96     14.96
 64  5409  5802.68  -0.22 -72.57    13.44    595  9299.90   -0.06  -23.15     15.46
128  5384  5185.33  -0.23 -75.11    13.56    594  9458.68    0.02  -22.41     15.82

=== G on P_emp 52:10, DKL = D_mirror_u ===
 IS : n=48982 x [0.0, 0.001, 0.003, 0.008, 0.039] loss [0.121, 0.123, 0.123, 0.108, 0.092] realized-minus-belief [0.051, 0.056, 0.058, 0.05, 0.053] EV [0.0131, 0.0121, 0.0109, 0.0104, 0.012]
 OOT: n=5907 x [0.0, 0.001, 0.004, 0.009, 0.047] loss [0.14, 0.145, 0.108, 0.111, 0.091] realized-minus-belief [0.054, 0.062, 0.037, 0.042, 0.045] EV [0.0146, 0.0127, 0.012, 0.0109, 0.0117]
 -- fill 1.1 thr 0.01 --
  k  is_n   is_fin  is_sh  is_dd  is_loss  oot_n  oot_fin  oot_sh  oot_dd  oot_loss
  0  5485 25310.66   1.27 -14.71    12.73    596 12260.27    1.48  -13.46     15.10
  1  5474 24869.02   1.24 -14.89    12.79    595 12237.94    1.48  -12.79     15.29
  2  5466 24591.40   1.22 -14.99    12.82    595 12400.93    1.57  -12.41     15.13
  4  5449 25033.60   1.25 -14.16    12.92    595 12143.33    1.38  -12.81     15.13
  8  5416 24828.76   1.24 -13.97    13.07    591 12546.95    1.52  -12.84     14.89
 16  5356 24603.19   1.22 -14.45    13.18    586 11827.41    1.14  -14.78     15.19
 32  5257 22250.92   1.07 -15.86    13.66    580 10592.72    0.50  -23.24     16.38
 64  5102 22585.01   1.11 -15.31    14.03    568 10350.12    0.39  -24.57     16.73
128  4867 20520.70   0.94 -17.40    14.46    527  9288.71   -0.19  -30.54     18.60
 -- fill 1.0 thr 0.01 --
  k  is_n   is_fin  is_sh  is_dd  is_loss  oot_n  oot_fin  oot_sh  oot_dd  oot_loss
  0  5485 10776.11   0.15 -49.25    12.73    596 10184.88    0.37  -17.84     15.10
  1  5474 10335.79   0.12 -50.23    12.79    595 10157.38    0.35  -17.20     15.29
  2  5466 10035.80   0.10 -50.91    12.82    595 10314.64    0.44  -16.76     15.13
  4  5449 10458.07   0.13 -48.18    12.92    595 10048.68    0.29  -17.93     15.13
  8  5416 10246.31   0.11 -47.33    13.07    591 10448.80    0.46  -17.82     14.89
 16  5356 10060.34   0.10 -47.81    13.18    586  9746.06    0.10  -23.67     15.19
 32  5257  7892.25  -0.09 -58.74    13.66    580  8505.15   -0.42  -34.81     16.38
 64  5102  8536.03  -0.04 -56.25    14.03    568  8298.09   -0.48  -36.85     16.73
128  4867  6990.46  -0.16 -60.93    14.46    527  7404.03   -0.99  -42.72     18.60
