[   0.3s] OOT candidates 5,430  2026-01-01 .. 2026-08-20
[   0.5s] closes restricted to SPY sessions: dropped 5,301 non-session rows
[   0.5s] MIN_OBS 1
[   0.7s] closes 150,566 rows, 99 tickers; ATM-IV days 84,345, ffilled 143,966
[   0.7s] EV reproduction from frame p/q/ro: max |dEV| = 2.22e-16
[   2.1s] 2026  month  1   12.5%  (695 candidates)
[   3.5s] 2026  month  2   25.0%  (749 candidates)
[   4.9s] 2026  month  3   37.5%  (783 candidates)
[   6.2s] 2026  month  4   50.0%  (696 candidates)
[   7.6s] 2026  month  5   62.5%  (684 candidates)
[   8.8s] 2026  month  6   75.0%  (552 candidates)
[  10.2s] 2026  month  7   87.5%  (782 candidates)
[  11.4s] 2026  month  8  100.0%  (489 candidates)
canon (frame p/q/ro): n=544  qty1 $14,446 (+44.5%, Sh(wk) +2.34, DD -6.6%)  qty2 $18,892 (+88.9%, Sh(wk) +2.30, DD -12.2%)
exact strikes, daily_closes: n=547  qty1 $13,058 (+30.6%, Sh(wk) +1.75, DD -10.5%)  qty2 $16,115 (+61.1%, Sh(wk) +1.80, DD -17.8%)
delta-matched, RV20: n=541  qty1 $13,685 (+36.9%, Sh(wk) +2.20, DD -8.6%)  qty2 $17,370 (+73.7%, Sh(wk) +2.25, DD -14.5%)
delta-matched, ATM IV: n=520  qty1 $12,633 (+26.3%, Sh(wk) +1.58, DD -8.7%)  qty2 $15,267 (+52.7%, Sh(wk) +1.63, DD -15.3%)

=== OOT to date: 2026-01-01 .. 2026-12-31  (fill 1.08x model, comm $1.3) ===
                    variant   n  win  loss  bull_put  pnl_trade  qty1_pnl  sh_wk     dd  qty2_pnl  overlap
       canon (frame p/q/ro) 544 42.8  38.6      85.3       8.17      4446   2.34  -6.58      8892    100.0
exact strikes, daily_closes 547 41.1  39.1      82.8       5.59      3058   1.75 -10.47      6115     79.3
        delta-matched, RV20 541 42.7  39.9      82.4       6.81      3685   2.20  -8.61      7370     71.2
      delta-matched, ATM IV 520 41.7  42.3      86.0       5.06      2633   1.58  -8.69      5267     71.0

[  13.1s] exact-strike recompute vs frame: median |dp| 0.0079, 90th pct 0.0276, NaN rows 0
[  13.1s] done
