[   0.2s] OOT candidates 5,430  2026-01-01 .. 2026-08-20
[   0.3s] closes = frame series (band_sweep PX): 109,233 rows
[   0.3s] MIN_OBS 120
[   0.5s] closes 109,233 rows, 93 tickers; ATM-IV days 84,540, ffilled 109,222
[   0.6s] EV reproduction from frame p/q/ro: max |dEV| = 2.22e-16
[   2.0s] 2026  month  1   12.5%  (695 candidates)
[   3.4s] 2026  month  2   25.0%  (749 candidates)
[   4.8s] 2026  month  3   37.5%  (783 candidates)
[   6.1s] 2026  month  4   50.0%  (696 candidates)
[   7.5s] 2026  month  5   62.5%  (684 candidates)
[   8.8s] 2026  month  6   75.0%  (552 candidates)
[  10.2s] 2026  month  7   87.5%  (782 candidates)
[  11.5s] 2026  month  8  100.0%  (489 candidates)
canon (frame p/q/ro): n=544  qty1 $14,446 (+44.5%, Sh(wk) +2.34, DD -6.6%)  qty2 $18,892 (+88.9%, Sh(wk) +2.30, DD -12.2%)
exact strikes, daily_closes: n=544  qty1 $14,446 (+44.5%, Sh(wk) +2.34, DD -6.6%)  qty2 $18,892 (+88.9%, Sh(wk) +2.30, DD -12.2%)
delta-matched, RV20: n=539  qty1 $14,937 (+49.4%, Sh(wk) +2.66, DD -5.1%)  qty2 $19,874 (+98.7%, Sh(wk) +2.61, DD -9.4%)
delta-matched, ATM IV: n=517  qty1 $13,964 (+39.6%, Sh(wk) +2.18, DD -8.2%)  qty2 $17,928 (+79.3%, Sh(wk) +2.17, DD -14.7%)

=== OOT to date: 2026-01-01 .. 2026-12-31  (fill 1.08x model, comm $1.3) ===
                    variant   n  win  loss  bull_put  pnl_trade  qty1_pnl  sh_wk    dd  qty2_pnl  overlap
       canon (frame p/q/ro) 544 42.8  38.6      85.3       8.17      4446   2.34 -6.58      8892    100.0
exact strikes, daily_closes 544 42.8  38.6      85.3       8.17      4446   2.34 -6.58      8892    100.0
        delta-matched, RV20 539 43.0  39.3      85.2       9.16      4937   2.66 -5.09      9874     77.7
      delta-matched, ATM IV 517 42.6  40.0      90.5       7.67      3964   2.18 -8.24      7928     81.4

[  13.1s] exact-strike recompute vs frame: median |dp| 0.0000, 90th pct 0.0000, NaN rows 0
[  13.1s] done
