[   0.3s] IS candidates 38,049  2020-07-14 .. 2025-12-24
[   0.4s] closes = frame series (band_sweep PX): 109,233 rows
[   0.4s] MIN_OBS 120
[   0.6s] closes 109,233 rows, 93 tickers; ATM-IV days 84,540, ffilled 109,222
[   0.7s] EV reproduction from frame p/q/ro: max |dEV| = 3.09e-14
[   1.3s] 2020  month  7   16.7%  (147 candidates)
[   2.2s] 2020  month  8   33.3%  (393 candidates)
[   3.2s] 2020  month  9   50.0%  (375 candidates)
[   4.3s] 2020  month 10   66.7%  (573 candidates)
[   5.5s] 2020  month 11   83.3%  (554 candidates)
[   7.0s] 2020  month 12  100.0%  (336 candidates)
canon (frame p/q/ro): n=332  qty1 $14,318 (+43.2%, Sh(wk) +2.21, DD -14.1%)  qty2 $18,635 (+86.3%, Sh(wk) +2.37, DD -22.6%)
exact strikes, daily_closes: n=332  qty1 $14,318 (+43.2%, Sh(wk) +2.21, DD -14.1%)  qty2 $18,635 (+86.3%, Sh(wk) +2.37, DD -22.6%)
delta-matched, RV20: n=262  qty1 $12,482 (+24.8%, Sh(wk) +1.52, DD -14.2%)  qty2 $14,964 (+49.6%, Sh(wk) +1.68, DD -25.5%)
delta-matched, ATM IV: n=331  qty1 $15,201 (+52.0%, Sh(wk) +2.64, DD -13.0%)  qty2 $20,402 (+104.0%, Sh(wk) +2.72, DD -20.7%)

=== IS to date: 2020-07-14 .. 2020-12-31  (fill 1.08x model, comm $1.3) ===
                    variant   n  win  loss  bull_put  pnl_trade  qty1_pnl  sh_wk     dd  qty2_pnl  overlap
       canon (frame p/q/ro) 332 47.0  37.7      85.5      13.00      4318   2.21 -14.09      8635    100.0
exact strikes, daily_closes 332 47.0  37.7      85.5      13.00      4318   2.21 -14.09      8635    100.0
        delta-matched, RV20 262 45.4  38.9      88.2       9.47      2482   1.52 -14.18      4964     71.4
      delta-matched, ATM IV 331 47.7  38.7      85.2      15.71      5201   2.64 -12.99     10402     86.1

[   9.5s] 2021  month  1    8.3%  (603 candidates)
[  10.7s] 2021  month  2   16.7%  (498 candidates)
[  11.9s] 2021  month  3   25.0%  (585 candidates)
[  13.1s] 2021  month  4   33.3%  (491 candidates)
[  14.3s] 2021  month  5   41.7%  (594 candidates)
[  15.4s] 2021  month  6   50.0%  (547 candidates)
[  16.7s] 2021  month  7   58.3%  (551 candidates)
[  17.8s] 2021  month  8   66.7%  (572 candidates)
[  18.9s] 2021  month  9   75.0%  (464 candidates)
[  20.0s] 2021  month 10   83.3%  (526 candidates)
[  21.2s] 2021  month 11   91.7%  (530 candidates)
[  22.3s] 2021  month 12  100.0%  (440 candidates)
canon (frame p/q/ro): n=1110  qty1 $20,343 (+103.4%, Sh(wk) +1.72, DD -14.9%)  qty2 $30,686 (+206.9%, Sh(wk) +1.79, DD -22.6%)
exact strikes, daily_closes: n=1110  qty1 $20,343 (+103.4%, Sh(wk) +1.72, DD -14.9%)  qty2 $30,686 (+206.9%, Sh(wk) +1.79, DD -22.6%)
delta-matched, RV20: n=1086  qty1 $18,404 (+84.0%, Sh(wk) +1.45, DD -15.0%)  qty2 $26,807 (+168.1%, Sh(wk) +1.49, DD -25.5%)
delta-matched, ATM IV: n=1108  qty1 $20,496 (+105.0%, Sh(wk) +1.79, DD -14.7%)  qty2 $30,992 (+209.9%, Sh(wk) +1.86, DD -20.9%)

=== IS to date: 2020-07-14 .. 2021-12-31  (fill 1.08x model, comm $1.3) ===
                    variant    n  win  loss  bull_put  pnl_trade  qty1_pnl  sh_wk     dd  qty2_pnl  overlap
       canon (frame p/q/ro) 1110 45.9  40.0      92.1       9.32     10343   1.72 -14.93     20686    100.0
exact strikes, daily_closes 1110 45.9  40.0      92.1       9.32     10343   1.72 -14.93     20686    100.0
        delta-matched, RV20 1086 45.7  39.5      91.3       7.74      8404   1.45 -14.98     16807     71.5
      delta-matched, ATM IV 1108 46.4  40.6      92.1       9.47     10496   1.79 -14.67     20992     85.0

[  26.7s] 2022  month  1    8.3%  (624 candidates)
[  28.1s] 2022  month  2   16.7%  (621 candidates)
[  29.4s] 2022  month  3   25.0%  (812 candidates)
[  30.5s] 2022  month  4   33.3%  (518 candidates)
[  31.8s] 2022  month  5   41.7%  (864 candidates)
[  33.0s] 2022  month  6   50.0%  (747 candidates)
[  34.2s] 2022  month  7   58.3%  (697 candidates)
[  35.4s] 2022  month  8   66.7%  (659 candidates)
[  36.7s] 2022  month  9   75.0%  (716 candidates)
[  38.2s] 2022  month 10   83.3%  (988 candidates)
[  39.5s] 2022  month 11   91.7%  (716 candidates)
[  40.8s] 2022  month 12  100.0%  (582 candidates)
canon (frame p/q/ro): n=1848  qty1 $24,039 (+140.4%, Sh(wk) +1.52, DD -14.9%)  qty2 $38,077 (+280.8%, Sh(wk) +1.55, DD -22.6%)
exact strikes, daily_closes: n=1848  qty1 $24,039 (+140.4%, Sh(wk) +1.52, DD -14.9%)  qty2 $38,077 (+280.8%, Sh(wk) +1.55, DD -22.6%)
delta-matched, RV20: n=1779  qty1 $19,833 (+98.3%, Sh(wk) +1.15, DD -19.2%)  qty2 $29,665 (+196.7%, Sh(wk) +1.19, DD -25.6%)
delta-matched, ATM IV: n=1762  qty1 $23,649 (+136.5%, Sh(wk) +1.53, DD -14.7%)  qty2 $37,299 (+273.0%, Sh(wk) +1.56, DD -20.9%)

=== IS to date: 2020-07-14 .. 2022-12-31  (fill 1.08x model, comm $1.3) ===
                    variant    n  win  loss  bull_put  pnl_trade  qty1_pnl  sh_wk     dd  qty2_pnl  overlap
       canon (frame p/q/ro) 1848 44.8  40.6      74.5       7.60     14039   1.52 -14.93     28077    100.0
exact strikes, daily_closes 1848 44.8  40.6      74.5       7.60     14039   1.52 -14.93     28077    100.0
        delta-matched, RV20 1779 43.7  41.2      75.2       5.53      9833   1.15 -19.20     19665     72.4
      delta-matched, ATM IV 1762 44.9  41.9      78.8       7.75     13649   1.53 -14.67     27299     81.0

[  47.6s] 2023  month  1    8.3%  (708 candidates)
[  49.0s] 2023  month  2   16.7%  (566 candidates)
[  50.4s] 2023  month  3   25.0%  (670 candidates)
[  51.6s] 2023  month  4   33.3%  (413 candidates)
[  52.9s] 2023  month  5   41.7%  (573 candidates)
[  53.9s] 2023  month  6   50.0%  (405 candidates)
[  55.1s] 2023  month  7   58.3%  (480 candidates)
[  56.3s] 2023  month  8   66.7%  (561 candidates)
[  57.5s] 2023  month  9   75.0%  (405 candidates)
[  58.8s] 2023  month 10   83.3%  (751 candidates)
[  60.0s] 2023  month 11   91.7%  (419 candidates)
[  61.1s] 2023  month 12  100.0%  (372 candidates)
canon (frame p/q/ro): n=2357  qty1 $24,040 (+140.4%, Sh(wk) +1.24, DD -14.9%)  qty2 $38,080 (+280.8%, Sh(wk) +1.28, DD -22.6%)
exact strikes, daily_closes: n=2357  qty1 $24,040 (+140.4%, Sh(wk) +1.24, DD -14.9%)  qty2 $38,080 (+280.8%, Sh(wk) +1.28, DD -22.6%)
delta-matched, RV20: n=2373  qty1 $21,954 (+119.5%, Sh(wk) +1.07, DD -19.2%)  qty2 $33,909 (+239.1%, Sh(wk) +1.08, DD -25.6%)
delta-matched, ATM IV: n=2259  qty1 $23,929 (+139.3%, Sh(wk) +1.27, DD -14.7%)  qty2 $37,858 (+278.6%, Sh(wk) +1.31, DD -20.9%)

=== IS to date: 2020-07-14 .. 2023-12-31  (fill 1.08x model, comm $1.3) ===
                    variant    n  win  loss  bull_put  pnl_trade  qty1_pnl  sh_wk     dd  qty2_pnl  overlap
       canon (frame p/q/ro) 2357 43.8  42.3      72.7       5.96     14040   1.24 -14.93     28080    100.0
exact strikes, daily_closes 2357 43.8  42.3      72.7       5.96     14040   1.24 -14.93     28080    100.0
        delta-matched, RV20 2373 43.4  41.7      71.3       5.04     11954   1.07 -19.20     23909     71.0
      delta-matched, ATM IV 2259 43.8  43.1      76.4       6.17     13929   1.27 -14.67     27858     81.2

[  69.3s] 2024  month  1    8.3%  (579 candidates)
[  70.7s] 2024  month  2   16.7%  (494 candidates)
[  71.8s] 2024  month  3   25.0%  (367 candidates)
[  73.2s] 2024  month  4   33.3%  (671 candidates)
[  74.4s] 2024  month  5   41.7%  (408 candidates)
[  75.6s] 2024  month  6   50.0%  (449 candidates)
[  76.9s] 2024  month  7   58.3%  (665 candidates)
[  78.2s] 2024  month  8   66.7%  (665 candidates)
[  79.5s] 2024  month  9   75.0%  (578 candidates)
[  80.8s] 2024  month 10   83.3%  (809 candidates)
[  82.0s] 2024  month 11   91.7%  (507 candidates)
[  83.2s] 2024  month 12  100.0%  (529 candidates)
canon (frame p/q/ro): n=3200  qty1 $34,058 (+240.6%, Sh(wk) +1.41, DD -14.9%)  qty2 $58,117 (+481.2%, Sh(wk) +1.38, DD -22.6%)
exact strikes, daily_closes: n=3200  qty1 $34,058 (+240.6%, Sh(wk) +1.41, DD -14.9%)  qty2 $58,117 (+481.2%, Sh(wk) +1.38, DD -22.6%)
delta-matched, RV20: n=3224  qty1 $30,809 (+208.1%, Sh(wk) +1.23, DD -19.2%)  qty2 $51,618 (+416.2%, Sh(wk) +1.19, DD -25.6%)
delta-matched, ATM IV: n=3073  qty1 $33,788 (+237.9%, Sh(wk) +1.44, DD -14.7%)  qty2 $57,576 (+475.8%, Sh(wk) +1.41, DD -20.9%)

=== IS to date: 2020-07-14 .. 2024-12-31  (fill 1.08x model, comm $1.3) ===
                    variant    n  win  loss  bull_put  pnl_trade  qty1_pnl  sh_wk     dd  qty2_pnl  overlap
       canon (frame p/q/ro) 3200 44.5  40.3      76.8       7.56     24058   1.41 -14.93     48117    100.0
exact strikes, daily_closes 3200 44.5  40.3      76.8       7.56     24058   1.41 -14.93     48117    100.0
        delta-matched, RV20 3224 43.9  40.3      75.4       6.50     20809   1.23 -19.20     41618     73.7
      delta-matched, ATM IV 3073 44.2  41.5      80.6       7.79     23788   1.44 -14.67     47576     81.3

[  94.1s] 2025  month  1    8.3%  (509 candidates)
[  95.5s] 2025  month  2   16.7%  (570 candidates)
[  97.4s] 2025  month  3   25.0%  (689 candidates)
[  98.9s] 2025  month  4   33.3%  (708 candidates)
[ 100.4s] 2025  month  5   41.7%  (636 candidates)
[ 101.7s] 2025  month  6   50.0%  (550 candidates)
[ 103.2s] 2025  month  7   58.3%  (630 candidates)
[ 104.6s] 2025  month  8   66.7%  (648 candidates)
[ 106.0s] 2025  month  9   75.0%  (663 candidates)
[ 107.9s] 2025  month 10   83.3%  (877 candidates)
[ 109.7s] 2025  month 11   91.7%  (673 candidates)
[ 111.2s] 2025  month 12  100.0%  (529 candidates)
canon (frame p/q/ro): n=3997  qty1 $38,347 (+283.5%, Sh(wk) +1.35, DD -14.9%)  qty2 $66,694 (+566.9%, Sh(wk) +1.32, DD -22.6%)
exact strikes, daily_closes: n=3997  qty1 $38,347 (+283.5%, Sh(wk) +1.35, DD -14.9%)  qty2 $66,694 (+566.9%, Sh(wk) +1.32, DD -22.6%)
delta-matched, RV20: n=4014  qty1 $34,719 (+247.2%, Sh(wk) +1.19, DD -19.2%)  qty2 $59,439 (+494.4%, Sh(wk) +1.14, DD -25.6%)
delta-matched, ATM IV: n=3840  qty1 $35,357 (+253.6%, Sh(wk) +1.31, DD -14.7%)  qty2 $60,714 (+507.1%, Sh(wk) +1.29, DD -20.9%)

=== IS to date: 2020-07-14 .. 2025-12-31  (fill 1.08x model, comm $1.3) ===
                    variant    n  win  loss  bull_put  pnl_trade  qty1_pnl  sh_wk     dd  qty2_pnl  overlap
       canon (frame p/q/ro) 3997 44.2  40.5      78.9       7.09     28347   1.35 -14.93     56694    100.0
exact strikes, daily_closes 3997 44.2  40.5      78.9       7.09     28347   1.35 -14.93     56694    100.0
        delta-matched, RV20 4014 43.7  40.4      77.9       6.16     24719   1.19 -19.20     49439     74.6
      delta-matched, ATM IV 3840 43.5  41.9      82.8       6.60     25357   1.31 -14.67     50714     81.2

[ 123.8s] exact-strike recompute vs frame: median |dp| 0.0000, 90th pct 0.0000, NaN rows 0
[ 123.8s] done
