=== quote quality of the selected books (mid basis) ===
D_emp_iv k= 0: n= 3373 med credit $0.34  med book-width/credit 1.44  share qw>1 62.7%  share natural<=0 34.2%  med bid-ask short $0.25
D_emp_iv k= 8: n= 1677 med credit $0.43  med book-width/credit 2.00  share qw>1 89.9%  share natural<=0 54.7%  med bid-ask short $0.55
D_emp_iv k=16: n= 1123 med credit $0.47  med book-width/credit 2.16  share qw>1 98.3%  share natural<=0 66.3%  med bid-ask short $0.75
D_emp_iv k=24: n=  839 med credit $0.49  med book-width/credit 2.21  share qw>1 99.5%  share natural<=0 70.8%  med bid-ask short $0.83
D_cert_iv k= 2: n= 1783 med credit $0.40  med book-width/credit 2.00  share qw>1 82.1%  share natural<=0 50.6%  med bid-ask short $0.46
D_cert_iv k= 3: n= 1225 med credit $0.45  med book-width/credit 2.10  share qw>1 90.7%  share natural<=0 60.6%  med bid-ask short $0.65
D_cert_iv k= 4: n=  854 med credit $0.52  med book-width/credit 2.20  share qw>1 96.8%  share natural<=0 70.3%  med bid-ask short $0.86

=== D_emp_iv: P&L at NATURAL credit (scoring unchanged, mid) ===
 k  is_n    is_fin  is_sh   is_dd  oot_n  oot_fin  oot_sh  oot_dd
 0  2219 -18819.50   0.48 -289.26    260  5622.00   -3.62  -43.78
 4  1409  -9973.00  -0.39 -200.58    173  6523.50   -3.23  -35.03
 8   760  -3210.00  -0.42 -133.00     76  8399.00   -2.04  -16.62
12   484   1542.50  -1.84  -85.41     43  8710.00   -1.88  -13.57
16   379   2611.50  -1.92  -74.62     35  9119.00   -1.52   -9.01
24   245   4683.50  -1.76  -53.57     16  9981.00   -0.31   -2.40
=== D_emp_iv: quote-width filter (book width <= credit), 0.80x mid ===
   candidates kept IS 67.2%  OOT 47.9%
 k  is_n  is_fin  is_sh   is_dd  is_loss  oot_n  oot_fin  oot_sh  oot_dd  oot_loss
 0  1624 -855.80  -0.65 -108.75    16.38    193  8954.50   -1.34  -13.29     19.17
 4   736 2455.90  -0.92  -77.55    21.06    100  9202.60   -1.28   -8.87     22.00
 8   185 7882.10  -0.81  -24.08    23.78     25 10270.40    1.01   -1.53     12.00
12    42 9466.40  -0.36   -8.77    26.19      7 10228.40    2.41    0.00      0.00
16    21 9574.20  -0.57   -5.87    23.81      7 10228.40    2.41    0.00      0.00
24     5 9945.80  -0.25   -1.89     0.00      5 10145.60    2.77    0.00      0.00

=== D_cert_iv: P&L at NATURAL credit (scoring unchanged, mid) ===
 k  is_n    is_fin  is_sh   is_dd  oot_n  oot_fin  oot_sh  oot_dd
 0  2219 -18819.50   0.48 -289.26    260  5622.00   -3.62  -43.78
 2   880  -2469.50  -0.13 -125.11    109  7657.50   -2.49  -24.77
 3   483   2530.50  -1.70  -75.08     34  9465.50   -1.31   -6.92
 4   254   4271.50  -1.78  -57.74     12  9956.00   -0.26   -2.53
=== D_cert_iv: quote-width filter (book width <= credit), 0.80x mid ===
   candidates kept IS 67.2%  OOT 47.9%
 k  is_n  is_fin  is_sh   is_dd  is_loss  oot_n  oot_fin  oot_sh  oot_dd  oot_loss
 0  1624 -855.80  -0.65 -108.75    16.38    193  8954.50   -1.34  -13.29     19.17
 2   347 6973.40  -0.75  -31.88    20.17     51  9391.40   -1.49   -8.26     23.53
 3   116 9347.10  -0.29  -11.69    20.69     16 10150.40    1.22   -0.95     12.50
 4    27 9227.50  -0.57   -8.82    33.33      3 10146.80    1.75    0.00      0.00
