tight (today's strikes riskier than usual placement) on 56.5% of candidates; med D_er nonzero 0.0266

################ G on P_real, fill 1.1x model, thr 0.02 ################
k=0:
 k  is_n   is_fin  is_sh  is_dd  is_loss  oot_n  oot_fin  oot_sh  oot_dd  oot_loss
 0  3834 25422.44   1.17 -22.74    13.35    566 11658.87    0.99  -10.16     16.61

=== DKL = D_er ===  IS : loss [0.129, 0.13, 0.121, 0.123, 0.122] excess-vs-belief [0.058, 0.049, 0.045, 0.045, 0.044] EV [0.0065, 0.0063, 0.0069, 0.0089, 0.0105]
                      OOT: loss [0.113, 0.085, 0.137, 0.11, 0.134] excess-vs-belief [0.022, 0.003, 0.047, 0.008, 0.075] EV [0.007, 0.006, 0.0061, 0.0067, 0.0121]
 k  is_n   is_fin  is_sh  is_dd  is_loss  oot_n  oot_fin  oot_sh  oot_dd  oot_loss
 0  3834 25422.44   1.17 -22.74    13.35    566 11658.87    0.99  -10.16     16.61
 2  3821 25213.43   1.18 -22.16    13.35    566 11664.75    0.99  -10.16     16.61
 4  3807 24767.22   1.16 -21.85    13.40    565 11796.11    1.08  -10.05     16.46
 8  3788 25139.29   1.20 -22.05    13.36    564 11612.24    0.96  -10.27     16.49
16  3769 25324.17   1.20 -23.05    13.37    563 12055.17    1.24   -9.91     16.16
32  3740 24992.89   1.17 -25.24    13.37    563 12214.28    1.31  -10.14     15.99
64  3705 25044.99   1.22 -24.89    13.36    562 12026.05    1.20  -10.30     16.01

=== DKL = D_re ===  IS : loss [0.128, 0.134, 0.116, 0.142, 0.106] excess-vs-belief [0.055, 0.053, 0.036, 0.061, 0.037] EV [0.0063, 0.0055, 0.0058, 0.0062, 0.0153]
                      OOT: loss [0.116, 0.088, 0.131, 0.116, 0.128] excess-vs-belief [0.026, 0.006, 0.039, 0.011, 0.072] EV [0.0068, 0.0062, 0.005, 0.0059, 0.014]
 k  is_n   is_fin  is_sh  is_dd  is_loss  oot_n  oot_fin  oot_sh  oot_dd  oot_loss
 0  3834 25422.44   1.17 -22.74    13.35    566 11658.87    0.99  -10.16     16.61
 2  3787 25038.50   1.16 -22.41    13.47    565 11595.03    0.96  -10.22     16.46
 4  3775 25113.01   1.17 -21.34    13.46    564 11919.21    1.14  -10.04     16.13
 8  3764 24920.08   1.17 -22.51    13.50    563 12205.46    1.31   -9.86     15.99
16  3745 25036.91   1.16 -23.00    13.43    562 12198.80    1.31   -9.86     16.01
32  3722 24560.64   1.14 -24.68    13.41    562 12161.37    1.28  -10.16     16.01
64  3703 24795.20   1.20 -23.72    13.34    561 11973.14    1.18  -10.32     16.04

=== DKL = D_er_u ===  IS : loss [0.126, 0.119, 0.113, 0.104, 0.094] excess-vs-belief [0.06, 0.055, 0.059, 0.065, 0.077] EV [0.0081, 0.0105, 0.0161, 0.0261, 0.0577]
                      OOT: loss [0.098, 0.113, 0.105, 0.102, 0.107] excess-vs-belief [0.019, 0.044, 0.038, 0.054, 0.084] EV [0.008, 0.01, 0.0136, 0.0217, 0.042]
 k  is_n   is_fin  is_sh  is_dd  is_loss  oot_n  oot_fin  oot_sh  oot_dd  oot_loss
 0  3834 25422.44   1.17 -22.74    13.35    566 11658.87    0.99  -10.16     16.61
 2  3715 25273.68   1.15 -21.75    13.54    565 12153.38    1.28   -8.84     16.46
 4  3549 22984.83   1.06 -20.76    13.92    555 11839.34    1.15  -12.39     16.58
 8  3123 20237.02   0.97 -14.23    14.51    526 12275.30    1.31  -12.52     16.73
16  2370 15526.43   0.64 -18.10    15.36    458 12942.70    1.88  -13.36     15.94
32  1522 14948.10   0.67 -13.44    14.39    335 11633.69    1.08  -15.06     16.72
64   833 13501.85   0.70 -11.78    13.81    184 11228.05    1.17   -9.60     15.22

=== DKL = ls_gap_p ===  IS : loss [0.123, 0.117, 0.125, 0.127, 0.134] excess-vs-belief [0.058, 0.052, 0.049, 0.048, 0.034] EV [0.0096, 0.0092, 0.0081, 0.0065, 0.0056]
                      OOT: loss [0.11, 0.125, 0.11, 0.101, 0.134] excess-vs-belief [0.029, 0.043, 0.04, -0.002, 0.045] EV [0.0087, 0.0085, 0.0063, 0.0062, 0.0081]
 k  is_n   is_fin  is_sh  is_dd  is_loss  oot_n  oot_fin  oot_sh  oot_dd  oot_loss
 0  3834 25422.44   1.17 -22.74    13.35    566 11658.87    0.99  -10.16     16.61
 2  3822 25250.62   1.17 -22.27    13.37    565 11859.02    1.11  -10.00     16.46
 4  3812 25206.21   1.17 -22.16    13.33    565 11859.02    1.11  -10.00     16.46
 8  3796 25031.18   1.18 -22.82    13.41    565 12128.47    1.27   -9.85     16.28
16  3773 25009.77   1.17 -24.83    13.36    564 11927.58    1.16  -10.28     16.13
32  3740 24863.39   1.17 -25.44    13.37    562 11913.73    1.16  -10.27     16.19
64  3717 25168.63   1.23 -24.78    13.34    561 11724.85    1.07  -11.28     16.22

################ G on P_emp (52:10), fill 1.1x model, thr 0.02 ################
k=0:
 k  is_n   is_fin  is_sh  is_dd  is_loss  oot_n  oot_fin  oot_sh  oot_dd  oot_loss
 0  4838 22050.55   1.05 -20.93    13.70    555 12200.53    1.30  -13.87     15.50

=== DKL = D_er ===  IS : loss [0.114, 0.1, 0.104, 0.103, 0.102] excess-vs-belief [0.047, 0.039, 0.052, 0.057, 0.07] EV [0.0075, 0.0085, 0.01, 0.0118, 0.0185]
                      OOT: loss [0.108, 0.113, 0.112, 0.101, 0.131] excess-vs-belief [0.028, 0.04, 0.046, 0.041, 0.097] EV [0.0085, 0.0087, 0.0111, 0.0128, 0.0246]
 k  is_n   is_fin  is_sh  is_dd  is_loss  oot_n  oot_fin  oot_sh  oot_dd  oot_loss
 0  4838 22050.55   1.05 -20.93    13.70    555 12200.53    1.30  -13.87     15.50
 2  4653 21693.48   1.05 -18.32    14.06    547 12264.00    1.32  -13.10     15.54
 4  4399 21014.68   1.02 -14.46    14.41    532 12552.01    1.46  -13.71     15.60
 8  3813 20826.02   1.05 -12.48    14.71    511 11719.12    1.20  -16.05     16.44
16  3091 18358.20   0.83 -14.88    15.53    457 12281.31    1.43  -13.80     15.75
32  2613 18131.04   0.82 -13.73    16.15    408 11977.86    1.27  -13.08     16.67
64  2383 17081.16   0.74 -16.34    16.49    373 11141.89    0.72  -14.64     18.23

=== DKL = D_re ===  IS : loss [0.116, 0.102, 0.103, 0.101, 0.101] excess-vs-belief [0.048, 0.039, 0.052, 0.057, 0.069] EV [0.0074, 0.0084, 0.0095, 0.0117, 0.0192]
                      OOT: loss [0.108, 0.115, 0.119, 0.095, 0.128] excess-vs-belief [0.028, 0.038, 0.053, 0.037, 0.096] EV [0.0087, 0.0086, 0.0106, 0.0129, 0.025]
 k  is_n   is_fin  is_sh  is_dd  is_loss  oot_n  oot_fin  oot_sh  oot_dd  oot_loss
 0  4838 22050.55   1.05 -20.93    13.70    555 12200.53    1.30  -13.87     15.50
 2  4482 21518.53   1.03 -17.20    14.10    542 12214.86    1.25  -14.50     16.05
 4  4083 21629.74   1.09 -12.39    14.25    523 12128.04    1.39  -14.80     16.06
 8  3453 20151.74   0.99 -11.88    14.97    492 12582.70    1.54  -13.66     16.06
16  2898 16945.68   0.71 -15.58    16.08    448 11705.74    1.11  -15.19     16.52
32  2535 17616.93   0.79 -12.05    16.41    395 11556.72    0.97  -13.67     17.22
64  2338 17572.58   0.80 -15.81    16.47    368 11098.44    0.75  -15.34     18.21

=== DKL = D_er_u ===  IS : loss [0.124, 0.11, 0.115, 0.107, 0.109] excess-vs-belief [0.055, 0.041, 0.053, 0.056, 0.062] EV [0.01, 0.0084, 0.0099, 0.0119, 0.0181]
                      OOT: loss [0.107, 0.111, 0.113, 0.118, 0.146] excess-vs-belief [0.026, 0.033, 0.046, 0.051, 0.084] EV [0.0078, 0.0085, 0.0111, 0.0126, 0.022]
 k  is_n   is_fin  is_sh  is_dd  is_loss  oot_n  oot_fin  oot_sh  oot_dd  oot_loss
 0  4838 22050.55   1.05 -20.93    13.70    555 12200.53    1.30  -13.87     15.50
 2  4581 21409.86   1.05 -19.48    13.95    543 11858.56    1.08  -14.14     15.84
 4  4240 19986.01   0.98 -16.76    14.34    523 11881.70    1.05  -16.50     16.06
 8  3469 21117.45   1.18 -14.89    13.84    485 11851.92    1.15  -19.69     15.67
16  2459 18345.74   1.01 -10.90    13.91    400 12501.48    1.50  -15.58     13.75
32  1664 15279.33   0.79  -9.38    14.42    274 11350.68    0.96  -17.16     15.33
64  1172 13936.89   0.70  -8.69    13.99    169 10877.20    0.81  -10.46     17.75

=== DKL = ls_gap_p ===  IS : loss [0.111, 0.099, 0.097, 0.104, 0.113] excess-vs-belief [0.049, 0.043, 0.046, 0.058, 0.068] EV [0.0088, 0.0093, 0.0099, 0.0116, 0.0166]
                      OOT: loss [0.12, 0.105, 0.1, 0.116, 0.124] excess-vs-belief [0.044, 0.035, 0.035, 0.072, 0.066] EV [0.0091, 0.0098, 0.011, 0.0136, 0.0222]
 k  is_n   is_fin  is_sh  is_dd  is_loss  oot_n  oot_fin  oot_sh  oot_dd  oot_loss
 0  4838 22050.55   1.05 -20.93    13.70    555 12200.53    1.30  -13.87     15.50
 2  4549 21538.07   1.04 -16.19    14.07    533 11785.08    1.03  -16.17     16.51
 4  4138 19577.15   0.91 -17.24    14.72    518 11551.94    0.91  -17.04     16.22
 8  3313 20248.21   0.98 -12.03    14.97    476 10867.25    0.75  -19.78     17.02
16  2656 16955.60   0.69 -14.71    16.19    411 11110.18    0.68  -15.09     17.76
32  2383 17023.91   0.73 -15.20    16.66    360  9904.10    0.08  -22.22     20.00
64  2236 16780.82   0.74 -14.90    16.91    342 10723.42    0.52  -17.43     19.30

################ G on mixed (P_emp+P_real)/2, fill 1.1x model, thr 0.02 ################
k=0:
 k  is_n   is_fin  is_sh  is_dd  is_loss  oot_n  oot_fin  oot_sh  oot_dd  oot_loss
 0  3356 20893.92   1.01 -16.93    14.51    545  9658.74   -0.05  -22.24     17.61

=== DKL = D_er ===  IS : loss [0.126, 0.108, 0.114, 0.113, 0.111] excess-vs-belief [0.048, 0.018, 0.019, 0.011, -0.006] EV [0.0067, 0.007, 0.0079, 0.0078, 0.0112]
                      OOT: loss [0.108, 0.124, 0.104, 0.106, 0.143] excess-vs-belief [0.022, 0.026, -0.002, 0.003, 0.044] EV [0.0075, 0.0069, 0.007, 0.0083, 0.0212]
 k  is_n   is_fin  is_sh  is_dd  is_loss  oot_n  oot_fin  oot_sh  oot_dd  oot_loss
 0  3356 20893.92   1.01 -16.93    14.51    545  9658.74   -0.05  -22.24     17.61
 2  3271 20347.25   0.95 -16.82    14.70    540  9861.96    0.05  -21.09     17.41
 4  3212 20485.01   0.98 -17.16    14.76    528 10533.61    0.41  -20.07     17.05
 8  3094 20830.16   1.06 -16.38    14.87    512 11566.71    0.93  -14.63     16.80
16  2992 20947.84   1.06 -18.68    14.81    488 12112.83    1.26  -12.70     17.01
32  2896 20931.99   1.06 -17.72    14.74    475 12207.59    1.34  -12.31     17.26
64  2813 20843.11   1.06 -17.65    14.82    467 12180.96    1.31  -12.53     17.13

=== DKL = D_re ===  IS : loss [0.127, 0.11, 0.118, 0.112, 0.105] excess-vs-belief [0.047, 0.019, 0.019, -0.0, 0.004] EV [0.0063, 0.0062, 0.0062, 0.0056, 0.0163]
                      OOT: loss [0.109, 0.127, 0.108, 0.106, 0.134] excess-vs-belief [0.024, 0.026, 0.001, -0.006, 0.049] EV [0.0073, 0.0066, 0.0069, 0.0067, 0.0235]
 k  is_n   is_fin  is_sh  is_dd  is_loss  oot_n  oot_fin  oot_sh  oot_dd  oot_loss
 0  3356 20893.92   1.01 -16.93    14.51    545  9658.74   -0.05  -22.24     17.61
 2  3097 19687.02   0.92 -18.40    14.98    497 11905.43    1.13  -15.46     17.10
 4  3048 18983.88   0.85 -18.31    15.26    493 12194.76    1.28  -14.95     16.84
 8  2980 19055.14   0.87 -19.02    15.27    486 12348.32    1.38  -12.52     16.87
16  2914 19892.02   0.93 -18.82    15.07    479 12727.39    1.58  -12.09     16.49
32  2849 19506.70   0.90 -19.39    15.09    470 12370.23    1.41  -12.27     17.02
64  2794 20647.52   1.05 -17.95    14.85    464 12000.48    1.22  -12.66     17.24

=== DKL = D_er_u ===  IS : loss [0.127, 0.117, 0.121, 0.114, 0.11] excess-vs-belief [0.057, 0.043, 0.048, 0.048, 0.06] EV [0.0075, 0.0083, 0.0106, 0.0136, 0.0239]
                      OOT: loss [0.101, 0.12, 0.108, 0.111, 0.138] excess-vs-belief [0.02, 0.04, 0.033, 0.046, 0.087] EV [0.0075, 0.0085, 0.0093, 0.0124, 0.0244]
 k  is_n   is_fin  is_sh  is_dd  is_loss  oot_n  oot_fin  oot_sh  oot_dd  oot_loss
 0  3356 20893.92   1.01 -16.93    14.51    545  9658.74   -0.05  -22.24     17.61
 2  3146 18692.18   0.83 -15.31    15.07    535  9926.78    0.08  -21.00     17.76
 4  2881 16773.61   0.71 -17.81    15.41    507 10843.16    0.53  -15.75     16.96
 8  2389 14960.08   0.59 -14.84    15.99    467 11405.23    0.86  -15.14     16.27
16  1806 16602.30   0.88 -13.16    14.95    376 12116.55    1.30  -15.22     16.49
32  1219 14256.43   0.71 -12.85    14.27    263 11291.51    0.92  -13.39     17.49
64   709 12206.58   0.50  -7.38    13.82    160 10163.73    0.22  -14.76     18.75

=== DKL = ls_gap_p ===  IS : loss [0.117, 0.117, 0.103, 0.111, 0.125] excess-vs-belief [0.051, 0.036, 0.013, 0.006, -0.017] EV [0.0101, 0.009, 0.0077, 0.0068, 0.0069]
                      OOT: loss [0.118, 0.117, 0.1, 0.117, 0.133] excess-vs-belief [0.038, 0.039, -0.004, 0.017, 0.003] EV [0.0094, 0.0087, 0.0086, 0.0108, 0.0135]
 k  is_n   is_fin  is_sh  is_dd  is_loss  oot_n  oot_fin  oot_sh  oot_dd  oot_loss
 0  3356 20893.92   1.01 -16.93    14.51    545  9658.74   -0.05  -22.24     17.61
 2  3274 20825.00   0.99 -16.03    14.66    540 10156.28    0.21  -20.94     17.22
 4  3202 20559.81   0.98 -17.18    14.74    533 10336.95    0.30  -19.83     17.07
 8  3093 19819.45   0.92 -18.38    14.87    512 10515.84    0.39  -19.22     17.38
16  2973 20688.61   1.03 -16.33    14.83    485 11798.17    1.06  -14.02     17.32
32  2878 20994.66   1.09 -17.39    14.70    468 12019.48    1.19  -13.45     17.31
64  2791 21227.43   1.15 -17.19    14.65    462 11696.61    1.04  -14.39     17.53

################ G on P_real, fill 1.0x, thr 0.02, DKL = D_er ################
 k  is_n   is_fin  is_sh  is_dd  is_loss  oot_n  oot_fin  oot_sh  oot_dd  oot_loss
 0  3834 15808.10   0.52 -33.10    13.35    566  9929.13    0.05  -15.73     16.61
 2  3821 15650.09   0.51 -32.09    13.35    566  9934.47    0.06  -15.73     16.61
 4  3807 15250.87   0.49 -31.66    13.40    565 10076.61    0.13  -15.53     16.46
 8  3788 15693.83   0.52 -31.38    13.36    564  9896.18    0.04  -15.90     16.49
16  3769 15945.08   0.54 -32.32    13.37    563 10350.21    0.28  -15.27     16.16
32  3740 15679.95   0.52 -34.68    13.37    563 10517.58    0.38  -13.80     15.99
