valid P_real G: 27.3%; market prices more risk than realized history on 60.4%; med D_r_iv 0.0177

=== G on P_real, DKL = D_r_iv ===
 IS : loss [0.136, 0.111, 0.105, 0.096, 0.107]  realized-minus-belief [0.045, 0.049, 0.058, 0.067, 0.096]  EV [0.0021, 0.0053, 0.0111, 0.024, 0.0761]
 OOT: loss [0.102, 0.103, 0.11, 0.089, 0.12]  realized-minus-belief [0.002, 0.029, 0.056, 0.045, 0.107]  EV [0.0024, 0.0054, 0.0102, 0.0183, 0.059]
 -- fill 1.1 thr 0.02 --
 k  is_n   is_fin  is_sh  is_dd  is_loss  oot_n  oot_fin  oot_sh  oot_dd  oot_loss
 0  3834 25422.44   1.17 -22.74    13.35    566 11658.87    0.99  -10.16     16.61
 1  3791 23922.82   1.05 -23.41    13.72    565 11789.99    1.13   -9.24     16.28
 2  3744 23211.91   1.01 -23.82    13.84    561 12483.56    1.56   -7.66     16.04
 4  3636 23194.58   0.98 -26.94    13.92    556 11704.13    1.10   -9.03     16.91
 6  3487 24035.17   1.05 -27.78    14.11    544 11932.91    1.29   -9.25     16.54
 8  3333 24049.45   1.02 -29.53    13.95    531 11758.16    1.14  -12.10     16.57
12  2469 19507.23   0.80 -25.30    14.01    398 12787.34    2.18   -6.97     14.82
16   851 12110.76   0.36 -15.70    14.45    149 11774.56    2.21   -5.18     12.08
24    72 10319.14   0.25  -4.03    11.11     41 10540.02    2.04   -2.37     14.63
32    22 10200.27   0.29  -2.01    13.64     13 10376.09    2.21   -0.80      7.69
 -- fill 1.1 thr 0.01 --
 k  is_n   is_fin  is_sh  is_dd  is_loss  oot_n  oot_fin  oot_sh  oot_dd  oot_loss
 0  4300 26478.40   1.23 -21.52    12.98    579 11867.20    1.08  -10.04     16.23
 1  4284 25641.97   1.16 -23.34    13.21    579 12042.58    1.23   -8.98     15.89
 2  4264 24795.50   1.12 -23.33    13.34    579 12846.73    1.74   -6.98     15.72
 4  4220 24994.28   1.09 -26.40    13.29    577 12078.09    1.31   -8.66     16.46
 6  4163 25081.19   1.05 -30.72    13.50    577 12388.89    1.55   -8.46     16.12
 8  4107 26441.75   1.11 -29.10    13.15    577 12304.01    1.42  -10.06     15.94
12  3940 24237.17   0.98 -29.14    13.30    572 14388.99    2.75   -6.88     13.11
16  3504 19329.32   0.71 -33.13    13.36    553 16348.40    4.24   -6.59     11.57
24  1742 10256.03   0.12 -20.89    14.75    347 13564.47    3.29   -5.70     12.10
32   680  6568.16  -0.38 -37.02    18.53    155 11546.89    1.84   -6.73     12.90
 -- fill 1.0 thr 0.02 --
 k  is_n   is_fin  is_sh  is_dd  is_loss  oot_n  oot_fin  oot_sh  oot_dd  oot_loss
 0  3834 15808.10   0.52 -33.10    13.35    566  9929.13    0.05  -15.73     16.61
 1  3791 14389.56   0.42 -34.03    13.72    565 10059.90    0.12  -15.15     16.28
 2  3744 13723.71   0.37 -34.31    13.84    561 10755.61    0.53  -11.87     16.04
 4  3636 13849.24   0.38 -37.45    13.92    556  9965.18    0.06  -15.24     16.91
 6  3487 14973.69   0.46 -37.40    14.11    544 10211.86    0.21  -14.63     16.54
 8  3333 15389.24   0.47 -39.14    13.95    531 10026.02    0.10  -20.33     16.57
12  2469 13027.40   0.34 -38.55    14.01    398 11465.01    1.19  -11.55     14.82
16   851  9854.84   0.04 -22.21    14.45    149 11298.13    1.63   -6.14     12.08
24    72 10150.68   0.10  -4.38    11.11     41 10433.19    1.75   -2.45     14.63
32    22 10141.74   0.19  -2.09    13.64     13 10332.49    2.08   -0.82      7.69

=== G on P_real, DKL = D_r_iv_S ===
 IS : loss [0.135, 0.112, 0.105, 0.096, 0.107]  realized-minus-belief [0.044, 0.05, 0.058, 0.067, 0.096]  EV [0.0021, 0.0053, 0.0111, 0.0239, 0.0761]
 OOT: loss [0.102, 0.103, 0.11, 0.089, 0.12]  realized-minus-belief [0.003, 0.029, 0.056, 0.045, 0.106]  EV [0.0024, 0.0053, 0.0102, 0.0184, 0.059]
 -- fill 1.1 thr 0.02 --
 k  is_n   is_fin  is_sh  is_dd  is_loss  oot_n  oot_fin  oot_sh  oot_dd  oot_loss
 0  3834 25422.44   1.17 -22.74    13.35    566 11658.87    0.99  -10.16     16.61
 1  3791 23922.82   1.05 -23.41    13.72    565 11789.99    1.13   -9.24     16.28
 2  3744 23211.91   1.01 -23.82    13.84    561 12483.56    1.56   -7.66     16.04
 4  3636 23194.58   0.98 -26.94    13.92    556 11704.13    1.10   -9.03     16.91
 6  3487 24035.17   1.05 -27.78    14.11    544 11932.91    1.29   -9.25     16.54
 8  3333 24049.45   1.02 -29.53    13.95    531 11758.16    1.14  -12.10     16.57
12  2469 19543.76   0.81 -25.02    14.01    398 12787.34    2.18   -6.97     14.82
16   852 11969.33   0.33 -16.89    14.44    149 11774.56    2.21   -5.18     12.08
24    73 10177.71   0.11  -5.43    10.96     42 10506.33    1.96   -2.37     14.29
32    23 10058.84   0.02  -2.19    13.04     14 10342.40    2.11   -0.80      7.14
 -- fill 1.1 thr 0.01 --
 k  is_n   is_fin  is_sh  is_dd  is_loss  oot_n  oot_fin  oot_sh  oot_dd  oot_loss
 0  4300 26478.40   1.23 -21.52    12.98    579 11867.20    1.08  -10.04     16.23
 1  4284 25641.97   1.16 -23.34    13.21    579 12042.58    1.23   -8.98     15.89
 2  4264 24795.50   1.12 -23.33    13.34    579 12846.73    1.74   -6.98     15.72
 4  4220 24994.28   1.09 -26.40    13.29    577 12078.09    1.31   -8.66     16.46
 6  4163 25081.19   1.05 -30.72    13.50    577 12388.89    1.55   -8.46     16.12
 8  4107 26441.75   1.11 -29.10    13.15    577 12304.01    1.42  -10.06     15.94
12  3940 24273.70   0.98 -28.88    13.30    572 14390.95    2.75   -6.88     13.11
16  3504 19157.33   0.69 -34.48    13.36    553 16348.40    4.24   -6.59     11.57
24  1742 10256.03   0.12 -20.89    14.75    347 13566.60    3.29   -5.70     12.10
32   680  6568.16  -0.38 -37.02    18.53    155 11549.02    1.84   -6.73     12.90
 -- fill 1.0 thr 0.02 --
 k  is_n   is_fin  is_sh  is_dd  is_loss  oot_n  oot_fin  oot_sh  oot_dd  oot_loss
 0  3834 15808.10   0.52 -33.10    13.35    566  9929.13    0.05  -15.73     16.61
 1  3791 14389.56   0.42 -34.03    13.72    565 10059.90    0.12  -15.15     16.28
 2  3744 13723.71   0.37 -34.31    13.84    561 10755.61    0.53  -11.87     16.04
 4  3636 13849.24   0.38 -37.45    13.92    556  9965.18    0.06  -15.24     16.91
 6  3487 14973.69   0.46 -37.40    14.11    544 10211.86    0.21  -14.63     16.54
 8  3333 15389.24   0.47 -39.14    13.95    531 10026.02    0.10  -20.33     16.57
12  2469 13063.15   0.34 -38.26    14.01    398 11465.01    1.19  -11.55     14.82
16   852  9707.81   0.02 -23.47    14.44    149 11298.13    1.63   -6.14     12.08
24    73 10003.65  -0.04  -5.84    10.96     42 10396.75    1.65   -2.45     14.29
32    23  9994.71  -0.07  -2.27    13.04     14 10296.03    1.94   -0.82      7.14

=== G on P_real, DKL = D_r_iv_H ===
 IS : loss [0.083, 0.143, 0.2, 0.229, 0.057]  realized-minus-belief [-0.059, 0.026, 0.032, 0.076, -0.046]  EV [0.0006, 0.0009, 0.0018, 0.001, 0.0027]
 OOT: loss [0.0, 0.143, 0.375, 0.143, 0.0]  realized-minus-belief [-0.188, 0.015, 0.194, 0.112, 0.042]  EV [0.0017, 0.0003, 0.0006, 0.0027, 0.0068]
 -- fill 1.1 thr 0.02 --
 k  is_n   is_fin  is_sh  is_dd  is_loss  oot_n  oot_fin  oot_sh  oot_dd  oot_loss
 0  3834 25422.44   1.17 -22.74    13.35    566 11658.87    0.99  -10.16     16.61
 1  3834 25422.44   1.17 -22.74    13.35    566 11658.87    0.99  -10.16     16.61
 2  3834 25422.44   1.17 -22.74    13.35    566 11658.87    0.99  -10.16     16.61
 4  3834 25422.44   1.17 -22.74    13.35    566 11658.87    0.99  -10.16     16.61
 6  3834 25422.44   1.17 -22.74    13.35    566 11658.87    0.99  -10.16     16.61
 8  3834 25422.44   1.17 -22.74    13.35    566 11658.87    0.99  -10.16     16.61
12  3834 25422.44   1.17 -22.74    13.35    566 11658.87    0.99  -10.16     16.61
16  3834 25422.44   1.17 -22.74    13.35    566 11738.67    1.03  -10.16     16.61
24  3834 25422.44   1.17 -22.74    13.35    566 11738.67    1.03  -10.16     16.61
32  3834 25422.44   1.17 -22.74    13.35    566 11738.67    1.03  -10.16     16.61
 -- fill 1.1 thr 0.01 --
 k  is_n   is_fin  is_sh  is_dd  is_loss  oot_n  oot_fin  oot_sh  oot_dd  oot_loss
 0  4300 26478.40   1.23 -21.52    12.98    579 11867.20    1.08  -10.04     16.23
 1  4300 26478.40   1.23 -21.52    12.98    579 11867.20    1.08  -10.04     16.23
 2  4300 26478.40   1.23 -21.52    12.98    579 11867.20    1.08  -10.04     16.23
 4  4300 26478.40   1.23 -21.52    12.98    579 11867.20    1.08  -10.04     16.23
 6  4300 26478.40   1.23 -21.52    12.98    579 11867.20    1.08  -10.04     16.23
 8  4300 26478.40   1.23 -21.52    12.98    579 11867.20    1.08  -10.04     16.23
12  4300 26478.40   1.23 -21.52    12.98    579 11867.20    1.08  -10.04     16.23
16  4300 26478.40   1.23 -21.52    12.98    579 11947.00    1.12  -10.04     16.23
24  4300 26478.40   1.23 -21.52    12.98    579 11947.00    1.12  -10.04     16.23
32  4300 26478.40   1.23 -21.52    12.98    579 11947.00    1.12  -10.04     16.23
 -- fill 1.0 thr 0.02 --
 k  is_n   is_fin  is_sh  is_dd  is_loss  oot_n  oot_fin  oot_sh  oot_dd  oot_loss
 0  3834 15808.10   0.52 -33.10    13.35    566  9929.13    0.05  -15.73     16.61
 1  3834 15808.10   0.52 -33.10    13.35    566  9929.13    0.05  -15.73     16.61
 2  3834 15808.10   0.52 -33.10    13.35    566  9929.13    0.05  -15.73     16.61
 4  3834 15808.10   0.52 -33.10    13.35    566  9929.13    0.05  -15.73     16.61
 6  3834 15808.10   0.52 -33.10    13.35    566  9929.13    0.05  -15.73     16.61
 8  3834 15808.10   0.52 -33.10    13.35    566  9929.13    0.05  -15.73     16.61
12  3834 15808.10   0.52 -33.10    13.35    566  9929.13    0.05  -15.73     16.61
16  3834 15808.10   0.52 -33.10    13.35    566 10007.50    0.10  -15.73     16.61
24  3834 15808.10   0.52 -33.10    13.35    566 10007.50    0.10  -15.73     16.61
32  3834 15808.10   0.52 -33.10    13.35    566 10007.50    0.10  -15.73     16.61

=== G on P_real, DKL = D_iv_r ===
 IS : loss [0.137, 0.115, 0.106, 0.096, 0.102]  realized-minus-belief [0.046, 0.052, 0.058, 0.066, 0.094]  EV [0.0022, 0.0054, 0.0116, 0.0248, 0.0747]
 OOT: loss [0.101, 0.107, 0.114, 0.089, 0.115]  realized-minus-belief [-0.0, 0.033, 0.059, 0.048, 0.101]  EV [0.0024, 0.0055, 0.0106, 0.0186, 0.0583]
 -- fill 1.1 thr 0.02 --
 k  is_n   is_fin  is_sh  is_dd  is_loss  oot_n  oot_fin  oot_sh  oot_dd  oot_loss
 0  3834 25422.44   1.17 -22.74    13.35    566 11658.87    0.99  -10.16     16.61
 1  3765 22719.97   0.98 -25.22    14.00    562 12381.47    1.47   -8.43     15.84
 2  3684 21742.84   0.86 -34.24    14.25    559 11799.61    1.16   -9.90     16.82
 4  3402 24643.71   1.15 -22.71    13.96    541 11425.51    0.90  -12.38     17.01
 6  2830 18441.37   0.67 -32.30    14.88    488 11071.19    0.75  -17.42     17.42
 8  2026 11204.75   0.20 -30.81    16.63    372 12720.69    2.14   -8.97     16.13
12   680 12203.53   0.38 -13.87    15.29    135 11933.98    2.36   -5.81     13.33
16   166 10967.80   0.46  -4.35    12.65     57 10570.41    1.49   -2.43     15.79
24    33 10085.11   0.03  -2.54    12.12     16 10544.57    2.86   -0.56      6.25
32    16  9970.81  -0.17  -2.05    18.75      9 10175.90    1.23   -0.81     11.11
 -- fill 1.1 thr 0.01 --
 k  is_n   is_fin  is_sh  is_dd  is_loss  oot_n  oot_fin  oot_sh  oot_dd  oot_loss
 0  4300 26478.40   1.23 -21.52    12.98    579 11867.20    1.08  -10.04     16.23
 1  4277 24616.62   1.10 -25.04    13.44    579 12707.80    1.64   -8.13     15.54
 2  4243 23609.31   0.98 -32.42    13.62    579 12161.90    1.36   -9.48     16.41
 4  4160 25765.40   1.14 -24.43    13.29    577 11960.88    1.18  -10.42     16.46
 6  4022 20343.94   0.75 -31.28    13.63    572 12285.72    1.41  -11.29     15.91
 8  3757 20614.21   0.80 -27.81    13.65    566 14414.93    2.63  -11.25     13.96
12  2912 14799.61   0.47 -24.60    14.84    528 15127.65    3.35   -9.01     12.88
16  2012  8971.62  -0.01 -36.38    15.81    423 14574.36    3.16  -12.13     13.00
24   811  7298.53  -0.22 -33.15    18.37    177 11810.92    1.99   -5.92     12.99
32   288  9437.76  -0.15  -9.52    17.71     91 11061.01    2.04   -4.57     15.38
 -- fill 1.0 thr 0.02 --
 k  is_n   is_fin  is_sh  is_dd  is_loss  oot_n  oot_fin  oot_sh  oot_dd  oot_loss
 0  3834 15808.10   0.52 -33.10    13.35    566  9929.13    0.05  -15.73     16.61
 1  3765 13156.45   0.34 -35.90    14.00    562 10634.72    0.45  -13.46     15.84
 2  3684 12241.63   0.27 -46.03    14.25    559 10021.07    0.09  -15.47     16.82
 4  3402 15819.55   0.53 -31.49    13.96    541  9656.43   -0.10  -22.09     17.01
 6  2830 10865.56   0.19 -43.67    14.88    488  9407.79   -0.29  -26.58     17.42
 8  2026  5496.24  -0.20 -59.10    16.63    372 11448.22    1.18  -12.62     16.13
12   680 10200.28   0.09 -18.71    15.29    135 11485.04    1.82   -6.45     13.33
16   166 10550.71   0.26  -5.60    12.65     57 10413.45    1.09   -2.62     15.79
24    33 10002.15  -0.06  -2.63    12.12     16 10485.65    2.76   -0.60      6.25
32    16  9933.15  -0.23  -2.13    18.75      9 10150.50    1.04   -0.82     11.11

=== G on P_real, DKL = D_r_cred ===
 IS : loss [0.097, 0.106, 0.111, 0.113, 0.128]  realized-minus-belief [0.024, 0.044, 0.061, 0.073, 0.113]  EV [0.0003, 0.0023, 0.0079, 0.0224, 0.0858]
 OOT: loss [0.091, 0.095, 0.098, 0.095, 0.145]  realized-minus-belief [0.014, 0.024, 0.036, 0.049, 0.115]  EV [0.0003, 0.0022, 0.0066, 0.0172, 0.069]
 -- fill 1.1 thr 0.02 --
 k  is_n   is_fin  is_sh  is_dd  is_loss  oot_n  oot_fin  oot_sh  oot_dd  oot_loss
 0  3834 25422.44   1.17 -22.74    13.35    566 11658.87    0.99  -10.16     16.61
 1  3813 24700.51   1.13 -21.68    13.51    566 11668.83    1.00  -10.08     16.61
 2  3789 24631.74   1.14 -21.26    13.54    565 11697.35    1.01  -10.05     16.46
 4  3753 24081.96   1.13 -22.54    13.67    562 10904.19    0.60  -12.54     17.08
 6  3686 22874.25   1.07 -22.19    13.65    558 10772.66    0.55  -11.60     16.49
 8  3574 22233.80   1.07 -19.68    13.51    551  9289.61   -0.32  -22.09     17.42
12  3039 25963.38   1.55 -13.47    12.44    519 11395.43    0.88  -16.45     15.61
16   889 14558.65   0.97  -9.18    13.84    199  9229.66   -0.91  -16.33     19.10
24     0 10000.00   0.00   0.00     0.00      0 10000.00    0.00    0.00      0.00
32     0 10000.00   0.00   0.00     0.00      0 10000.00    0.00    0.00      0.00
 -- fill 1.1 thr 0.01 --
 k  is_n   is_fin  is_sh  is_dd  is_loss  oot_n  oot_fin  oot_sh  oot_dd  oot_loss
 0  4300 26478.40   1.23 -21.52    12.98    579 11867.20    1.08  -10.04     16.23
 1  4293 26215.26   1.23 -20.18    13.07    579 11877.16    1.08  -10.03     16.23
 2  4287 26227.04   1.23 -21.64    13.09    579 11950.64    1.12   -9.97     16.06
 4  4275 25639.63   1.22 -22.70    13.19    579 11271.88    0.79  -12.33     16.58
 6  4263 24540.94   1.17 -23.30    13.16    579 10924.05    0.62  -11.62     16.06
 8  4248 23677.81   1.15 -19.96    12.97    579  9508.33   -0.17  -21.47     16.93
12  4180 27731.78   1.46 -18.58    11.96    577 11837.99    1.08  -14.86     14.90
16  4032 26947.00   1.57  -9.92    11.36    576 11806.33    1.08  -18.16     13.89
24  3377 19256.95   0.91 -13.16    11.93    565 11670.58    1.08  -12.81     12.21
32  1083  7597.10  -0.27 -40.61    17.54    297 11113.03    1.11   -5.33     16.16
 -- fill 1.0 thr 0.02 --
 k  is_n   is_fin  is_sh  is_dd  is_loss  oot_n  oot_fin  oot_sh  oot_dd  oot_loss
 0  3834 15808.10   0.52 -33.10    13.35    566  9929.13    0.05  -15.73     16.61
 1  3813 15123.62   0.48 -31.97    13.51    566  9938.19    0.06  -15.65     16.61
 2  3789 15109.05   0.48 -31.50    13.54    565  9964.12    0.07  -15.61     16.46
 4  3753 14704.39   0.45 -32.69    13.67    562  9180.96   -0.38  -18.64     17.08
 6  3686 13792.29   0.39 -32.24    13.65    558  9055.49   -0.50  -19.67     16.49
 8  3574 13649.31   0.40 -28.60    13.51    551  7598.87   -1.20  -33.98     17.42
12  3039 18870.97   0.92 -16.54    12.44    519  9908.89    0.06  -22.29     15.61
16   889 12426.37   0.54  -9.82    13.84    199  8629.33   -1.51  -20.30     19.10
24     0 10000.00   0.00   0.00     0.00      0 10000.00    0.00    0.00      0.00
32     0 10000.00   0.00   0.00     0.00      0 10000.00    0.00    0.00      0.00

=== G on P_real, DKL = D_r_cred_S ===
 IS : loss [0.097, 0.106, 0.111, 0.113, 0.128]  realized-minus-belief [0.024, 0.044, 0.061, 0.073, 0.113]  EV [0.0003, 0.0023, 0.0079, 0.0224, 0.0858]
 OOT: loss [0.091, 0.095, 0.098, 0.095, 0.145]  realized-minus-belief [0.014, 0.024, 0.036, 0.049, 0.115]  EV [0.0003, 0.0022, 0.0066, 0.0172, 0.069]
 -- fill 1.1 thr 0.02 --
 k  is_n   is_fin  is_sh  is_dd  is_loss  oot_n  oot_fin  oot_sh  oot_dd  oot_loss
 0  3834 25422.44   1.17 -22.74    13.35    566 11658.87    0.99  -10.16     16.61
 1  3813 24700.51   1.13 -21.68    13.51    566 11668.83    1.00  -10.08     16.61
 2  3789 24631.74   1.14 -21.26    13.54    565 11697.35    1.01  -10.05     16.46
 4  3753 24081.96   1.13 -22.54    13.67    562 10904.19    0.60  -12.54     17.08
 6  3686 22874.25   1.07 -22.19    13.65    558 10772.66    0.55  -11.60     16.49
 8  3574 22233.80   1.07 -19.68    13.51    551  9289.61   -0.32  -22.09     17.42
12  3039 25963.38   1.55 -13.47    12.44    519 11395.43    0.88  -16.45     15.61
16   889 14558.65   0.97  -9.18    13.84    199  9229.66   -0.91  -16.33     19.10
24     0 10000.00   0.00   0.00     0.00      0 10000.00    0.00    0.00      0.00
32     0 10000.00   0.00   0.00     0.00      0 10000.00    0.00    0.00      0.00
 -- fill 1.1 thr 0.01 --
 k  is_n   is_fin  is_sh  is_dd  is_loss  oot_n  oot_fin  oot_sh  oot_dd  oot_loss
 0  4300 26478.40   1.23 -21.52    12.98    579 11867.20    1.08  -10.04     16.23
 1  4293 26215.26   1.23 -20.18    13.07    579 11877.16    1.08  -10.03     16.23
 2  4287 26227.04   1.23 -21.64    13.09    579 11950.64    1.12   -9.97     16.06
 4  4275 25639.63   1.22 -22.70    13.19    579 11271.88    0.79  -12.33     16.58
 6  4263 24540.94   1.17 -23.30    13.16    579 10924.05    0.62  -11.62     16.06
 8  4248 23677.81   1.15 -19.96    12.97    579  9508.33   -0.17  -21.47     16.93
12  4180 27731.78   1.46 -18.58    11.96    577 11837.99    1.08  -14.86     14.90
16  4032 26947.00   1.57  -9.92    11.36    576 11806.33    1.08  -18.16     13.89
24  3377 19256.95   0.91 -13.16    11.93    565 11670.58    1.08  -12.81     12.21
32  1083  7597.10  -0.27 -40.61    17.54    297 11113.03    1.11   -5.33     16.16
 -- fill 1.0 thr 0.02 --
 k  is_n   is_fin  is_sh  is_dd  is_loss  oot_n  oot_fin  oot_sh  oot_dd  oot_loss
 0  3834 15808.10   0.52 -33.10    13.35    566  9929.13    0.05  -15.73     16.61
 1  3813 15123.62   0.48 -31.97    13.51    566  9938.19    0.06  -15.65     16.61
 2  3789 15109.05   0.48 -31.50    13.54    565  9964.12    0.07  -15.61     16.46
 4  3753 14704.39   0.45 -32.69    13.67    562  9180.96   -0.38  -18.64     17.08
 6  3686 13792.29   0.39 -32.24    13.65    558  9055.49   -0.50  -19.67     16.49
 8  3574 13649.31   0.40 -28.60    13.51    551  7598.87   -1.20  -33.98     17.42
12  3039 18870.97   0.92 -16.54    12.44    519  9908.89    0.06  -22.29     15.61
16   889 12426.37   0.54  -9.82    13.84    199  8629.33   -1.51  -20.30     19.10
24     0 10000.00   0.00   0.00     0.00      0 10000.00    0.00    0.00      0.00
32     0 10000.00   0.00   0.00     0.00      0 10000.00    0.00    0.00      0.00

=== G on P_real, DKL = D_cred_r ===
 IS : loss [0.097, 0.107, 0.111, 0.115, 0.125]  realized-minus-belief [0.024, 0.045, 0.06, 0.075, 0.111]  EV [0.0003, 0.0023, 0.0079, 0.0225, 0.0857]
 OOT: loss [0.091, 0.095, 0.098, 0.096, 0.144]  realized-minus-belief [0.014, 0.024, 0.036, 0.05, 0.116]  EV [0.0003, 0.0022, 0.0066, 0.0172, 0.0689]
 -- fill 1.1 thr 0.02 --
 k  is_n   is_fin  is_sh  is_dd  is_loss  oot_n  oot_fin  oot_sh  oot_dd  oot_loss
 0  3834 25422.44   1.17 -22.74    13.35    566 11658.87    0.99  -10.16     16.61
 1  3805 25151.08   1.16 -25.27    13.51    565 11259.55    0.78  -11.88     16.46
 2  3784 23878.45   1.10 -23.56    13.64    565 10659.61    0.47  -12.21     16.81
 4  3674 24082.41   1.09 -27.28    13.53    558 10463.88    0.35  -14.86     16.85
 6  3379 24190.90   1.19 -20.88    12.84    545 11977.53    1.21  -16.46     15.60
 8  2914 20099.02   0.94 -19.54    13.59    525 11990.71    1.24  -12.92     15.43
12  1018 14372.59   0.67 -12.90    16.90    236 10325.53    0.25  -13.25     18.64
16     0 10000.00   0.00   0.00     0.00      0 10000.00    0.00    0.00      0.00
24     0 10000.00   0.00   0.00     0.00      0 10000.00    0.00    0.00      0.00
32     0 10000.00   0.00   0.00     0.00      0 10000.00    0.00    0.00      0.00
 -- fill 1.1 thr 0.01 --
 k  is_n   is_fin  is_sh  is_dd  is_loss  oot_n  oot_fin  oot_sh  oot_dd  oot_loss
 0  4300 26478.40   1.23 -21.52    12.98    579 11867.20    1.08  -10.04     16.23
 1  4292 26766.18   1.26 -23.82    13.05    579 11512.84    0.90  -11.80     16.06
 2  4287 25597.27   1.20 -23.76    13.18    579 10912.90    0.60  -12.21     16.41
 4  4267 25317.45   1.16 -28.79    13.03    579 10663.40    0.46  -14.56     16.41
 6  4220 25990.17   1.27 -22.61    12.27    578 12442.31    1.43  -15.71     14.88
 8  4143 26152.50   1.31 -20.32    11.90    578 12878.87    1.69  -10.82     14.36
12  3899 24387.44   1.31 -13.59    11.82    575 12384.50    1.32  -16.40     14.26
16  3576 16120.16   0.61 -16.30    12.84    567 12364.28    1.37  -14.36     13.58
24  2205  6479.20  -0.23 -50.59    15.96    494 10715.15    0.52  -14.15     14.78
32     3 10181.57   0.51   0.00     0.00      0 10000.00    0.00    0.00      0.00
 -- fill 1.0 thr 0.02 --
 k  is_n   is_fin  is_sh  is_dd  is_loss  oot_n  oot_fin  oot_sh  oot_dd  oot_loss
 0  3834 15808.10   0.52 -33.10    13.35    566  9929.13    0.05  -15.73     16.61
 1  3805 15571.91   0.50 -36.08    13.51    565  9529.94   -0.17  -18.24     16.46
 2  3784 14395.64   0.43 -34.08    13.64    565  8909.63   -0.56  -19.80     16.81
 4  3674 15040.79   0.46 -37.79    13.53    558  8733.22   -0.66  -24.36     16.85
 6  3379 15921.00   0.56 -30.01    12.84    545 10307.69    0.26  -23.05     15.60
 8  2914 12823.48   0.34 -29.38    13.59    525 10375.32    0.32  -19.85     15.43
12  1018 11339.16   0.25 -14.18    16.90    236  9468.30   -0.37  -17.84     18.64
16     0 10000.00   0.00   0.00     0.00      0 10000.00    0.00    0.00      0.00
24     0 10000.00   0.00   0.00     0.00      0 10000.00    0.00    0.00      0.00
32     0 10000.00   0.00   0.00     0.00      0 10000.00    0.00    0.00      0.00

=== G on P_real, DKL = D_cert_iv ===
 IS : loss [0.054, 0.101, 0.13, 0.12, 0.151]  realized-minus-belief [0.031, 0.057, 0.076, 0.063, 0.088]  EV [0.0164, 0.0194, 0.0214, 0.0238, 0.0375]
 OOT: loss [0.053, 0.07, 0.124, 0.135, 0.142]  realized-minus-belief [0.027, 0.016, 0.058, 0.065, 0.074]  EV [0.0131, 0.0141, 0.016, 0.0176, 0.0345]
 -- fill 1.1 thr 0.02 --
 k  is_n   is_fin  is_sh  is_dd  is_loss  oot_n  oot_fin  oot_sh  oot_dd  oot_loss
 0  3834 25422.44   1.17 -22.74    13.35    566 11658.87    0.99  -10.16     16.61
 1  3626 24243.79   1.13 -22.91    13.43    554 10925.92    0.63  -13.85     17.33
 2  3376 24211.23   1.11 -22.83    13.33    528 11050.44    0.75  -12.90     17.23
 4  2803 22340.37   1.12 -19.73    13.41    434 11106.68    0.95  -13.03     17.51
 6  1969 18436.67   1.04 -18.61    12.95    252  9941.89   -0.03  -15.49     17.86
 8   916 17262.40   1.48  -7.46     9.72     84 10906.13    2.93   -2.30      9.52
12     9 10105.15   1.18   0.00     0.00      3 10050.45    1.61   -0.37      0.00
16     0 10000.00   0.00   0.00     0.00      0 10000.00    0.00    0.00      0.00
24     0 10000.00   0.00   0.00     0.00      0 10000.00    0.00    0.00      0.00
32     0 10000.00   0.00   0.00     0.00      0 10000.00    0.00    0.00      0.00
 -- fill 1.1 thr 0.01 --
 k  is_n   is_fin  is_sh  is_dd  is_loss  oot_n  oot_fin  oot_sh  oot_dd  oot_loss
 0  4300 26478.40   1.23 -21.52    12.98    579 11867.20    1.08  -10.04     16.23
 1  4173 25130.64   1.16 -23.58    12.99    577 11105.95    0.72  -13.47     16.81
 2  4009 25008.57   1.11 -27.82    12.87    575 11336.38    0.87  -11.85     16.35
 4  3624 24605.27   1.16 -22.63    12.80    555 11799.15    1.26  -11.47     16.22
 6  3114 22487.10   1.09 -25.24    12.75    494  9992.05    0.06  -18.34     16.80
 8  2405 20729.38   1.14 -19.79    11.73    350 10881.34    0.85  -15.15     16.29
12   654 16235.03   1.89  -5.30     6.73     62 10839.60    4.74   -0.38      4.84
16    36 10479.23   2.21   0.00     0.00      6 10050.44    0.91   -0.37      0.00
24     0 10000.00   0.00   0.00     0.00      0 10000.00    0.00    0.00      0.00
32     0 10000.00   0.00   0.00     0.00      0 10000.00    0.00    0.00      0.00
 -- fill 1.0 thr 0.02 --
 k  is_n   is_fin  is_sh  is_dd  is_loss  oot_n  oot_fin  oot_sh  oot_dd  oot_loss
 0  3834 15808.10   0.52 -33.10    13.35    566  9929.13    0.05  -15.73     16.61
 1  3626 15211.25   0.49 -32.47    13.43    554  9254.45   -0.36  -19.69     17.33
 2  3376 15749.04   0.52 -31.79    13.33    528  9476.13   -0.24  -18.39     17.23
 4  2803 15320.33   0.54 -26.00    13.41    434  9838.10   -0.08  -17.96     17.51
 6  1969 13640.58   0.49 -22.00    12.95    252  9224.13   -0.76  -18.06     17.86
 8   916 15077.76   1.05  -8.49     9.72     84 10704.94    2.37   -2.74      9.52
12     9 10095.58   1.18   0.00     0.00      3 10041.69    1.61   -0.38      0.00
16     0 10000.00   0.00   0.00     0.00      0 10000.00    0.00    0.00      0.00
24     0 10000.00   0.00   0.00     0.00      0 10000.00    0.00    0.00      0.00
32     0 10000.00   0.00   0.00     0.00      0 10000.00    0.00    0.00      0.00
