daily closes: 169,696 rows, 511 names, 2020-01-02..2026-08-21
candidates 144,476; belief coverage 93.1%; realized loss share 0.131 vs P_real 0.147 (market 0.162, 52:10 P_emp 0.121)
corr(EV_real, EV_52:10) 0.382; corr(EV_real, EV_cal) 0.190

########## fill 1.1x model credit — G on P_real (name's realized moves vs these strikes, 252d) ##########
k=0 thr 0.01:
 k  is_n   is_fin  is_sh  is_dd  is_loss  oot_n  oot_fin  oot_sh  oot_dd  oot_loss
 0  4300 26478.40   1.23 -21.52    12.98    579 11867.20    1.08  -10.04     16.23
k=0 thr 0.02:
 k  is_n   is_fin  is_sh  is_dd  is_loss  oot_n  oot_fin  oot_sh  oot_dd  oot_loss
 0  3834 25422.44   1.17 -22.74    13.35    566 11658.87    0.99  -10.16     16.61
k=0 thr 0.05:
 k  is_n   is_fin  is_sh  is_dd  is_loss  oot_n  oot_fin  oot_sh  oot_dd  oot_loss
 0  2812 21558.38   1.02 -20.96    14.40    441 11574.17    1.07   -9.39     17.69

=== DKL = D_rec, thr 0.02 ===
 IS : n0=63626 loss [0.103, 0.106, 0.117, 0.108, 0.11] excess [0.067, 0.064, 0.077, 0.067, 0.057] EV [0.032, 0.027, 0.0288, 0.0242, 0.0209]
 OOT: n0=4359 loss [0.124, 0.104, 0.085, 0.099, 0.103] excess [0.069, 0.057, 0.034, 0.045, 0.051] EV [0.0235, 0.0189, 0.0221, 0.0166, 0.0198]
 k  is_n   is_fin  is_sh  is_dd  is_loss  oot_n  oot_fin  oot_sh  oot_dd  oot_loss
 0  3834 25422.44   1.17 -22.74    13.35    566 11658.87    0.99  -10.16     16.61
 2  3760 23742.70   1.08 -25.25    13.72    562 11862.65    1.09  -12.27     16.55
 4  3700 24828.27   1.12 -25.20    13.65    556 11640.37    0.95  -11.34     16.37
 8  3589 23904.05   1.12 -23.61    13.90    539 10722.10    0.46  -15.53     16.70
16  3429 21886.56   0.95 -27.67    14.14    513 10975.93    0.61  -14.36     16.76
32  3135 16317.87   0.58 -27.40    14.80    472 10316.57    0.27  -19.92     16.95

=== DKL = D_rec_u, thr 0.02 ===
 IS : n0=2290 loss [0.106, 0.107, 0.114, 0.115, 0.113] excess [0.065, 0.061, 0.066, 0.062, 0.061] EV [0.0293, 0.024, 0.0226, 0.0221, 0.0205]
 OOT: n0=0 loss [0.113, 0.116, 0.089, 0.102, 0.104] excess [0.056, 0.06, 0.033, 0.037, 0.054] EV [0.0225, 0.0182, 0.0196, 0.0158, 0.0192]
 k  is_n   is_fin  is_sh  is_dd  is_loss  oot_n  oot_fin  oot_sh  oot_dd  oot_loss
 0  3834 25422.44   1.17 -22.74    13.35    566 11658.87    0.99  -10.16     16.61
 2  3739 23965.27   1.12 -22.38    13.61    561 11857.26    1.08  -12.27     16.40
 4  3663 25308.43   1.20 -22.05    13.49    555 11972.80    1.10  -10.95     16.22
 8  3499 23670.03   1.18 -21.09    13.75    536 10842.33    0.51  -15.26     16.23
16  3263 20938.52   0.98 -24.57    13.97    496 11211.94    0.75  -13.16     16.33
32  2794 15946.67   0.60 -30.19    14.35    428 10522.81    0.39  -14.57     17.29

=== DKL = D_lg, thr 0.02 ===
 IS : n0=98292 loss [0.114, 0.115, 0.101, 0.117, 0.137] excess [0.06, 0.06, 0.047, 0.062, 0.063] EV [0.0232, 0.0245, 0.0272, 0.0245, 0.017]
 OOT: n0=4372 loss [0.103, 0.104, 0.101, 0.084, 0.101] excess [0.043, 0.053, 0.056, 0.026, 0.024] EV [0.0192, 0.0196, 0.0194, 0.0166, 0.0129]
 k  is_n   is_fin  is_sh  is_dd  is_loss  oot_n  oot_fin  oot_sh  oot_dd  oot_loss
 0  3834 25422.44   1.17 -22.74    13.35    566 11658.87    0.99  -10.16     16.61
 2  3833 25419.16   1.17 -22.74    13.36    566 11650.83    0.99  -10.09     16.61
 4  3831 25482.48   1.17 -22.74    13.31    566 11586.33    0.96  -11.69     16.61
 8  3827 25433.98   1.17 -22.74    13.33    566 11600.91    0.96  -11.67     16.61
16  3820 25234.90   1.16 -23.05    13.32    564 11691.64    1.02   -9.19     16.67
32  3807 25224.12   1.16 -23.05    13.34    562 12093.66    1.22   -8.25     16.37

=== DKL = D_mkt, thr 0.02 ===
 IS : n0=65605 loss [0.108, 0.107, 0.13, 0.128, 0.096] excess [0.058, 0.061, 0.089, 0.086, 0.053] EV [0.0242, 0.0241, 0.0233, 0.0223, 0.0254]
 OOT: n0=2312 loss [0.113, 0.113, 0.104, 0.088, 0.089] excess [0.061, 0.052, 0.054, 0.027, 0.032] EV [0.0168, 0.0173, 0.0196, 0.0208, 0.0216]
 k  is_n   is_fin  is_sh  is_dd  is_loss  oot_n  oot_fin  oot_sh  oot_dd  oot_loss
 0  3834 25422.44   1.17 -22.74    13.35    566 11658.87    0.99  -10.16     16.61
 4  3794 25388.69   1.18 -20.46    13.42    564 11577.29    0.95  -10.23     16.67
 8  3744 24427.44   1.12 -20.74    13.57    559 11456.56    0.88  -10.65     16.82
16  3619 23822.69   1.09 -20.36    13.68    534 11435.63    0.92  -10.35     16.85
32  3251 22772.38   1.14 -17.44    13.81    457 10730.62    0.52  -13.40     17.94
64  2795 20177.90   0.98 -18.64    13.88    252 10692.63    0.67   -6.95     17.86

########## fill 1.0x model credit — G on P_real (name's realized moves vs these strikes, 252d) ##########
k=0 thr 0.01:
 k  is_n   is_fin  is_sh  is_dd  is_loss  oot_n  oot_fin  oot_sh  oot_dd  oot_loss
 0  4300 15963.79   0.52 -32.12    12.98    579 10099.32    0.15  -15.48     16.23
k=0 thr 0.02:
 k  is_n   is_fin  is_sh  is_dd  is_loss  oot_n  oot_fin  oot_sh  oot_dd  oot_loss
 0  3834 15808.10   0.52 -33.10    13.35    566  9929.13    0.05  -15.73     16.61
k=0 thr 0.05:
 k  is_n   is_fin  is_sh  is_dd  is_loss  oot_n  oot_fin  oot_sh  oot_dd  oot_loss
 0  2812 14052.89   0.43 -28.66    14.40    441 10148.31    0.18  -14.26     17.69

=== DKL = D_rec, thr 0.02 ===
 k  is_n   is_fin  is_sh  is_dd  is_loss  oot_n  oot_fin  oot_sh  oot_dd  oot_loss
 0  3834 15808.10   0.52 -33.10    13.35    566  9929.13    0.05  -15.73     16.61
 2  3760 14267.72   0.42 -35.64    13.72    562 10199.78    0.20  -16.88     16.55
 4  3700 15456.78   0.49 -35.34    13.65    556  9996.41    0.10  -16.21     16.37
 8  3589 14754.33   0.46 -32.93    13.90    539  9142.04   -0.27  -24.19     16.70
16  3429 13091.32   0.34 -37.04    14.14    513  9449.25   -0.18  -22.69     16.76
32  3135  8195.62  -0.00 -47.71    14.80    472  8917.81   -0.40  -27.14     16.95

=== DKL = D_rec_u, thr 0.02 ===
 k  is_n   is_fin  is_sh  is_dd  is_loss  oot_n  oot_fin  oot_sh  oot_dd  oot_loss
 0  3834 15808.10   0.52 -33.10    13.35    566  9929.13    0.05  -15.73     16.61
 2  3739 14582.51   0.44 -32.30    13.61    561 10203.98    0.21  -16.88     16.40
 4  3663 16087.41   0.54 -31.31    13.49    555 10328.70    0.27  -14.44     16.22
 8  3499 14853.30   0.49 -29.19    13.75    536  9274.25   -0.20  -22.59     16.23
16  3263 12720.03   0.32 -32.55    13.97    496  9759.72   -0.02  -20.26     16.33
32  2794  8951.32   0.03 -47.73    14.35    428  9271.46   -0.33  -20.41     17.29

=== DKL = D_lg, thr 0.02 ===
 k  is_n   is_fin  is_sh  is_dd  is_loss  oot_n  oot_fin  oot_sh  oot_dd  oot_loss
 0  3834 15808.10   0.52 -33.10    13.35    566  9929.13    0.05  -15.73     16.61
 2  3833 15805.11   0.52 -33.10    13.36    566  9921.83    0.05  -15.67     16.61
 4  3831 15876.31   0.52 -33.10    13.31    566  9858.65    0.01  -17.34     16.61
 8  3827 15844.94   0.52 -33.10    13.33    566  9877.99    0.02  -17.31     16.61
16  3820 15685.39   0.51 -33.42    13.32    564 10000.70    0.09  -14.65     16.67
32  3807 15734.59   0.51 -33.42    13.34    562 10417.80    0.32  -13.35     16.37

=== DKL = D_mkt, thr 0.02 ===
 k  is_n   is_fin  is_sh  is_dd  is_loss  oot_n  oot_fin  oot_sh  oot_dd  oot_loss
 0  3834 15808.10   0.52 -33.10    13.35    566  9929.13    0.05  -15.73     16.61
 4  3794 15868.77   0.52 -30.47    13.42    564  9854.97    0.01  -15.84     16.67
 8  3744 15010.31   0.46 -30.81    13.57    559  9745.21   -0.05  -16.28     16.82
16  3619 14664.06   0.44 -30.01    13.68    534  9779.90   -0.05  -15.62     16.85
32  3251 14417.47   0.46 -25.26    13.81    457  9292.91   -0.37  -17.78     17.94
64  2795 12781.44   0.34 -26.97    13.88    252  9864.60   -0.13   -7.97     17.86
