  result = getattr(ufunc, method)(*inputs, **kwargs)
  result = getattr(ufunc, method)(*inputs, **kwargs)
  result = getattr(ufunc, method)(*inputs, **kwargs)
  result = getattr(ufunc, method)(*inputs, **kwargs)
  result = getattr(ufunc, method)(*inputs, **kwargs)
  result = getattr(ufunc, method)(*inputs, **kwargs)
  result = getattr(ufunc, method)(*inputs, **kwargs)
  result = getattr(ufunc, method)(*inputs, **kwargs)
rich vs the market's cheapest view on 87.6%; median nonzero D_rich 0.0099; cheapest view mix {'flat': 0.56, 'yest': 0.18, 'mirror': 0.16, 'back': 0.1}

=== REWARD exp(+k*D): G on P_emp 52:10, D = D_rich ===
 IS : n=39692 loss [0.134, 0.119, 0.11, 0.1, 0.077] realized-minus-belief [0.06, 0.054, 0.05, 0.043, 0.031] EV [0.0142, 0.0115, 0.0102, 0.0089, 0.0093]
 OOT: n=4917 loss [0.125, 0.115, 0.142, 0.125, 0.086] realized-minus-belief [0.042, 0.04, 0.061, 0.052, 0.036] EV [0.0167, 0.012, 0.0102, 0.0084, 0.0094]
 -- fill 1.1 thr 0.01 --
  k  is_n   is_fin  is_sh  is_dd  is_loss  oot_n  oot_fin  oot_sh  oot_dd  oot_loss
  0  5485 25310.66   1.27 -14.71    12.73    596 12260.27    1.48  -13.46     15.10
  2  5524 28288.06   1.49 -14.85    12.35    596 12616.17    1.55  -11.96     14.43
  4  5544 30183.13   1.60 -14.96    12.07    597 13111.27    1.96   -9.89     14.07
  8  5567 30985.19   1.68 -13.81    11.87    597 13488.41    2.18   -8.75     13.57
 16  5593 30640.76   1.69 -11.24    11.68    600 13332.82    2.09   -8.20     13.50
 32  5619 31540.84   1.76 -10.31    11.25    600 12562.14    1.61   -8.14     13.67
 64  5651 33112.88   1.97 -10.86    10.28    600 11647.32    0.96  -14.75     14.17
128  5686 30943.62   1.59 -17.63     8.79    600 11608.44    0.87  -19.73     12.83
 -- fill 1.0 thr 0.01 --
  k  is_n   is_fin  is_sh  is_dd  is_loss  oot_n  oot_fin  oot_sh  oot_dd  oot_loss
  0  5485 10776.11   0.15 -49.25    12.73    596 10184.88    0.37  -17.84     15.10
  2  5524 13813.34   0.39 -40.71    12.35    596 10569.08    0.45  -15.56     14.43
  4  5544 15798.58   0.54 -31.75    12.07    597 11080.03    0.77  -12.90     14.07
  8  5567 16736.53   0.62 -28.72    11.87    597 11472.57    0.96  -11.50     13.57
 16  5593 16579.41   0.62 -24.66    11.68    600 11302.17    0.86  -11.42     13.50
 32  5619 17885.63   0.74 -16.16    11.25    600 10545.65    0.41  -13.02     13.67
 64  5651 20264.54   0.94 -25.34    10.28    600  9653.50   -0.07  -21.75     14.17
128  5686 19427.87   0.78 -25.91     8.79    600  9770.20   -0.01  -25.40     12.83

=== REWARD exp(+k*D): G on P_emp 52:10, D = D_rich_flat ===
 IS : n=33547 loss [0.143, 0.113, 0.106, 0.091, 0.058] realized-minus-belief [0.061, 0.048, 0.045, 0.039, 0.028] EV [0.0156, 0.0111, 0.0092, 0.0078, 0.007]
 OOT: n=3825 loss [0.162, 0.136, 0.125, 0.111, 0.069] realized-minus-belief [0.066, 0.063, 0.046, 0.05, 0.031] EV [0.0172, 0.0121, 0.0096, 0.0081, 0.0058]
 -- fill 1.1 thr 0.01 --
  k  is_n   is_fin  is_sh  is_dd  is_loss  oot_n  oot_fin  oot_sh  oot_dd  oot_loss
  0  5485 25310.66   1.27 -14.71    12.73    596 12260.27    1.48  -13.46     15.10
  2  5507 28267.07   1.50 -14.38    12.46    596 12679.55    1.59  -12.72     14.60
  4  5521 29411.94   1.59 -14.59    12.26    596 12666.77    1.62  -12.74     14.60
  8  5530 29643.17   1.61 -15.55    12.08    596 13218.88    1.94  -10.44     13.93
 16  5549 29914.27   1.64 -14.16    11.79    597 12881.39    1.72   -9.08     14.07
 32  5566 30985.48   1.74 -10.40    11.37    598 12260.10    1.30  -12.21     14.38
 64  5611 33228.61   1.92 -11.90    10.27    600 12879.12    1.58  -15.49     13.67
128  5654 29740.53   1.56 -14.44     8.33    600 12364.60    1.34  -19.82     12.50
 -- fill 1.0 thr 0.01 --
  k  is_n   is_fin  is_sh  is_dd  is_loss  oot_n  oot_fin  oot_sh  oot_dd  oot_loss
  0  5485 10776.11   0.15 -49.25    12.73    596 10184.88    0.37  -17.84     15.10
  2  5507 13754.66   0.39 -38.75    12.46    596 10617.61    0.47  -16.21     14.60
  4  5521 14991.26   0.49 -32.29    12.26    596 10615.08    0.49  -16.22     14.60
  8  5530 15362.55   0.52 -33.26    12.08    596 11180.02    0.76  -13.65     13.93
 16  5549 15768.83   0.56 -29.88    11.79    597 10845.12    0.57  -14.92     14.07
 32  5566 17190.05   0.68 -27.19    11.37    598 10250.79    0.23  -19.41     14.38
 64  5611 20123.77   0.92 -22.62    10.27    600 10894.87    0.53  -23.07     13.67
128  5654 18185.81   0.71 -21.22     8.33    600 10583.22    0.38  -25.76     12.50

=== REWARD exp(+k*D): G on P_emp 52:10, D = D_rich_mirror ===
 IS : n=19955 loss [0.123, 0.116, 0.118, 0.094, 0.076] realized-minus-belief [0.055, 0.044, 0.047, 0.033, 0.026] EV [0.0127, 0.0118, 0.0095, 0.0091, 0.0082]
 OOT: n=2208 loss [0.143, 0.154, 0.122, 0.111, 0.104] realized-minus-belief [0.053, 0.075, 0.037, 0.041, 0.063] EV [0.0152, 0.0135, 0.012, 0.0088, 0.0076]
 -- fill 1.1 thr 0.01 --
  k  is_n   is_fin  is_sh  is_dd  is_loss  oot_n  oot_fin  oot_sh  oot_dd  oot_loss
  0  5485 25310.66   1.27 -14.71    12.73    596 12260.27    1.48  -13.46     15.10
  2  5494 25829.14   1.31 -14.83    12.61    596 12777.02    1.63  -12.77     14.43
  4  5501 26884.88   1.40 -14.53    12.49    596 13214.23    1.92  -12.31     14.09
  8  5507 26879.38   1.40 -13.13    12.37    596 13008.01    1.78  -12.55     14.09
 16  5519 27659.71   1.47 -11.75    12.25    598 13356.75    1.92  -12.05     13.71
 32  5536 28460.55   1.53 -13.12    11.94    599 13017.62    1.74  -11.03     13.86
 64  5549 30037.28   1.68 -12.30    11.30    599 12878.97    1.58  -11.07     13.19
128  5577 31029.36   1.52 -18.80    10.38    599 12659.60    1.42  -18.75     12.69
 -- fill 1.0 thr 0.01 --
  k  is_n   is_fin  is_sh  is_dd  is_loss  oot_n  oot_fin  oot_sh  oot_dd  oot_loss
  0  5485 10776.11   0.15 -49.25    12.73    596 10184.88    0.37  -17.84     15.10
  2  5494 11347.02   0.20 -47.01    12.61    596 10717.30    0.52  -16.29     14.43
  4  5501 12434.39   0.28 -44.39    12.49    596 11159.59    0.77  -15.63     14.09
  8  5507 12473.72   0.29 -44.76    12.37    596 10954.10    0.65  -15.96     14.09
 16  5519 13320.92   0.35 -40.46    12.25    598 11291.35    0.82  -15.34     13.71
 32  5536 14252.75   0.43 -36.26    11.94    599 10966.70    0.65  -15.03     13.86
 64  5549 16165.60   0.59 -32.46    11.30    599 10863.10    0.53  -18.40     13.19
128  5577 17778.85   0.66 -21.24    10.38    599 10720.88    0.44  -24.46     12.69

=== REWARD exp(+k*D): G on P_emp 52:10, D = D_rich_yest ===
 IS : n=17282 loss [0.123, 0.117, 0.116, 0.102, 0.073] realized-minus-belief [0.056, 0.054, 0.058, 0.049, 0.014] EV [0.0102, 0.0105, 0.0112, 0.0122, 0.014]
 OOT: n=1943 loss [0.113, 0.116, 0.103, 0.126, 0.095] realized-minus-belief [0.027, 0.052, 0.044, 0.065, 0.025] EV [0.0111, 0.0124, 0.0119, 0.013, 0.012]
 -- fill 1.1 thr 0.01 --
  k  is_n   is_fin  is_sh  is_dd  is_loss  oot_n  oot_fin  oot_sh  oot_dd  oot_loss
  0  5485 25310.66   1.27 -14.71    12.73    596 12260.27    1.48  -13.46     15.10
  2  5502 26637.64   1.37 -14.89    12.56    596 12299.50    1.50  -13.12     14.93
  4  5510 27061.59   1.40 -15.92    12.50    596 12329.51    1.52  -13.09     14.93
  8  5522 28759.07   1.52 -14.70    12.37    596 12220.92    1.45  -13.21     14.93
 16  5536 28822.91   1.51 -14.54    12.28    596 12264.45    1.49  -13.12     15.10
 32  5556 28222.01   1.43 -12.66    12.15    596 12314.04    1.53  -12.19     14.77
 64  5583 28712.14   1.52 -15.09    11.95    599 13017.38    1.95   -9.38     14.19
128  5609 30494.43   1.67 -14.39    11.52    600 13761.73    2.45   -7.30     13.83
 -- fill 1.0 thr 0.01 --
  k  is_n   is_fin  is_sh  is_dd  is_loss  oot_n  oot_fin  oot_sh  oot_dd  oot_loss
  0  5485 10776.11   0.15 -49.25    12.73    596 10184.88    0.37  -17.84     15.10
  2  5502 12110.14   0.26 -46.22    12.56    596 10227.65    0.39  -17.01     14.93
  4  5510 12515.78   0.29 -44.36    12.50    596 10255.57    0.40  -16.78     14.93
  8  5522 14193.78   0.42 -36.42    12.37    596 10156.86    0.35  -16.95     14.93
 16  5536 14320.79   0.43 -35.43    12.28    596 10205.49    0.38  -16.79     15.10
 32  5556 13843.41   0.38 -34.53    12.15    596 10251.42    0.40  -15.66     14.77
 64  5583 14537.37   0.44 -24.65    11.95    599 10974.32    0.81  -13.88     14.19
128  5609 16527.21   0.61 -25.93    11.52    600 11774.43    1.29  -10.54     13.83

=== REWARD exp(+k*D): G on P_real, D = D_rich ===
 IS : n=28442 loss [0.144, 0.12, 0.11, 0.097, 0.053] realized-minus-belief [0.077, 0.068, 0.06, 0.058, 0.029] EV [0.0234, 0.0222, 0.0209, 0.0209, 0.031]
 OOT: n=5933 loss [0.116, 0.126, 0.131, 0.083, 0.057] realized-minus-belief [0.037, 0.053, 0.069, 0.04, 0.038] EV [0.0223, 0.0169, 0.0144, 0.0158, 0.0242]
 -- fill 1.1 thr 0.01 --
  k  is_n   is_fin  is_sh  is_dd  is_loss  oot_n  oot_fin  oot_sh  oot_dd  oot_loss
  0  4300 26478.40   1.23 -21.52    12.98    579 11867.20    1.08  -10.04     16.23
  2  4348 27363.67   1.34 -20.97    12.63    579 11760.03    1.04   -9.57     15.72
  4  4379 26952.45   1.34 -20.24    12.33    581 12636.63    1.60   -7.45     14.97
  8  4415 28644.79   1.52 -17.13    11.60    581 12203.07    1.34   -9.11     14.97
 16  4460 29821.45   1.70 -14.32    11.14    584 11980.51    1.26   -7.08     14.04
 32  4514 29867.54   1.79 -11.38    10.57    585 11640.42    1.12   -9.02     12.99
 64  4594 30262.17   1.99 -10.72     9.69    588 12161.53    1.53   -9.45     10.88
128  4686 31093.04   2.10 -10.05     8.75    590 11511.12    1.09   -9.43      8.47
 -- fill 1.0 thr 0.01 --
  k  is_n   is_fin  is_sh  is_dd  is_loss  oot_n  oot_fin  oot_sh  oot_dd  oot_loss
  0  4300 15963.79   0.52 -32.12    12.98    579 10099.32    0.15  -15.48     16.23
  2  4348 17013.56   0.61 -30.85    12.63    579 10044.16    0.12  -15.46     15.72
  4  4379 16741.74   0.61 -29.88    12.33    581 10969.81    0.64  -12.25     14.97
  8  4415 18656.62   0.77 -25.80    11.60    581 10569.57    0.41  -13.98     14.97
 16  4460 20034.75   0.92 -22.16    11.14    584 10390.79    0.31  -11.73     14.04
 32  4514 20385.78   1.00 -17.40    10.57    585 10161.29    0.17  -12.02     12.99
 64  4594 21242.73   1.17 -15.89     9.69    588 10810.82    0.61  -12.56     10.88
128  4686 22645.86   1.31 -12.93     8.75    590 10350.35    0.30  -11.57      8.47

=== REWARD exp(+k*D): G on P_real, D = D_rich_flat ===
 IS : n=24211 loss [0.154, 0.109, 0.101, 0.08, 0.036] realized-minus-belief [0.084, 0.051, 0.056, 0.044, 0.018] EV [0.0338, 0.0192, 0.0152, 0.0123, 0.0232]
 OOT: n=5038 loss [0.158, 0.12, 0.102, 0.093, 0.04] realized-minus-belief [0.078, 0.047, 0.042, 0.054, 0.024] EV [0.0292, 0.0182, 0.0136, 0.0104, 0.0147]
 -- fill 1.1 thr 0.01 --
  k  is_n   is_fin  is_sh  is_dd  is_loss  oot_n  oot_fin  oot_sh  oot_dd  oot_loss
  0  4300 26478.40   1.23 -21.52    12.98    579 11867.20    1.08  -10.04     16.23
  2  4332 27677.81   1.33 -19.82    12.51    579 12458.93    1.46   -7.80     15.89
  4  4358 27463.92   1.37 -20.00    12.32    579 12260.84    1.33   -9.11     15.89
  8  4380 28177.37   1.44 -16.83    11.89    579 12241.81    1.34   -9.10     15.54
 16  4412 28230.20   1.49 -19.03    11.56    580 11804.55    1.13  -12.61     15.00
 32  4453 29153.58   1.67 -13.00    10.94    581 11547.62    1.00  -11.43     13.77
 64  4524 29014.72   1.73 -11.57     9.75    584 13140.22    2.56   -3.52      9.76
128  4605 29797.63   1.79 -12.83     8.36    588 11568.92    1.24   -9.14      7.14
 -- fill 1.0 thr 0.01 --
  k  is_n   is_fin  is_sh  is_dd  is_loss  oot_n  oot_fin  oot_sh  oot_dd  oot_loss
  0  4300 15963.79   0.52 -32.12    12.98    579 10099.32    0.15  -15.48     16.23
  2  4332 17302.95   0.62 -29.57    12.51    579 10711.71    0.49  -12.80     15.89
  4  4358 17201.09   0.64 -29.44    12.32    579 10558.19    0.40  -14.11     15.89
  8  4380 18090.50   0.71 -25.48    11.89    579 10569.72    0.41  -14.21     15.54
 16  4412 18308.21   0.75 -26.82    11.56    580 10180.31    0.19  -17.24     15.00
 32  4453 19523.34   0.89 -18.64    10.94    581 10027.05    0.09  -15.85     13.77
 64  4524 19963.56   0.96 -17.17     9.75    584 11826.41    1.54   -5.36      9.76
128  4605 21553.84   1.09 -17.12     8.36    588 10580.30    0.49  -12.29      7.14

=== REWARD exp(+k*D): G on P_real, D = D_rich_mirror ===
 IS : n=16809 loss [0.133, 0.122, 0.104, 0.093, 0.057] realized-minus-belief [0.077, 0.067, 0.054, 0.045, 0.028] EV [0.03, 0.024, 0.0192, 0.0171, 0.0241]
 OOT: n=3264 loss [0.127, 0.109, 0.118, 0.087, 0.063] realized-minus-belief [0.058, 0.048, 0.059, 0.04, 0.038] EV [0.024, 0.0215, 0.0165, 0.0144, 0.0183]
 -- fill 1.1 thr 0.01 --
  k  is_n   is_fin  is_sh  is_dd  is_loss  oot_n  oot_fin  oot_sh  oot_dd  oot_loss
  0  4300 26478.40   1.23 -21.52    12.98    579 11867.20    1.08  -10.04     16.23
  2  4313 27062.62   1.28 -22.36    12.84    579 12122.93    1.22   -9.24     15.72
  4  4323 27163.44   1.30 -21.23    12.75    579 12613.23    1.57   -7.42     15.03
  8  4342 26553.10   1.30 -20.40    12.62    579 12046.96    1.23   -9.67     15.37
 16  4366 27749.12   1.47 -13.64    12.30    579 11972.22    1.19   -9.85     14.51
 32  4403 27187.47   1.54 -13.86    11.92    581 12586.05    1.80   -9.44     13.60
 64  4454 28570.29   1.70 -12.57    11.16    581 12399.97    1.75   -7.31     12.05
128  4518 28054.79   1.63 -11.71     9.92    583 13350.52    2.40  -11.17      8.58
 -- fill 1.0 thr 0.01 --
  k  is_n   is_fin  is_sh  is_dd  is_loss  oot_n  oot_fin  oot_sh  oot_dd  oot_loss
  0  4300 15963.79   0.52 -32.12    12.98    579 10099.32    0.15  -15.48     16.23
  2  4313 16592.81   0.57 -32.76    12.84    579 10373.87    0.29  -13.04     15.72
  4  4323 16723.90   0.58 -31.29    12.75    579 10898.52    0.60  -10.84     15.03
  8  4342 16167.16   0.56 -30.23    12.62    579 10350.10    0.28  -14.20     15.37
 16  4366 17459.71   0.69 -22.36    12.30    579 10304.64    0.26  -15.03     14.51
 32  4403 17060.18   0.70 -20.00    11.92    581 10993.70    0.73  -13.99     13.60
 64  4454 18880.11   0.88 -18.30    11.16    581 10945.94    0.72  -10.33     12.05
128  4518 18920.56   0.86 -18.67     9.92    583 12108.33    1.55  -12.69      8.58

=== REWARD exp(+k*D): G on P_real, D = D_rich_yest ===
 IS : n=15550 loss [0.133, 0.111, 0.114, 0.093, 0.053] realized-minus-belief [0.075, 0.06, 0.074, 0.06, 0.034] EV [0.0176, 0.0224, 0.0288, 0.0332, 0.0471]
 OOT: n=2739 loss [0.108, 0.095, 0.091, 0.109, 0.069] realized-minus-belief [0.036, 0.047, 0.036, 0.071, 0.044] EV [0.0161, 0.0188, 0.0222, 0.025, 0.0333]
 -- fill 1.1 thr 0.01 --
  k  is_n   is_fin  is_sh  is_dd  is_loss  oot_n  oot_fin  oot_sh  oot_dd  oot_loss
  0  4300 26478.40   1.23 -21.52    12.98    579 11867.20    1.08  -10.04     16.23
  2  4311 26753.28   1.26 -22.20    12.97    579 11544.11    0.90  -11.77     16.23
  4  4322 26964.08   1.29 -21.41    12.89    579 11240.87    0.74  -12.79     16.58
  8  4337 27065.58   1.32 -19.36    12.61    579 11492.43    0.87  -12.63     16.58
 16  4356 26834.71   1.28 -21.80    12.33    580 12122.26    1.23  -11.15     15.69
 32  4384 27514.72   1.35 -20.13    11.84    580 11715.05    1.04  -13.13     15.86
 64  4428 26133.72   1.30 -20.13    11.52    582 12475.77    1.64   -9.10     14.60
128  4486 27021.83   1.39 -21.47    10.88    584 11520.65    1.02  -12.49     13.70
 -- fill 1.0 thr 0.01 --
  k  is_n   is_fin  is_sh  is_dd  is_loss  oot_n  oot_fin  oot_sh  oot_dd  oot_loss
  0  4300 15963.79   0.52 -32.12    12.98    579 10099.32    0.15  -15.48     16.23
  2  4311 16266.71   0.55 -32.54    12.97    579  9783.07   -0.01  -17.88     16.23
  4  4322 16502.26   0.57 -31.31    12.89    579  9486.33   -0.16  -19.25     16.58
  8  4337 16662.49   0.59 -28.96    12.61    579  9757.22   -0.02  -18.30     16.58
 16  4356 16543.67   0.58 -31.76    12.33    580 10398.85    0.31  -16.39     15.69
 32  4384 17346.98   0.64 -29.69    11.84    580 10048.11    0.12  -18.38     15.86
 64  4428 16182.30   0.57 -29.42    11.52    582 10891.56    0.63  -13.11     14.60
128  4486 17301.54   0.66 -31.03    10.88    584 10015.41    0.08  -16.69     13.70

YEAR BY YEAR — G on P_emp, reward D_rich, fill 1.1, thr 0.01 (Sharpe / DD)
k       0     8     16    32
year                        
2020  3.53  3.59  3.34  3.07
2021  2.20  2.02  1.97  2.27
2022  0.16  0.52  0.94  1.58
2023 -0.35  0.11  0.02  0.19
2024  1.07  2.15  2.48  2.47
2025  0.70  1.28  0.98  0.44
2026  1.48  2.18  2.09  1.61
k       0     8     16    32
year                        
2020  -5.3  -5.6  -6.1  -8.0
2021 -12.3 -14.2 -14.2 -15.2
2022 -22.2 -17.0 -11.2 -10.4
2023 -23.0 -15.9 -16.0 -16.6
2024 -23.7 -12.9 -11.8 -14.1
2025 -13.7 -12.9 -14.4 -15.9
2026 -13.5  -8.7  -8.2  -8.1

EQUAL-TRADE-COUNT CONTROL (reward admits more trades: match by LOWERING the k=0 threshold)
k=8   reward thr .01: IS n=5567 $30,985 Sh 1.68 DD -13.8% loss 11.9% | OOT n=597 $13,488 Sh 2.18 DD -8.7%
      k=0  thr 0.0075: IS n=5568 $26,024 Sh 1.32 DD -14.6% loss 12.6% | OOT n=596 $12,260 Sh 1.48 DD -13.5%
k=16  reward thr .01: IS n=5593 $30,641 Sh 1.69 DD -11.2% loss 11.7% | OOT n=600 $13,333 Sh 2.09 DD -8.2%
      k=0  thr 0.0065: IS n=5594 $26,127 Sh 1.33 DD -14.4% loss 12.6% | OOT n=598 $12,338 Sh 1.53 DD -13.4%
k=32  reward thr .01: IS n=5619 $31,541 Sh 1.76 DD -10.3% loss 11.2% | OOT n=600 $12,562 Sh 1.61 DD -8.1%
      k=0  thr 0.0058: IS n=5619 $26,153 Sh 1.33 DD -14.3% loss 12.6% | OOT n=600 $12,411 Sh 1.55 DD -13.4%
