coverage 100.0%; wing above ATM on 74.8%; median nonzero D 0.0090; median IV_short/IV_atm 1.033
IS: loss by D quintile [0.132, 0.116, 0.104, 0.089, 0.086]  realized-minus-belief [0.061, 0.053, 0.045, 0.046, 0.035]  EV [0.0134, 0.0107, 0.009, 0.0092, 0.0102]
OOT: loss by D quintile [0.149, 0.131, 0.12, 0.12, 0.102]  realized-minus-belief [0.067, 0.061, 0.049, 0.065, 0.042]  EV [0.0155, 0.0123, 0.0083, 0.0104, 0.0105]

=== SIMPLE reward, G on P_emp 52:10, fill 1.1x model, thr 0.01 ===
 k  is_n   is_fin  is_sh  is_dd  is_loss  oot_n  oot_fin  oot_sh  oot_dd  oot_loss
 0  5485 25310.66   1.27 -14.71    12.73    596 12260.27    1.48  -13.46     15.10
 2  5502 26406.27   1.37 -14.67    12.54    596 12580.11    1.49  -13.00     14.60
 4  5517 27600.09   1.49 -13.47    12.42    596 11963.18    1.14  -14.41     15.10
 8  5532 28154.07   1.55 -12.84    12.13    597 12034.30    1.22  -12.46     14.74
12  5550 27394.90   1.44 -11.75    12.04    597 12503.43    1.50  -11.06     14.24
16  5566 28861.44   1.58 -10.61    11.50    597 12657.93    1.58  -10.80     14.24
24  5580 26205.93   1.30 -12.31    11.38    597 12515.82    1.49  -12.06     13.74
32  5596 23560.59   1.11 -12.26    11.01    597 12173.54    1.34  -11.91     13.74
64  5633 23990.67   1.18 -12.98    10.19    599 12000.72    1.10  -15.47     12.02

=== SIMPLE reward, G on P_emp 52:10, fill 1.0x model, thr 0.01 ===
 k  is_n   is_fin  is_sh  is_dd  is_loss  oot_n  oot_fin  oot_sh  oot_dd  oot_loss
 0  5485 10776.11   0.15 -49.25    12.73    596 10184.88    0.37  -17.84     15.10
 2  5502 11890.94   0.24 -44.34    12.54    596 10498.85    0.40  -16.81     14.60
 4  5517 13154.66   0.35 -36.33    12.42    596  9878.72    0.09  -20.03     15.10
 8  5532 13878.95   0.42 -31.15    12.13    597  9953.63    0.13  -20.44     14.74
12  5550 13178.97   0.35 -33.49    12.04    597 10453.94    0.39  -19.81     14.24
16  5566 14781.04   0.50 -27.95    11.50    597 10627.11    0.49  -17.56     14.24
24  5580 12431.87   0.29 -29.37    11.38    597 10532.82    0.44  -14.91     13.74
32  5596 10042.57   0.09 -37.57    11.01    597 10235.18    0.26  -15.40     13.74
64  5633 11323.10   0.20 -28.11    10.19    599 10219.47    0.20  -19.56     12.02

year by year Sharpe, k=0 / 8 / 16:
  2020: k=0 3.53  k=8 3.33  k=16 3.33
  2021: k=0 2.20  k=8 2.31  k=16 2.07
  2022: k=0 0.16  k=8 0.92  k=16 1.48
  2023: k=0 -0.35  k=8 0.61  k=16 0.17
  2024: k=0 1.07  k=8 1.41  k=16 1.64
  2025: k=0 0.70  k=8 0.09  k=16 0.07
  2026: k=0 1.48  k=8 1.22  k=16 1.58

equal-count control: k=8 IS Sh 1.55 DD -12.8% | OOT Sh 1.22 DD -12.5%   vs  k=0 matched IS Sh 1.32 DD -14.6% | OOT Sh 1.48 DD -13.5%
