candidates with a back expiry: 21,299; med front ATM 0.300 back 0.257; front/back ratio quantiles [0.997, 1.191, 1.425]
front richer than back on 89.7%; median nonzero D_term 0.0102

##### G on P_emp 52:10 #####
 term_ratio (all) IS : n=4578 x [0.959, 1.126, 1.196, 1.279, 1.587] loss [0.082, 0.105, 0.129, 0.137, 0.133] realized-minus-belief [0.029, 0.043, 0.038, 0.049, 0.047] EV [0.0091, 0.0083, 0.0072, 0.0085, 0.011]
 term_ratio (all) OOT: n=1980 x [1.025, 1.16, 1.207, 1.276, 1.489] loss [0.149, 0.182, 0.139, 0.111, 0.111] realized-minus-belief [0.072, 0.088, 0.051, 0.041, 0.037] EV [0.009, 0.0078, 0.008, 0.0105, 0.0125]

=== G on P_emp 52:10, DKL = D_term ===
 IS : n=4137 x [0.001, 0.005, 0.01, 0.019, 0.09] loss [0.095, 0.119, 0.141, 0.135, 0.118] realized-minus-belief [0.032, 0.04, 0.054, 0.051, 0.036] EV [0.0094, 0.0081, 0.0076, 0.008, 0.0111]
 OOT: n=1891 x [0.003, 0.006, 0.01, 0.018, 0.063] loss [0.177, 0.185, 0.148, 0.103, 0.09] realized-minus-belief [0.084, 0.088, 0.061, 0.035, 0.025] EV [0.0091, 0.0087, 0.0071, 0.011, 0.0113]
 -- fill 1.1 thr 0.01 --
 k  is_n   is_fin  is_sh  is_dd  is_loss  oot_n  oot_fin  oot_sh  oot_dd  oot_loss
 0   805 14218.41   1.46  -3.63    13.04    352  9322.65   -0.23  -15.94     17.61
 1   800 14176.04   1.44  -3.65    13.00    351  9613.83   -0.02  -14.39     17.66
 2   791 14296.24   1.45  -3.60    13.02    350  9496.78   -0.10  -15.41     17.71
 4   780 14213.33   1.54  -3.89    12.95    349  9427.35   -0.14  -15.90     17.77
 8   753 14348.27   1.61  -4.47    12.62    339  9788.61    0.11  -13.47     17.70
16   704 13209.48   1.13  -4.88    12.64    316  9368.99   -0.20  -13.51     17.72
32   619 13100.62   1.11  -5.44    12.28    284  9583.09   -0.07  -13.73     18.66
64   509 13497.10   1.26  -3.35    11.00    234  8681.00   -0.86  -21.42     20.09
 -- fill 1.0 thr 0.01 --
 k  is_n   is_fin  is_sh  is_dd  is_loss  oot_n  oot_fin  oot_sh  oot_dd  oot_loss
 0   805 12594.97   0.94  -4.44    13.04    352  7975.37   -1.16  -24.65     17.61
 1   800 12557.53   0.93  -4.46    13.00    351  8274.53   -0.95  -22.31     17.66
 2   791 12689.55   0.96  -4.40    13.02    350  8159.53   -1.01  -23.39     17.71
 4   780 12623.28   1.00  -4.92    12.95    349  8092.78   -1.05  -23.88     17.77
 8   753 12801.38   1.09  -6.17    12.62    339  8486.48   -0.83  -21.31     17.70
16   704 11749.48   0.65  -6.70    12.64    316  8157.04   -1.05  -20.90     17.72
32   619 11774.90   0.67  -7.25    12.28    284  8499.44   -0.92  -19.80     18.66
64   509 12354.38   0.90  -4.96    11.00    234  7787.80   -1.58  -26.99     20.09

=== G on P_emp 52:10, DKL = D_term_r ===
 IS : n=4137 x [0.001, 0.005, 0.009, 0.016, 0.056] loss [0.095, 0.12, 0.14, 0.132, 0.122] realized-minus-belief [0.032, 0.043, 0.052, 0.049, 0.038] EV [0.0094, 0.0082, 0.0073, 0.0083, 0.011]
 OOT: n=1891 x [0.002, 0.006, 0.009, 0.015, 0.041] loss [0.177, 0.18, 0.151, 0.106, 0.09] realized-minus-belief [0.083, 0.083, 0.066, 0.038, 0.023] EV [0.0091, 0.0087, 0.0073, 0.0106, 0.0116]
 -- fill 1.1 thr 0.01 --
 k  is_n   is_fin  is_sh  is_dd  is_loss  oot_n  oot_fin  oot_sh  oot_dd  oot_loss
 0   805 14218.41   1.46  -3.63    13.04    352  9322.65   -0.23  -15.94     17.61
 1   800 14163.70   1.44  -3.64    13.12    351  9522.49   -0.08  -15.38     17.38
 2   795 14089.09   1.41  -3.65    13.08    350  9565.54   -0.05  -14.83     17.71
 4   783 14229.44   1.45  -3.59    13.03    349  9531.57   -0.07  -15.26     17.77
 8   766 14467.55   1.66  -3.72    12.66    341  9827.92    0.14  -13.58     17.89
16   722 13569.01   1.28  -3.94    12.60    322  9292.25   -0.28  -14.84     17.70
32   639 13082.23   1.10  -5.66    12.21    290  9798.69    0.11  -11.81     17.59
64   524 13555.36   1.29  -3.88    10.88    247  9183.49   -0.43  -18.90     19.43
 -- fill 1.0 thr 0.01 --
 k  is_n   is_fin  is_sh  is_dd  is_loss  oot_n  oot_fin  oot_sh  oot_dd  oot_loss
 0   805 12594.97   0.94  -4.44    13.04    352  7975.37   -1.16  -24.65     17.61
 1   800 12545.23   0.92  -4.45    13.12    351  8179.77   -1.02  -23.35     17.38
 2   795 12478.49   0.90  -4.46    13.08    350  8230.63   -0.97  -22.73     17.71
 4   783 12633.39   0.95  -4.38    13.03    349  8201.76   -0.98  -23.14     17.77
 8   766 12897.47   1.13  -5.46    12.66    341  8516.12   -0.79  -21.25     17.89
16   722 12081.34   0.79  -5.68    12.60    322  8055.10   -1.20  -22.68     17.70
32   639 11724.23   0.65  -7.49    12.21    290  8681.85   -0.76  -17.96     17.59
64   524 12383.69   0.91  -5.59    10.88    247  8243.59   -1.21  -23.92     19.43

=== G on P_emp 52:10, DKL = D_term_u ===
 IS : n=4577 x [0.001, 0.005, 0.009, 0.018, 0.085] loss [0.084, 0.123, 0.13, 0.133, 0.115] realized-minus-belief [0.024, 0.049, 0.046, 0.052, 0.035] EV [0.0094, 0.0084, 0.0072, 0.0082, 0.0109]
 OOT: n=1980 x [0.002, 0.006, 0.01, 0.018, 0.063] loss [0.179, 0.174, 0.152, 0.104, 0.083] realized-minus-belief [0.088, 0.078, 0.067, 0.036, 0.019] EV [0.0092, 0.009, 0.0074, 0.011, 0.0112]
 -- fill 1.1 thr 0.01 --
 k  is_n   is_fin  is_sh  is_dd  is_loss  oot_n  oot_fin  oot_sh  oot_dd  oot_loss
 0   805 14218.41   1.46  -3.63    13.04    352  9322.65   -0.23  -15.94     17.61
 1   800 14134.97   1.42  -3.65    13.00    351  9613.83   -0.02  -14.39     17.66
 2   791 14286.24   1.45  -3.60    13.02    350  9496.78   -0.10  -15.41     17.71
 4   780 14213.33   1.54  -3.89    12.95    349  9483.57   -0.10  -15.82     17.77
 8   753 14116.65   1.48  -5.94    12.62    338  9834.24    0.14  -13.42     17.75
16   700 13130.20   1.10  -4.90    12.71    313  9421.32   -0.16  -12.86     17.89
32   608 13181.72   1.14  -5.18    12.34    280  9632.93   -0.03  -12.99     18.93
64   486 13409.82   1.23  -3.49    11.32    227  8643.67   -0.89  -21.30     20.70
 -- fill 1.0 thr 0.01 --
 k  is_n   is_fin  is_sh  is_dd  is_loss  oot_n  oot_fin  oot_sh  oot_dd  oot_loss
 0   805 12594.97   0.94  -4.44    13.04    352  7975.37   -1.16  -24.65     17.61
 1   800 12520.20   0.91  -4.46    13.00    351  8274.53   -0.95  -22.31     17.66
 2   791 12680.46   0.95  -4.40    13.02    350  8159.53   -1.01  -23.39     17.71
 4   780 12623.28   1.00  -4.92    12.95    349  8149.53   -1.01  -23.76     17.77
 8   753 12573.35   0.97  -7.73    12.62    338  8533.60   -0.80  -21.22     17.75
16   700 11677.70   0.63  -6.72    12.71    313  8216.98   -1.02  -20.22     17.89
32   608 11883.84   0.71  -6.94    12.34    280  8557.12   -0.88  -19.05     18.93
64   486 12317.53   0.88  -5.01    11.32    227  7766.24   -1.60  -26.82     20.70

=== G on P_emp 52:10, DKL = D_term_inv ===
 IS : n=440 x [0.0, 0.001, 0.002, 0.01, 0.037] loss [0.068, 0.045, 0.114, 0.057, 0.08] realized-minus-belief [0.01, -0.025, 0.096, 0.016, 0.033] EV [0.0086, 0.012, 0.0067, 0.0052, 0.0097]
 OOT: n=89 x [0.0, 0.002, 0.008, 0.022, 0.053] loss [0.278, 0.0, 0.118, 0.056, 0.0] realized-minus-belief [0.17, -0.019, 0.075, -0.015, -0.02] EV [0.0069, 0.0147, 0.0186, 0.0088, 0.0098]
 -- fill 1.1 thr 0.01 --
 k  is_n   is_fin  is_sh  is_dd  is_loss  oot_n  oot_fin  oot_sh  oot_dd  oot_loss
 0   805 14218.41   1.46  -3.63    13.04    352  9322.65   -0.23  -15.94     17.61
 1   805 14208.41   1.45  -3.63    13.04    352  9322.65   -0.23  -15.94     17.61
 2   805 14195.42   1.44  -3.64    13.04    352  9322.65   -0.23  -15.94     17.61
 4   805 14195.42   1.44  -3.64    13.04    352  9199.65   -0.32  -17.05     17.90
 8   805 14176.40   1.44  -3.64    13.04    352  9199.65   -0.32  -17.05     17.90
16   805 14186.24   1.44  -3.64    13.04    352  9247.14   -0.29  -16.61     17.90
32   801 14459.21   1.53  -3.70    12.98    351  9231.32   -0.30  -16.63     17.95
64   797 14386.56   1.51  -3.72    13.05    350  9098.87   -0.40  -17.83     18.00
 -- fill 1.0 thr 0.01 --
 k  is_n   is_fin  is_sh  is_dd  is_loss  oot_n  oot_fin  oot_sh  oot_dd  oot_loss
 0   805 12594.97   0.94  -4.44    13.04    352  7975.37   -1.16  -24.65     17.61
 1   805 12585.88   0.93  -4.44    13.04    352  7975.37   -1.16  -24.65     17.61
 2   805 12574.07   0.93  -4.45    13.04    352  7975.37   -1.16  -24.65     17.61
 4   805 12574.07   0.93  -4.45    13.04    352  7854.46   -1.24  -25.80     17.90
 8   805 12557.10   0.92  -4.45    13.04    352  7854.46   -1.24  -25.80     17.90
16   805 12566.04   0.93  -4.45    13.04    352  7904.23   -1.23  -25.33     17.90
32   801 12849.55   1.03  -4.49    12.98    351  7889.85   -1.24  -25.36     17.95
64   797 12786.86   1.00  -4.51    13.05    350  7760.99   -1.33  -26.58     18.00

##### G on P_real #####
 term_ratio (all) IS : n=3115 x [1.083, 1.205, 1.274, 1.369, 1.745] loss [0.093, 0.152, 0.161, 0.133, 0.133] realized-minus-belief [0.033, 0.073, 0.086, 0.065, 0.081] EV [0.0235, 0.0222, 0.0243, 0.0253, 0.0392]
 term_ratio (all) OOT: n=2730 x [1.025, 1.167, 1.224, 1.309, 1.546] loss [0.134, 0.148, 0.115, 0.086, 0.077] realized-minus-belief [0.087, 0.075, 0.054, 0.035, 0.045] EV [0.0141, 0.0122, 0.0142, 0.0193, 0.034]

=== G on P_real, DKL = D_term ===
 IS : n=3021 x [0.004, 0.009, 0.017, 0.03, 0.131] loss [0.129, 0.156, 0.152, 0.139, 0.114] realized-minus-belief [0.059, 0.077, 0.078, 0.074, 0.065] EV [0.0247, 0.0227, 0.0228, 0.0254, 0.0382]
 OOT: n=2587 x [0.003, 0.007, 0.013, 0.023, 0.078] loss [0.158, 0.145, 0.114, 0.079, 0.071] realized-minus-belief [0.098, 0.069, 0.059, 0.031, 0.046] EV [0.0142, 0.0131, 0.0162, 0.0209, 0.0305]
 -- fill 1.1 thr 0.01 --
 k  is_n   is_fin  is_sh  is_dd  is_loss  oot_n  oot_fin  oot_sh  oot_dd  oot_loss
 0  1169 11431.33   0.36 -12.21    15.48    422 10578.84    0.45  -15.68     15.40
 1  1154 11302.33   0.34 -13.62    15.68    421 10700.53    0.54  -15.79     15.20
 2  1142 11093.30   0.29 -13.65    15.76    419 10705.70    0.54  -15.64     15.27
 4  1112 11809.38   0.47 -13.22    15.47    415 10807.09    0.62  -16.07     14.70
 8  1065 11691.68   0.46 -14.10    15.49    409 10238.11    0.21  -17.53     15.65
16   952 11542.95   0.44 -15.64    15.44    400 10413.31    0.34  -14.85     15.25
32   799 11210.64   0.37 -16.91    15.27    381 10362.17    0.30  -11.12     16.54
64   594 11589.03   0.55 -11.47    14.14    336  9837.24   -0.05  -11.63     17.26
 -- fill 1.0 thr 0.01 --
 k  is_n   is_fin  is_sh  is_dd  is_loss  oot_n  oot_fin  oot_sh  oot_dd  oot_loss
 0  1169  9521.73  -0.08 -23.58    15.48    422  9317.01   -0.42  -20.55     15.40
 1  1154  9404.47  -0.10 -24.88    15.68    421  9443.15   -0.34  -20.57     15.20
 2  1142  9209.88  -0.15 -25.01    15.76    419  9448.13   -0.33  -20.30     15.27
 4  1112  9985.31   0.03 -23.54    15.47    415  9562.59   -0.26  -20.72     14.70
 8  1065  9969.77   0.02 -24.00    15.49    409  9014.63   -0.68  -22.40     15.65
16   952 10040.10   0.04 -24.17    15.44    400  9236.25   -0.49  -19.44     15.25
32   799  9937.42   0.01 -24.29    15.27    381  9227.25   -0.45  -15.74     16.54
64   594 10618.61   0.23 -16.27    14.14    336  8840.73   -0.71  -14.91     17.26

=== G on P_real, DKL = D_term_r ===
 IS : n=3021 x [0.004, 0.009, 0.015, 0.025, 0.073] loss [0.129, 0.154, 0.152, 0.134, 0.121] realized-minus-belief [0.058, 0.075, 0.078, 0.07, 0.07] EV [0.0246, 0.023, 0.0222, 0.0257, 0.0382]
 OOT: n=2587 x [0.003, 0.006, 0.011, 0.02, 0.049] loss [0.158, 0.147, 0.11, 0.083, 0.069] realized-minus-belief [0.098, 0.07, 0.057, 0.035, 0.042] EV [0.0142, 0.0128, 0.0158, 0.0204, 0.0316]
 -- fill 1.1 thr 0.01 --
 k  is_n   is_fin  is_sh  is_dd  is_loss  oot_n  oot_fin  oot_sh  oot_dd  oot_loss
 0  1169 11431.33   0.36 -12.21    15.48    422 10578.84    0.45  -15.68     15.40
 1  1154 11234.50   0.32 -13.69    15.68    422 10679.35    0.53  -15.55     15.40
 2  1146 11208.23   0.31 -13.89    15.71    420 10769.76    0.59  -15.59     15.24
 4  1124 11230.68   0.32 -13.39    15.66    417 10794.25    0.61  -15.42     15.11
 8  1090 11518.02   0.41 -14.58    15.69    413 10851.70    0.66  -14.27     15.01
16  1013 11376.94   0.38 -16.07    15.70    405 10009.27    0.05  -16.44     15.80
32   843 11931.87   0.59 -13.06    14.95    385 10772.38    0.59   -9.98     15.58
64   646 11308.84   0.44 -14.31    14.71    347 10310.63    0.27  -10.30     16.43
 -- fill 1.0 thr 0.01 --
 k  is_n   is_fin  is_sh  is_dd  is_loss  oot_n  oot_fin  oot_sh  oot_dd  oot_loss
 0  1169  9521.73  -0.08 -23.58    15.48    422  9317.01   -0.42  -20.55     15.40
 1  1154  9342.81  -0.12 -25.01    15.68    422  9420.67   -0.35  -20.37     15.40
 2  1146  9328.01  -0.12 -25.13    15.71    420  9512.45   -0.29  -20.21     15.24
 4  1124  9384.75  -0.11 -24.38    15.66    417  9543.81   -0.27  -20.03     15.11
 8  1090  9737.64  -0.03 -24.86    15.69    413  9614.24   -0.23  -18.88     15.01
16  1013  9737.07  -0.04 -25.48    15.70    405  8810.24   -0.81  -21.34     15.80
32   843 10583.88   0.19 -20.00    14.95    385  9634.43   -0.19  -13.69     15.58
64   646 10263.85   0.11 -19.72    14.71    347  9290.09   -0.42  -12.86     16.43

=== G on P_real, DKL = D_term_u ===
 IS : n=3115 x [0.004, 0.009, 0.016, 0.03, 0.128] loss [0.122, 0.149, 0.152, 0.135, 0.114] realized-minus-belief [0.054, 0.072, 0.076, 0.071, 0.064] EV [0.0253, 0.0228, 0.0227, 0.0257, 0.0379]
 OOT: n=2730 x [0.002, 0.007, 0.012, 0.023, 0.076] loss [0.145, 0.154, 0.108, 0.084, 0.07] realized-minus-belief [0.088, 0.074, 0.054, 0.038, 0.042] EV [0.0149, 0.0123, 0.0164, 0.0205, 0.0296]
 -- fill 1.1 thr 0.01 --
 k  is_n   is_fin  is_sh  is_dd  is_loss  oot_n  oot_fin  oot_sh  oot_dd  oot_loss
 0  1169 11431.33   0.36 -12.21    15.48    422 10578.84    0.45  -15.68     15.40
 1  1154 11302.33   0.34 -13.62    15.68    421 10712.37    0.55  -15.77     15.20
 2  1142 11093.30   0.29 -13.65    15.76    419 10717.54    0.55  -15.62     15.27
 4  1112 11825.65   0.47 -13.21    15.47    415 10837.41    0.64  -16.03     14.70
 8  1065 11677.61   0.46 -14.11    15.49    409 10267.86    0.24  -17.49     15.65
16   952 11530.92   0.44 -15.65    15.44    400 10404.69    0.34  -14.86     15.25
32   798 11197.41   0.37 -16.92    15.29    381 10321.94    0.28  -11.55     16.54
64   587 11494.79   0.51 -11.51    14.31    329  9864.03   -0.03  -11.20     17.33
 -- fill 1.0 thr 0.01 --
 k  is_n   is_fin  is_sh  is_dd  is_loss  oot_n  oot_fin  oot_sh  oot_dd  oot_loss
 0  1169  9521.73  -0.08 -23.58    15.48    422  9317.01   -0.42  -20.55     15.40
 1  1154  9404.47  -0.10 -24.88    15.68    421  9453.91   -0.33  -20.55     15.20
 2  1142  9209.88  -0.15 -25.01    15.76    419  9458.89   -0.32  -20.28     15.27
 4  1112 10000.10   0.03 -23.51    15.47    415  9590.15   -0.23  -20.67     14.70
 8  1065  9956.98   0.02 -24.03    15.49    409  9041.67   -0.65  -22.35     15.65
16   952 10029.16   0.04 -24.19    15.44    400  9228.41   -0.49  -19.46     15.25
32   798  9925.39   0.00 -24.31    15.29    381  9184.04   -0.48  -16.22     16.54
64   587 10532.95   0.20 -16.34    14.31    329  8874.18   -0.70  -14.54     17.33

=== G on P_real, DKL = D_term_inv ===
 IS : n=94 x [0.0, 0.001, 0.003, 0.01, 0.038] loss [0.0, 0.105, 0.0, 0.0, 0.0] realized-minus-belief [-0.043, 0.049, -0.044, -0.055, -0.027] EV [0.0407, 0.0088, 0.027, 0.0413, 0.0351]
 OOT: n=143 x [0.0, 0.001, 0.006, 0.014, 0.038] loss [0.103, 0.107, 0.034, 0.107, 0.069] realized-minus-belief [0.063, 0.05, -0.008, 0.056, 0.013] EV [0.0106, 0.0196, 0.0151, 0.0157, 0.0126]
 -- fill 1.1 thr 0.01 --
 k  is_n   is_fin  is_sh  is_dd  is_loss  oot_n  oot_fin  oot_sh  oot_dd  oot_loss
 0  1169 11431.33   0.36 -12.21    15.48    422 10578.84    0.45  -15.68     15.40
 1  1169 11206.63   0.31 -12.43    15.57    422 10578.84    0.45  -15.68     15.40
 2  1169 11206.63   0.31 -12.43    15.57    422 10578.84    0.45  -15.68     15.40
 4  1169 11206.63   0.31 -12.43    15.57    422 10561.11    0.44  -15.70     15.40
 8  1169 11206.63   0.31 -12.43    15.57    422 10539.97    0.43  -15.73     15.40
16  1169 11206.63   0.31 -12.43    15.57    422 10559.38    0.44  -15.70     15.40
32  1169 11134.31   0.29 -12.50    15.57    422 10564.81    0.44  -15.70     15.40
64  1168 11148.53   0.30 -12.49    15.58    422 10564.81    0.44  -15.70     15.40
 -- fill 1.0 thr 0.01 --
 k  is_n  is_fin  is_sh  is_dd  is_loss  oot_n  oot_fin  oot_sh  oot_dd  oot_loss
 0  1169 9521.73  -0.08 -23.58    15.48    422  9317.01   -0.42  -20.55     15.40
 1  1169 9294.73  -0.13 -24.40    15.57    422  9317.01   -0.42  -20.55     15.40
 2  1169 9294.73  -0.13 -24.40    15.57    422  9317.01   -0.42  -20.55     15.40
 4  1169 9294.73  -0.13 -24.40    15.57    422  9300.89   -0.43  -20.58     15.40
 8  1169 9294.73  -0.13 -24.40    15.57    422  9281.67   -0.45  -20.62     15.40
16  1169 9294.73  -0.13 -24.40    15.57    422  9299.31   -0.43  -20.59     15.40
32  1169 9223.52  -0.14 -24.58    15.57    422  9304.25   -0.43  -20.58     15.40
64  1168 9236.45  -0.14 -24.56    15.58    422  9304.25   -0.43  -20.58     15.40
