
=== geometric tilt toward Q_iv (fitted surface), fill 1.1, thr 0.01   (is_cal/oot_cal = realized minus belief loss share on the selected book) ===
   k  is_n   is_fin  is_sh  is_dd  is_loss  is_cal  oot_n  oot_fin  oot_sh  oot_dd  oot_loss  oot_cal
0.00  4300 26478.40   1.23 -21.52    12.98    0.11    579 11867.20    1.08  -10.04     16.23     0.14
0.25  3961 25751.81   1.21 -22.97    13.15    0.10    572 12155.22    1.39  -10.54     16.26     0.12
0.50  3637 25468.88   1.17 -23.06    13.23    0.09    553 12226.84    1.47  -10.16     16.09     0.11
1.00  3121 22357.82   0.98 -23.30    13.81    0.08    495 11765.54    1.22  -11.50     17.17     0.10
2.00  2266 18068.43   0.80 -23.02    14.65    0.07    350 10780.13    0.67  -12.26     18.57     0.10
4.00  1074 14835.10   0.75 -14.84    15.18    0.06    152 11444.96    1.74   -3.95     15.13     0.05
8.00   258 10625.54   0.24  -9.66    17.44    0.06     51 10398.34    1.07   -2.39      9.80    -0.00

=== geometric tilt toward Q_iv (fitted surface), fill 1.1, thr 0.02   (is_cal/oot_cal = realized minus belief loss share on the selected book) ===
   k  is_n   is_fin  is_sh  is_dd  is_loss  is_cal  oot_n  oot_fin  oot_sh  oot_dd  oot_loss  oot_cal
0.00  3834 25422.44   1.17 -22.74    13.35    0.12    566 11658.87    0.99  -10.16     16.61     0.14
0.25  3404 23870.48   1.14 -17.70    13.66    0.11    531 11567.45    1.06  -11.85     16.95     0.13
0.50  3044 23712.60   1.15 -19.88    13.63    0.10    483 11595.55    1.13  -10.12     16.77     0.12
1.00  2418 19890.32   0.95 -20.96    14.14    0.09    369 11362.76    1.12  -10.54     18.16     0.12
2.00  1384 15442.84   0.73 -20.53    15.61    0.09    193 10185.72    0.21  -13.31     19.69     0.12
4.00   398 11314.37   0.37 -10.68    17.34    0.08     50 10567.61    1.51   -2.13     14.00     0.04
8.00    47  9751.72  -0.23  -3.83    21.28    0.10     15 10383.98    2.79   -0.37      0.00    -0.06

=== geometric tilt toward Q_iv (fitted surface), fill 1.0, thr 0.01   (is_cal/oot_cal = realized minus belief loss share on the selected book) ===
   k  is_n   is_fin  is_sh  is_dd  is_loss  is_cal  oot_n  oot_fin  oot_sh  oot_dd  oot_loss  oot_cal
0.00  4300 15963.79   0.52 -32.12    12.98    0.11    579 10099.32    0.15  -15.48     16.23     0.14
0.25  3961 15933.02   0.53 -33.11    13.15    0.10    572 10415.17    0.33  -15.70     16.26     0.12
0.50  3637 16338.43   0.55 -32.56    13.23    0.09    553 10552.10    0.42  -14.69     16.09     0.11
1.00  3121 14311.90   0.42 -32.00    13.81    0.08    495 10230.77    0.23  -15.97     17.17     0.10
2.00  2266 11959.61   0.27 -32.52    14.65    0.07    350  9662.33   -0.21  -15.68     18.57     0.10
4.00  1074 11722.33   0.31 -18.91    15.18    0.06    152 10951.15    1.21   -4.71     15.13     0.05
8.00   258  9870.17  -0.02 -10.90    17.44    0.06     51 10252.80    0.69   -2.63      9.80    -0.00

=== geometric tilt toward Q_cred (credit-implied), fill 1.1, thr 0.01   (is_cal/oot_cal = realized minus belief loss share on the selected book) ===
   k  is_n   is_fin  is_sh  is_dd  is_loss  is_cal  oot_n  oot_fin  oot_sh  oot_dd  oot_loss  oot_cal
0.00  4300 26478.40   1.23 -21.52    12.98    0.11    579 11867.20    1.08  -10.04     16.23     0.14
0.25  4087 25773.45   1.23 -21.98    12.97    0.10    575 11522.88    0.91  -12.94     16.35     0.13
0.50  3889 26082.28   1.25 -19.85    12.99    0.09    569 11758.08    1.07  -11.34     16.52     0.12
1.00  3497 25313.17   1.27 -15.69    13.13    0.08    544 11510.08    0.97  -12.24     16.91     0.11
2.00  2832 23639.12   1.28 -16.65    13.24    0.06    445 11589.17    1.15  -10.50     17.08     0.09
4.00  1715 17428.68   0.89 -20.08    14.52    0.06    260 10736.15    0.69  -12.83     18.85     0.08
8.00   568 13096.62   0.74 -13.37    16.20    0.05     61 10641.48    1.28   -4.24     18.03     0.03

=== geometric tilt toward Q_cred (credit-implied), fill 1.1, thr 0.02   (is_cal/oot_cal = realized minus belief loss share on the selected book) ===
   k  is_n   is_fin  is_sh  is_dd  is_loss  is_cal  oot_n  oot_fin  oot_sh  oot_dd  oot_loss  oot_cal
0.00  3834 25422.44   1.17 -22.74    13.35    0.12    566 11658.87    0.99  -10.16     16.61     0.14
0.25  3514 24086.90   1.16 -18.16    13.52    0.11    546 11195.15    0.76  -13.86     17.03     0.14
0.50  3218 22953.65   1.11 -17.86    13.74    0.10    511 11290.52    0.86  -10.53     17.03     0.13
1.00  2737 22182.98   1.19 -16.99    13.70    0.09    427 11542.71    1.13  -10.70     17.80     0.11
2.00  1820 18446.58   0.97 -19.71    14.56    0.08    278 11077.86    0.93  -12.32     19.06     0.11
4.00   723 12571.03   0.54 -14.21    16.74    0.08     77 10752.35    1.21   -3.45     19.48     0.07
8.00    96 10486.40   0.32  -8.38    17.71    0.07      8 10186.66    1.54   -0.74     12.50    -0.02

=== geometric tilt toward Q_cred (credit-implied), fill 1.0, thr 0.01   (is_cal/oot_cal = realized minus belief loss share on the selected book) ===
   k  is_n   is_fin  is_sh  is_dd  is_loss  is_cal  oot_n  oot_fin  oot_sh  oot_dd  oot_loss  oot_cal
0.00  4300 15963.79   0.52 -32.12    12.98    0.11    579 10099.32    0.15  -15.48     16.23     0.14
0.25  4087 15774.69   0.52 -32.10    12.97    0.10    575  9776.95   -0.02  -18.53     16.35     0.13
0.50  3889 16489.59   0.57 -29.57    12.99    0.09    569 10053.92    0.12  -16.39     16.52     0.12
1.00  3497 16611.60   0.61 -21.26    13.13    0.08    544  9882.18    0.04  -17.33     16.91     0.11
2.00  2832 16354.81   0.65 -22.67    13.24    0.06    445 10215.29    0.23  -15.19     17.08     0.09
4.00  1715 12700.42   0.37 -28.19    14.52    0.06    260  9893.14   -0.04  -15.15     18.85     0.08
8.00   568 11314.42   0.35 -17.64    16.20    0.05     61 10446.78    0.93   -4.62     18.03     0.03

=== arithmetic tilt toward Q_iv, fill 1.1, thr 0.01   (is_cal/oot_cal = realized minus belief loss share on the selected book) ===
   k  is_n   is_fin  is_sh  is_dd  is_loss  is_cal  oot_n  oot_fin  oot_sh  oot_dd  oot_loss  oot_cal
0.00  4300 26478.40   1.23 -21.52    12.98    0.11    579 11867.20    1.08  -10.04     16.23     0.14
0.25  3730 22572.64   0.93 -27.47    14.08    0.09    560 13068.25    1.93   -7.11     15.89     0.10
0.50  3231 18026.87   0.64 -34.69    15.23    0.08    510 12240.83    1.43  -11.60     16.86     0.09
1.00  2269 19106.29   0.92 -18.07    15.65    0.07    354 11895.93    1.55   -6.48     18.36     0.08
2.00   689 12379.94   0.46 -14.46    19.01    0.07    137 11033.04    1.43   -3.86     17.52     0.05
4.00   128 10060.13   0.03  -6.56    17.97    0.08     34 10430.38    2.54   -2.63      5.88    -0.02
8.00   101  9708.91  -0.22  -5.32    16.83    0.08     29 10433.14    3.29   -1.50      3.45    -0.03

=== arithmetic tilt toward Q_iv, fill 1.1, thr 0.02   (is_cal/oot_cal = realized minus belief loss share on the selected book) ===
   k  is_n   is_fin  is_sh  is_dd  is_loss  is_cal  oot_n  oot_fin  oot_sh  oot_dd  oot_loss  oot_cal
0.00  3834 25422.44   1.17 -22.74    13.35    0.12    566 11658.87    0.99  -10.16     16.61     0.14
0.25  3078 19780.45   0.80 -26.88    14.91    0.10    490 11985.41    1.32   -9.24     17.14     0.12
0.50  2408 17526.86   0.72 -24.06    15.82    0.09    362 11650.88    1.22   -8.87     18.78     0.11
1.00  1021 14136.76   0.64 -17.68    18.12    0.09    169 11043.14    1.09   -8.73     18.34     0.08
2.00    99 10191.32   0.12  -5.84    23.23    0.12     27 10380.37    1.66   -2.36     11.11     0.01
4.00    31 10007.22   0.00  -2.18    12.90    0.03     15 10383.98    2.79   -0.37      0.00    -0.06
8.00    29 10053.01   0.07  -2.18     6.90   -0.02     14 10376.68    2.72   -0.37      0.00    -0.06

=== arithmetic tilt toward Q_iv, fill 1.0, thr 0.01   (is_cal/oot_cal = realized minus belief loss share on the selected book) ===
   k  is_n   is_fin  is_sh  is_dd  is_loss  is_cal  oot_n  oot_fin  oot_sh  oot_dd  oot_loss  oot_cal
0.00  4300 15963.79   0.52 -32.12    12.98    0.11    579 10099.32    0.15  -15.48     16.23     0.14
0.25  3730 12897.87   0.32 -38.95    14.08    0.09    560 11275.47    0.85  -12.48     15.89     0.10
0.50  3231  9352.62   0.10 -49.45    15.23    0.08    510 10561.08    0.43  -17.10     16.86     0.09
1.00  2269 12578.54   0.33 -27.47    15.65    0.07    354 10689.62    0.61   -9.21     18.36     0.08
2.00   689 10112.92   0.06 -19.22    19.01    0.07    137 10558.51    0.81   -4.96     17.52     0.05
4.00   128  9750.75  -0.17  -7.53    17.97    0.08     34 10322.86    2.13   -2.85      5.88    -0.02
8.00   101  9491.55  -0.37  -6.39    16.83    0.08     29 10348.09    2.97   -1.53      3.45    -0.03

IS fit: realized loss share = -0.023 + 0.161*belief + 0.803*market
CEILING (fitted blend, IS weights) fill 1.1 thr 0.01: IS n=1807 $20,047 Sh 1.11 DD -16.5% | OOT n=300 $14,188 Sh 4.41 DD -2.4%
CEILING (fitted blend, IS weights) fill 1.1 thr 0.02: IS n=234 $10,820 Sh 0.36 DD -7.0% | OOT n=65 $10,557 Sh 1.95 DD -2.8%
CEILING (fitted blend, IS weights) fill 1.0 thr 0.01: IS n=1807 $15,471 Sh 0.66 DD -19.7% | OOT n=300 $13,291 Sh 3.61 DD -3.2%
