geometric tilt toward Q_cred, fill 1.1x model, thr 0.01 — YEAR BY YEAR Sharpe / maxDD
k      0.0   0.5   1.0   2.0
year                        
2020  1.13  1.25  0.93  0.92
2021  0.97  0.83  1.11  0.80
2022  1.12  1.09  0.91  1.00
2023  2.05  1.83  1.56  2.13
2024  1.88  2.11  1.99  1.78
2025  0.71  1.46  2.05  1.75
2026  1.08  1.07  0.97  1.15
k      0.0   0.5   1.0   2.0
year                        
2020  -5.9  -6.5  -7.6  -7.0
2021 -11.4 -13.9 -13.5 -11.4
2022 -19.9 -17.9 -12.7 -11.4
2023  -7.5  -8.1  -7.6  -6.0
2024 -27.7 -20.3 -18.0 -16.2
2025 -14.5 -10.0  -9.8  -9.7
2026 -10.0 -11.3 -12.2 -10.5
k     0.0  0.5  1.0  2.0
year                    
2020  250  196  163   96
2021  725  651  573  443
2022  861  789  700  565
2023  724  648  583  467
2024  923  860  796  690
2025  817  745  682  571
2026  579  569  544  445

EQUAL-TRADE-COUNT CONTROL (IS): tilt k at thr 0.01 vs k=0 with threshold raised to the same trade count
k=0.5  thr 0.01 : IS n= 3889 $  26,082 Sh 1.25 DD -19.8% loss 13.0% | OOT n=569 Sh 1.07 DD -11.3%
k=0   thr 0.019: IS n= 3890 $  25,444 Sh 1.16 DD -23.0% loss 13.3% | OOT n=570 Sh 1.09 DD -9.9%
k=1    thr 0.01 : IS n= 3497 $  25,313 Sh 1.27 DD -15.7% loss 13.1% | OOT n=544 Sh 0.97 DD -12.2%
k=0   thr 0.028: IS n= 3498 $  24,529 Sh 1.17 DD -17.2% loss 13.7% | OOT n=546 Sh 0.92 DD -10.9%
k=2    thr 0.01 : IS n= 2832 $  23,639 Sh 1.28 DD -16.7% loss 13.2% | OOT n=445 Sh 1.15 DD -10.5%
k=0   thr 0.049: IS n= 2833 $  21,732 Sh 1.04 DD -20.7% loss 14.4% | OOT n=442 Sh 1.07 DD -9.3%
