fires on 65.2%; median nonzero D_max 0.0045; reference view mix {'mirror': 0.65, 'yest': 0.32, 'flat': 0.02, 'back': 0.01}

##### G on P_emp 52:10 #####
 ref_gap (all) IS : n=48982 x [-0.024, -0.0, 0.014, 0.029, 0.062] loss [0.099, 0.118, 0.121, 0.119, 0.11] realized-minus-belief [0.034, 0.05, 0.061, 0.06, 0.063] EV [0.0099, 0.0128, 0.012, 0.0114, 0.0123]
 ref_gap (all) OOT: n=5907 x [-0.022, 0.002, 0.018, 0.035, 0.071] loss [0.111, 0.135, 0.141, 0.116, 0.091] realized-minus-belief [0.039, 0.057, 0.068, 0.047, 0.029] EV [0.0106, 0.0146, 0.0128, 0.012, 0.0119]

=== G on P_emp 52:10, DKL = D_max ===
 IS : n=34359 x [0.0, 0.002, 0.004, 0.01, 0.054] loss [0.131, 0.124, 0.124, 0.112, 0.094] realized-minus-belief [0.059, 0.061, 0.061, 0.057, 0.062] EV [0.0134, 0.0118, 0.0112, 0.011, 0.0129]
 OOT: n=4283 x [0.0, 0.002, 0.005, 0.012, 0.064] loss [0.151, 0.139, 0.119, 0.102, 0.085] realized-minus-belief [0.066, 0.059, 0.045, 0.038, 0.036] EV [0.0139, 0.0123, 0.0111, 0.0121, 0.0129]
 -- fill 1.1 thr 0.01 --
 k  is_n   is_fin  is_sh  is_dd  is_loss  oot_n  oot_fin  oot_sh  oot_dd  oot_loss
 0  5485 25310.66   1.27 -14.71    12.73    596 12260.27    1.48  -13.46     15.10
 1  5472 25157.50   1.26 -14.63    12.74    595 12116.71    1.39  -12.78     15.29
 2  5468 24528.39   1.22 -14.50    12.80    595 12149.21    1.40  -12.54     15.29
 4  5453 26567.19   1.36 -12.68    12.73    595 12451.86    1.56  -12.21     14.79
 8  5422 27130.34   1.40 -12.86    12.89    590 12221.50    1.32  -14.82     15.08
16  5375 27625.22   1.43 -12.31    12.82    583 12002.48    1.21  -18.41     15.44
32  5292 25957.27   1.31 -12.95    13.17    573 11512.30    0.96  -20.60     15.71
64  5173 25554.03   1.32 -15.85    13.51    558 10414.56    0.42  -27.00     16.67
 -- fill 1.0 thr 0.01 --
 k  is_n   is_fin  is_sh  is_dd  is_loss  oot_n  oot_fin  oot_sh  oot_dd  oot_loss
 0  5485 10776.11   0.15 -49.25    12.73    596 10184.88    0.37  -17.84     15.10
 1  5472 10629.90   0.14 -49.34    12.74    595 10032.54    0.29  -18.59     15.29
 2  5468  9977.44   0.09 -50.28    12.80    595 10062.08    0.30  -18.35     15.29
 4  5453 11984.60   0.25 -42.42    12.73    595 10347.73    0.45  -16.98     14.79
 8  5422 12558.96   0.29 -39.77    12.89    590 10112.52    0.29  -19.81     15.08
16  5375 13137.15   0.34 -37.33    12.82    583  9917.24    0.19  -25.76     15.44
32  5292 11587.31   0.22 -42.15    13.17    573  9449.35   -0.03  -30.26     15.71
64  5173 11472.98   0.21 -46.16    13.51    558  8383.26   -0.40  -39.36     16.67

=== G on P_emp 52:10, DKL = D_max_r ===
 IS : n=34359 x [0.0, 0.001, 0.004, 0.009, 0.038] loss [0.132, 0.123, 0.124, 0.112, 0.095] realized-minus-belief [0.059, 0.06, 0.062, 0.057, 0.063] EV [0.0134, 0.0117, 0.0112, 0.0109, 0.013]
 OOT: n=4283 x [0.0, 0.002, 0.005, 0.011, 0.045] loss [0.149, 0.138, 0.121, 0.098, 0.089] realized-minus-belief [0.066, 0.057, 0.049, 0.033, 0.04] EV [0.0139, 0.0121, 0.0113, 0.012, 0.013]
 -- fill 1.1 thr 0.01 --
 k  is_n   is_fin  is_sh  is_dd  is_loss  oot_n  oot_fin  oot_sh  oot_dd  oot_loss
 0  5485 25310.66   1.27 -14.71    12.73    596 12260.27    1.48  -13.46     15.10
 1  5475 25191.17   1.27 -15.03    12.75    596 12345.07    1.50  -12.76     15.10
 2  5471 24645.24   1.22 -15.07    12.78    596 12162.34    1.41  -12.53     15.27
 4  5460 25929.75   1.32 -12.81    12.78    595 12416.43    1.54  -12.32     14.96
 8  5430 26739.48   1.37 -12.70    12.84    592 12441.24    1.46  -14.51     15.03
16  5384 27485.62   1.40 -12.42    12.85    585 12163.39    1.26  -17.47     15.21
32  5308 26140.59   1.33 -11.83    13.13    576 11569.93    0.97  -20.91     15.45
64  5188 26034.34   1.35 -13.87    13.43    560 10188.27    0.32  -29.65     16.96
 -- fill 1.0 thr 0.01 --
 k  is_n   is_fin  is_sh  is_dd  is_loss  oot_n  oot_fin  oot_sh  oot_dd  oot_loss
 0  5485 10776.11   0.15 -49.25    12.73    596 10184.88    0.37  -17.84     15.10
 1  5475 10659.05   0.14 -49.78    12.75    596 10262.87    0.41  -18.43     15.10
 2  5471 10114.57   0.10 -50.56    12.78    596 10074.02    0.31  -18.19     15.27
 4  5460 11357.08   0.20 -43.71    12.78    595 10309.74    0.43  -18.00     14.96
 8  5430 12164.90   0.26 -40.97    12.84    592 10325.90    0.43  -18.71     15.03
16  5384 13005.35   0.33 -38.77    12.85    585 10058.96    0.26  -24.50     15.21
32  5308 11757.69   0.23 -42.04    13.13    576  9497.19    0.01  -29.82     15.45
64  5188 11895.83   0.24 -44.71    13.43    560  8145.73   -0.47  -42.09     16.96

##### G on P_real #####
 ref_gap (all) IS : n=32805 x [-0.035, -0.007, 0.009, 0.026, 0.065] loss [0.079, 0.119, 0.125, 0.122, 0.111] realized-minus-belief [0.037, 0.065, 0.071, 0.07, 0.072] EV [0.0236, 0.027, 0.0269, 0.0214, 0.0197]
 ref_gap (all) OOT: n=6612 x [-0.032, -0.005, 0.012, 0.031, 0.074] loss [0.086, 0.117, 0.136, 0.105, 0.08] realized-minus-belief [0.035, 0.062, 0.071, 0.044, 0.027] EV [0.0184, 0.0242, 0.0216, 0.0165, 0.0146]

=== G on P_real, DKL = D_max ===
 IS : n=20201 x [0.0, 0.001, 0.004, 0.01, 0.058] loss [0.137, 0.13, 0.125, 0.119, 0.086] realized-minus-belief [0.08, 0.073, 0.071, 0.073, 0.06] EV [0.031, 0.0248, 0.0214, 0.0202, 0.0167]
 OOT: n=4287 x [0.0, 0.002, 0.005, 0.013, 0.065] loss [0.149, 0.14, 0.103, 0.088, 0.07] realized-minus-belief [0.085, 0.073, 0.039, 0.034, 0.023] EV [0.0253, 0.0189, 0.0172, 0.0136, 0.0149]
 -- fill 1.1 thr 0.01 --
 k  is_n   is_fin  is_sh  is_dd  is_loss  oot_n  oot_fin  oot_sh  oot_dd  oot_loss
 0  4300 26478.40   1.23 -21.52    12.98    579 11867.20    1.08  -10.04     16.23
 1  4293 26449.04   1.22 -23.21    13.00    579 11875.34    1.08   -9.99     16.23
 2  4287 26736.77   1.25 -21.72    12.97    579 11797.91    1.02  -11.42     16.23
 4  4264 26310.56   1.22 -21.72    13.09    579 11768.50    0.99  -12.30     16.41
 8  4232 25937.62   1.21 -21.31    13.14    579 11776.39    0.99  -13.13     16.41
16  4192 24330.65   1.12 -22.36    13.29    578 11576.06    0.90  -14.89     16.61
32  4162 24575.61   1.16 -21.73    13.24    578 11415.07    0.82  -15.20     16.96
64  4102 24921.98   1.23 -18.50    13.19    576 10882.40    0.54  -14.73     17.19
 -- fill 1.0 thr 0.01 --
 k  is_n   is_fin  is_sh  is_dd  is_loss  oot_n  oot_fin  oot_sh  oot_dd  oot_loss
 0  4300 15963.79   0.52 -32.12    12.98    579 10099.32    0.15  -15.48     16.23
 1  4293 15923.46   0.52 -33.94    13.00    579 10106.72    0.15  -15.36     16.23
 2  4287 16214.89   0.54 -32.22    12.97    579 10018.14    0.11  -16.89     16.23
 4  4264 15820.75   0.52 -32.20    13.09    579  9985.97    0.10  -17.76     16.41
 8  4232 15488.14   0.50 -31.59    13.14    579  9993.06    0.11  -18.61     16.41
16  4192 13970.31   0.40 -32.65    13.29    578  9801.85    0.01  -20.52     16.61
32  4162 14262.50   0.42 -31.60    13.24    578  9640.86   -0.07  -20.94     16.96
64  4102 14685.34   0.47 -27.08    13.19    576  9137.73   -0.31  -21.64     17.19

=== G on P_real, DKL = D_max_r ===
 IS : n=20201 x [0.0, 0.001, 0.004, 0.009, 0.051] loss [0.137, 0.13, 0.124, 0.121, 0.086] realized-minus-belief [0.08, 0.073, 0.07, 0.074, 0.06] EV [0.0309, 0.0247, 0.0215, 0.0201, 0.017]
 OOT: n=4287 x [0.0, 0.002, 0.005, 0.012, 0.055] loss [0.15, 0.139, 0.098, 0.09, 0.072] realized-minus-belief [0.087, 0.072, 0.034, 0.037, 0.025] EV [0.0253, 0.0189, 0.0169, 0.0136, 0.0152]
 -- fill 1.1 thr 0.01 --
 k  is_n   is_fin  is_sh  is_dd  is_loss  oot_n  oot_fin  oot_sh  oot_dd  oot_loss
 0  4300 26478.40   1.23 -21.52    12.98    579 11867.20    1.08  -10.04     16.23
 1  4294 26354.15   1.21 -23.21    13.02    579 11868.44    1.08  -10.04     16.23
 2  4287 26792.13   1.25 -21.60    12.95    579 11763.06    1.00  -11.50     16.23
 4  4265 26369.04   1.23 -21.90    13.08    579 11716.28    0.96  -12.35     16.41
 8  4242 26085.58   1.21 -21.24    13.08    579 11847.68    1.02  -13.12     16.41
16  4204 24639.24   1.14 -21.90    13.25    578 11635.56    0.94  -14.87     16.44
32  4169 25034.60   1.19 -21.39    13.19    578 11357.97    0.79  -15.15     16.96
64  4108 24689.73   1.21 -18.50    13.22    577 10920.20    0.56  -14.73     17.16
 -- fill 1.0 thr 0.01 --
 k  is_n   is_fin  is_sh  is_dd  is_loss  oot_n  oot_fin  oot_sh  oot_dd  oot_loss
 0  4300 15963.79   0.52 -32.12    12.98    579 10099.32    0.15  -15.48     16.23
 1  4294 15829.59   0.51 -33.94    13.02    579 10100.44    0.15  -15.42     16.23
 2  4287 16271.86   0.55 -32.10    12.95    579  9986.45    0.10  -17.04     16.23
 4  4265 15876.32   0.52 -32.45    13.08    579  9934.33    0.08  -17.87     16.41
 8  4242 15621.23   0.50 -31.56    13.08    579 10060.69    0.14  -18.58     16.41
16  4204 14259.81   0.42 -32.16    13.25    578  9860.48    0.03  -20.47     16.44
32  4169 14711.95   0.45 -31.21    13.19    578  9584.69   -0.10  -20.90     16.96
64  4108 14452.39   0.45 -27.08    13.22    577  9172.09   -0.29  -21.64     17.16

CONTROL k=4   D_max thr .01: IS n=5453 $26,567 Sh 1.36 DD -12.7% | OOT n=595 Sh 1.56 DD -12.2%
        k=0   thr 0.011: IS n=5454 $25,066 Sh 1.26 DD -14.8% | OOT n=596 Sh 1.48 DD -13.5%

CONTROL k=8   D_max thr .01: IS n=5422 $27,130 Sh 1.40 DD -12.9% | OOT n=590 Sh 1.32 DD -14.8%
        k=0   thr 0.011: IS n=5423 $25,097 Sh 1.26 DD -14.2% | OOT n=596 Sh 1.48 DD -13.5%

CONTROL k=16  D_max thr .01: IS n=5375 $27,625 Sh 1.43 DD -12.3% | OOT n=583 Sh 1.21 DD -18.4%
        k=0   thr 0.012: IS n=5375 $25,142 Sh 1.26 DD -15.9% | OOT n=595 Sh 1.48 DD -13.2%
