
===== D_emp_iv: WITH threshold 0.05 (canon) =====
 k  is_n   is_fin  is_sh  is_dd  is_loss  oot_n  oot_fin  oot_sh  oot_dd  oot_loss
 0  3373 38042.30   2.21  -9.11    13.67    466 13431.20    2.36   -6.16     14.38
 2  2961 39940.80   2.38  -5.12    13.71    423 12832.70    2.07   -9.09     15.84
 4  2466 42609.00   2.59  -3.39    13.75    366 13693.10    2.80   -5.57     14.75
 6  2003 45435.20   2.88  -3.23    12.73    296 15155.80    4.31   -3.21     12.50
 8  1677 43634.90   2.80  -4.29    12.28    240 14767.90    4.38   -3.20     12.50
10  1451 44260.50   2.90  -3.39    11.37    209 14440.30    4.65   -2.29     12.92
12  1302 43887.60   2.89  -3.48    11.06    180 14272.80    4.54   -2.54     11.67
14  1202 43085.60   3.02  -1.82    10.65    164 13528.40    3.80   -2.68     12.80
16  1123 41465.80   3.06  -1.68    10.77    156 13736.80    4.22   -1.41     12.18
20   953 39963.80   3.02  -1.73     9.97    125 13764.40    4.21   -2.19     11.20
24   839 38041.20   3.10  -1.05     9.54    108 13518.00    4.46   -2.06     10.19
28   728 34831.60   3.00  -1.11     9.89     94 12973.60    4.20   -2.14     11.70
32   643 32376.10   2.93  -1.07     9.64     84 12872.40    4.62   -0.69     11.90
40   524 28518.00   2.75  -1.75     9.92     64 12604.60    4.19   -1.39     10.94

===== D_emp_iv: PURE RE-RANKING, thr=0 (always 5/day) =====
 k  is_n   is_fin  is_sh  is_dd  is_loss  oot_n  oot_fin  oot_sh  oot_dd  oot_loss
 0  5732 31042.90   1.52 -24.88    12.40    600 14860.30    3.52   -5.46     12.17
 2  5732 28095.20   1.32 -30.02    12.61    600 14760.90    3.29   -9.21     12.50
 4  5732 29946.50   1.42 -31.70    12.61    600 15034.50    3.17   -9.19     12.67
 6  5732 31578.40   1.54 -23.75    12.61    600 15618.50    3.48   -7.86     12.17
 8  5732 32300.60   1.57 -22.92    12.68    600 16213.70    4.18   -7.34     11.50
10  5732 34416.70   1.68 -17.44    12.46    600 17056.30    4.85   -6.31     10.83
12  5732 34618.10   1.59 -19.64    12.56    600 17594.00    5.44   -5.36     10.50
14  5732 32221.80   1.47 -25.84    12.74    600 18208.80    5.81   -4.66     10.33
16  5732 29926.30   1.36 -29.11    12.96    600 17734.40    5.54   -5.89     10.17
20  5732 27529.60   1.20 -33.78    13.24    600 16624.70    4.87   -6.98     10.00
24  5732 26529.10   1.16 -31.77    13.19    600 15854.80    4.40   -6.19     11.00
28  5732 23659.30   0.99 -39.61    13.15    600 15630.40    3.77  -10.18     11.50
32  5732 22377.20   0.90 -40.52    13.14    600 14924.30    3.41  -10.91     12.17
40  5732 19788.10   0.74 -44.31    13.33    600 14325.60    2.85  -10.89     12.33

===== D_emp_iv_S: WITH threshold 0.05 (canon) =====
 k  is_n   is_fin  is_sh  is_dd  is_loss  oot_n  oot_fin  oot_sh  oot_dd  oot_loss
 0  3373 38042.30   2.21  -9.11    13.67    466 13431.20    2.36   -6.16     14.38
 2  2967 39620.40   2.32  -6.45    13.75    423 12832.70    2.07   -9.09     15.84
 4  2479 42302.60   2.52  -4.79    13.84    366 13693.10    2.80   -5.57     14.75
 6  2018 45287.60   2.81  -3.97    12.83    296 15155.80    4.31   -3.21     12.50
 8  1698 43802.50   2.74  -5.69    12.37    240 14767.90    4.38   -3.20     12.50
10  1479 44808.50   2.82  -4.79    11.36    209 14440.30    4.65   -2.29     12.92
12  1339 44682.80   2.83  -4.88    10.98    180 14272.80    4.54   -2.54     11.67
14  1247 44115.20   2.96  -3.82    10.51    164 13528.40    3.80   -2.68     12.80
16  1172 42803.00   3.02  -3.82    10.58    156 13736.80    4.22   -1.41     12.18
20  1018 41815.30   3.00  -3.82     9.72    125 13764.40    4.21   -2.19     11.20
24   911 40089.10   3.17  -2.14     9.33    108 13518.00    4.46   -2.06     10.19
28   806 37151.90   3.14  -2.27     9.68     94 12973.60    4.20   -2.14     11.70
32   727 34935.20   3.05  -2.27     9.49     84 12872.40    4.62   -0.69     11.90
40   620 31823.80   2.96  -2.27     9.52     65 12674.60    4.19   -1.38     10.77

===== D_emp_iv_S: PURE RE-RANKING, thr=0 (always 5/day) =====
 k  is_n   is_fin  is_sh  is_dd  is_loss  oot_n  oot_fin  oot_sh  oot_dd  oot_loss
 0  5732 31042.90   1.52 -24.88    12.40    600 14860.30    3.52   -5.46     12.17
 2  5732 28221.20   1.32 -29.88    12.60    600 14760.90    3.29   -9.21     12.50
 4  5732 29851.30   1.40 -31.75    12.61    600 14918.10    3.13   -9.27     12.83
 6  5732 32079.20   1.56 -23.49    12.58    600 15572.30    3.47   -7.88     12.33
 8  5732 33031.80   1.60 -22.54    12.61    600 16090.90    4.13   -7.54     11.67
10  5732 35021.50   1.67 -17.41    12.40    600 16956.30    4.84   -6.35     11.00
12  5732 35614.20   1.61 -19.31    12.53    600 17494.00    5.44   -5.39     10.67
14  5732 33162.70   1.49 -25.13    12.67    600 18088.80    5.81   -4.69     10.50
16  5732 30641.30   1.38 -28.36    12.93    600 17614.40    5.54   -5.93     10.33
20  5732 28295.40   1.23 -33.41    13.24    600 16507.50    4.86   -7.03     10.17
24  5732 28151.40   1.22 -31.22    13.14    600 15929.60    4.60   -6.13     11.00
28  5732 25803.70   1.10 -37.18    13.12    600 15737.60    3.95  -10.08     11.50
32  5732 24991.80   1.05 -37.90    13.05    600 14878.30    3.42  -10.99     12.17
40  5732 22203.00   0.90 -41.37    13.26    600 14555.60    3.12   -9.58     12.00

===== D_emp_d: WITH threshold 0.05 (canon) =====
 k  is_n   is_fin  is_sh  is_dd  is_loss  oot_n  oot_fin  oot_sh  oot_dd  oot_loss
 0  3373 38042.30   2.21  -9.11    13.67    466 13431.20    2.36   -6.16     14.38
 2  2965 39760.00   2.36  -6.34    13.86    424 12799.70    2.07   -7.69     15.80
 4  2465 43385.70   2.61  -3.28    13.59    372 13480.30    2.63   -8.17     15.05
 6  2030 42852.00   2.70  -3.05    13.55    300 14753.20    3.67   -4.63     13.67
 8  1694 43155.30   2.80  -2.75    12.93    253 15094.80    4.54   -3.02     12.65
10  1471 43791.10   2.94  -3.25    11.76    211 14687.30    4.72   -2.47     12.32
12  1309 44156.30   3.10  -2.42    10.92    195 14229.70    4.43   -2.55     12.82
14  1198 43174.80   3.18  -1.68    10.68    169 14309.30    4.85   -1.21     11.24
16  1110 41435.90   3.15  -1.68    10.81    154 14023.60    4.69   -1.22     11.69
20   969 39822.20   2.99  -1.68     9.91    129 13465.20    4.27   -1.46     12.40
24   849 38505.80   3.02  -0.90     9.42    109 12961.20    3.76   -1.65     12.84
28   757 36021.70   3.05  -0.96     9.78     93 13402.80    4.36   -0.96      8.60
32   673 33786.10   3.04  -1.03     9.81     81 13066.40    4.10   -1.34      8.64
40   544 29433.80   2.89  -1.12     9.56     63 12655.00    4.34   -1.39      9.52

===== D_emp_d: PURE RE-RANKING, thr=0 (always 5/day) =====
 k  is_n   is_fin  is_sh  is_dd  is_loss  oot_n  oot_fin  oot_sh  oot_dd  oot_loss
 0  5732 31042.90   1.52 -24.88    12.40    600 14860.30    3.52   -5.46     12.17
 2  5732 29539.40   1.41 -27.62    12.61    600 14585.10    3.32   -7.04     12.50
 4  5732 30726.70   1.46 -29.99    12.56    600 15403.70    3.59   -8.77     12.17
 6  5732 29190.60   1.36 -31.15    12.89    600 15964.00    3.68   -7.21     12.17
 8  5732 29825.40   1.40 -28.43    12.82    600 16587.80    4.35   -5.94     12.00
10  5732 31583.10   1.52 -23.20    12.81    600 17624.10    5.30   -4.67     11.17
12  5732 34205.60   1.66 -19.56    12.70    600 17922.40    6.06   -4.70     10.50
14  5732 34545.50   1.63 -23.86    12.82    600 17736.90    5.91   -4.70     10.50
16  5732 33922.80   1.59 -25.98    12.93    600 17537.50    5.52   -6.70     10.33
20  5732 31754.10   1.44 -28.95    12.88    600 17628.80    5.59   -6.93     10.00
24  5732 29609.10   1.32 -31.16    13.03    600 16003.90    4.55   -8.72     11.00
28  5732 26363.50   1.13 -36.96    13.15    600 15263.20    3.76   -8.45     11.83
32  5732 27074.00   1.17 -38.74    12.89    600 15167.20    3.66   -9.03     11.83
40  5732 26774.20   1.14 -36.49    12.88    600 14962.90    3.63   -8.63     11.67

===== D_emp_iv on shrunk-G base (EV_post), thr 0.05 =====
 k  is_n   is_fin  is_sh  is_dd  is_loss  oot_n  oot_fin  oot_sh  oot_dd  oot_loss
 0  3312 40774.20   2.26  -6.21    14.58    481 14380.70    2.96   -8.62     14.35
 2  2824 42232.00   2.27  -8.85    14.77    418 14562.70    3.29   -4.92     15.07
 4  2297 46247.50   2.79  -3.24    13.89    344 14843.30    3.71   -4.39     14.24
 6  1902 47129.60   2.91  -3.93    12.83    282 15469.70    4.55   -3.90     12.77
 8  1613 45348.00   2.93  -3.82    11.97    225 15010.00    5.09   -2.20     12.89
10  1438 45499.60   3.11  -2.42    11.27    202 14628.80    4.76   -2.26     12.87
12  1312 44577.40   2.98  -2.42    10.90    175 14147.30    4.37   -2.56     12.57
14  1211 43291.20   3.09  -2.42    10.82    163 13681.30    3.88   -2.65     12.88
16  1122 41636.60   3.09  -1.68    10.78    151 14112.40    4.63   -1.31     11.92
20   972 40011.60   3.09  -1.68    10.29    122 13544.40    4.05   -2.23     12.30
24   848 38259.40   3.15  -1.09     9.79    105 13425.60    4.55   -2.07     10.48
28   755 35289.10   3.02  -1.21    10.33     93 12971.60    4.21   -2.14     11.83
32   676 32924.90   2.94  -1.16    10.21     85 12910.80    3.93   -2.15     11.76
40   547 28530.60   2.72  -1.64    10.42     67 12711.00    4.38   -1.38     10.45

--- IS: LOSS rate by D_emp_iv quintile WITHIN EV quintile ---
         D_q1    D_q2    D_q3    D_q4    D_q5
EV_q1  0.1172  0.1065  0.0836  0.0789  0.0920
EV_q2  0.1298  0.1046  0.1089  0.0869  0.0887
EV_q3  0.1312  0.1214  0.1042  0.0934  0.0785
EV_q4  0.1420  0.1284  0.0995  0.1079  0.0901
EV_q5  0.1303  0.1383  0.1326  0.1387  0.1252
--- IS: top-20/day by EV, by D_emp_iv quintile ---
D_emp_iv       0       1       2       3       4
loss      0.1161  0.1104  0.1126  0.1135  0.1168
ls_real   0.1548  0.1608  0.1686  0.1652  0.1680
ls_pred   0.1273  0.1103  0.0997  0.0892  0.0803
EV        0.0356  0.0355  0.0385  0.0558  0.0945
D         0.0123  0.0282  0.0437  0.0637  0.1225

--- OOT: LOSS rate by D_emp_iv quintile WITHIN EV quintile ---
         D_q1    D_q2    D_q3    D_q4    D_q5
EV_q1  0.0982  0.1162  0.1127  0.0880  0.1018
EV_q2  0.1263  0.0986  0.1444  0.1127  0.0947
EV_q3  0.1228  0.1056  0.1197  0.1303  0.0810
EV_q4  0.1053  0.1338  0.0775  0.0880  0.1053
EV_q5  0.1018  0.1373  0.1303  0.1268  0.2035
--- OOT: top-20/day by EV, by D_emp_iv quintile ---
D_emp_iv       0       1       2       3       4
loss      0.0875  0.1146  0.1208  0.1083  0.1667
ls_real   0.1260  0.1531  0.1635  0.1510  0.2125
ls_pred   0.1246  0.1065  0.0984  0.0888  0.0833
EV        0.0417  0.0375  0.0499  0.0624  0.1001
D         0.0118  0.0291  0.0457  0.0666  0.1228

--- IS: LOSS rate by D_emp_d quintile WITHIN EV quintile ---
         D_q1    D_q2    D_q3    D_q4    D_q5
EV_q1  0.1172  0.1000  0.0892  0.0841  0.0878
EV_q2  0.1312  0.1135  0.1014  0.0869  0.0859
EV_q3  0.1331  0.1200  0.1056  0.0892  0.0808
EV_q4  0.1448  0.1168  0.1178  0.1032  0.0855
EV_q5  0.1275  0.1364  0.1350  0.1401  0.1261
--- IS: top-20/day by EV, by D_emp_d quintile ---
D_emp_d       0       1       2       3       4
loss     0.1166  0.1095  0.1110  0.1157  0.1166
ls_real  0.1545  0.1603  0.1662  0.1669  0.1694
ls_pred  0.1281  0.1111  0.0996  0.0889  0.0791
EV       0.0391  0.0317  0.0459  0.0492  0.0940
D        0.0132  0.0291  0.0439  0.0632  0.1122

--- OOT: LOSS rate by D_emp_d quintile WITHIN EV quintile ---
         D_q1    D_q2    D_q3    D_q4    D_q5
EV_q1  0.1228  0.1021  0.1127  0.0775  0.1018
EV_q2  0.1368  0.0951  0.1479  0.1056  0.0912
EV_q3  0.1158  0.1162  0.1197  0.1127  0.0951
EV_q4  0.1158  0.1303  0.0704  0.0845  0.1088
EV_q5  0.1228  0.1303  0.1092  0.1303  0.2070
--- OOT: top-20/day by EV, by D_emp_d quintile ---
D_emp_d       0       1       2       3       4
loss     0.0875  0.1208  0.1000  0.1271  0.1625
ls_real  0.1250  0.1531  0.1438  0.1771  0.2073
ls_pred  0.1258  0.1062  0.0983  0.0890  0.0823
EV       0.0451  0.0408  0.0497  0.0813  0.0747
D        0.0126  0.0298  0.0454  0.0658  0.1118

===== D_emp_iv year-by-year (IS), thr 0.05 =====
k       0     8     12    16    24
year                              
2020  4.99  5.02  5.09  5.38  5.37
2021  2.34  3.76  3.98  4.37  4.28
2022 -0.00  2.35  2.99  3.11  2.91
2023 -0.01  3.15  4.19  4.60  4.82
2024  2.64  4.97  5.46  4.99  4.41
2025  2.63  3.20  4.09  3.94  4.48
k          0        8        12       16       24
year                                             
2020  23502.0  23475.0  23403.0  22234.0  20337.0
2021  13402.0  14562.0  14955.0  14960.0  14472.0
2022   9713.0  11903.0  11996.0  12044.0  11736.0
2023   9916.0  12049.0  12176.0  12168.0  12198.0
2024  16069.0  16809.0  16326.0  15427.0  15055.0
2025  15340.0  14797.0  15032.0  14632.0  14243.0
k      0    8    12   16   24
year                         
2020  693  497  413  368  289
2021  546  238  188  170  132
2022  415   91   61   54   38
2023  327   89   71   59   45
2024  631  325  250  214  161
2025  761  437  319  258  174

===== D_emp_iv fill stress (credit = f x mid) =====
 fill  k  is_n   is_fin  is_sh  is_dd  is_loss  oot_n  oot_fin  oot_sh  oot_dd  oot_loss
 0.90  0  3373 52632.92   2.77  -5.58    13.67    466 15673.73    3.75   -3.91     14.38
 0.90  8  1677 52752.40   2.95  -3.55    12.28    240 16141.95    5.25   -2.87     12.50
 0.90 12  1302 51576.00   2.97  -3.01    11.06    180 15380.03    5.28   -1.68     11.67
 0.90 16  1123 48239.10   3.13  -1.58    10.77    156 14714.53    4.88   -0.99     12.18
 0.90 24   839 43373.42   3.13  -0.92     9.54    108 14221.88    4.93   -1.35     10.19
 fill  k  is_n   is_fin  is_sh  is_dd  is_loss  oot_n  oot_fin  oot_sh  oot_dd  oot_loss
 0.80  0  3373 38042.30   2.21  -9.11    13.67    466 13431.20    2.36   -6.16     14.38
 0.80  8  1677 43634.90   2.80  -4.29    12.28    240 14767.90    4.38   -3.20     12.50
 0.80 12  1302 43887.60   2.89  -3.48    11.06    180 14272.80    4.54   -2.54     11.67
 0.80 16  1123 41465.80   3.06  -1.68    10.77    156 13736.80    4.22   -1.41     12.18
 0.80 24   839 38041.20   3.10  -1.05     9.54    108 13518.00    4.46   -2.06     10.19
 fill  k  is_n   is_fin  is_sh  is_dd  is_loss  oot_n  oot_fin  oot_sh  oot_dd  oot_loss
 0.70  0  3373 23445.10   1.29 -22.36    13.67    466 11187.30    0.97  -13.29     14.38
 0.70  8  1677 34512.85   2.52  -5.03    12.28    240 13392.48    3.31   -3.57     12.50
 0.70 12  1302 36195.15   2.73  -4.01    11.06    180 13165.58    3.60   -3.53     11.67
 0.70 16  1123 34688.45   2.91  -1.78    10.77    156 12759.08    3.38   -2.48     12.18
 0.70 24   839 32704.92   3.01  -1.22     9.54    108 12814.12    3.84   -2.83     10.19
 fill  k  is_n   is_fin  is_sh  is_dd  is_loss  oot_n  oot_fin  oot_sh  oot_dd  oot_loss
 0.60  0  3373  8834.20  -0.01 -53.61    13.67    466  8942.90   -0.38  -29.00     14.38
 0.60  8  1677 25385.45   1.98  -5.97    12.28    240 12016.55    2.07   -4.50     12.50
 0.60 12  1302 28498.65   2.40  -4.58    11.06    180 12058.35    2.46   -4.68     11.67
 0.60 16  1123 27907.05   2.60  -2.91    10.77    156 11781.35    2.35   -3.63     12.18
 0.60 24   839 27364.60   2.78  -1.42     9.54    108 12110.25    3.03   -3.68     10.19

k=0: direction mix {'bull_put': 0.531, 'bear_call': 0.469}, med d_sh 0.249, med b 0.326, med otm 2.71%, med IV 0.461, med D 0.0732, trades/day 3.35, days 1006

k=16: direction mix {'bull_put': 0.547, 'bear_call': 0.453}, med d_sh 0.226, med b 0.538, med otm 3.04%, med IV 0.514, med D 0.0307, trades/day 1.95, days 577
DONE 39s
